14:57:44 +0s {"t":1788350263980,"surface":"battle","level":1,"stage":1,"energy":9,"gold":80,"crystals":0,"gems":30,"tier":0,"highest":0,"pulls":3,"party":[100,100,100],"acts":["use:uncommon:weapon","discard:common","discard:common","enter L1"]}
14:57:50 +7s {"t":1788350270658,"surface":"battle","level":1,"stage":2,"energy":9,"gold":80,"crystals":0,"gems":30,"tier":0,"highest":0,"pulls":3,"party":[100,100,100],"acts":["battling L1 S2"]}
14:57:56 +13s {"t":1788350276368,"surface":"battle","level":1,"stage":3,"energy":9,"gold":80,"crystals":0,"gems":30,"tier":0,"highest":0,"pulls":3,"party":[99,100,100],"acts":["battling L1 S3"]}
14:58:02 +18s {"t":1788350282106,"surface":"battle","level":1,"stage":4,"energy":9,"gold":80,"crystals":0,"gems":30,"tier":0,"highest":0,"pulls":3,"party":[100,100,100],"acts":["battling L1 S4"]}
14:58:08 +24s {"t":1788350287943,"surface":"battle","level":1,"stage":4,"energy":9,"gold":80,"crystals":0,"gems":30,"tier":0,"highest":0,"pulls":3,"party":[97,100,100],"acts":["battling L1 S4"]}
14:58:13 +30s {"t":1788350293685,"surface":"battle","level":2,"stage":1,"energy":8,"gold":200,"crystals":13,"gems":50,"tier":0,"highest":1,"pulls":3,"party":[100,100,100],"acts":["win->next"]}
14:58:19 +35s {"t":1788350299555,"surface":"battle","level":2,"stage":2,"energy":8,"gold":200,"crystals":13,"gems":50,"tier":0,"highest":1,"pulls":3,"party":[100,100,100],"acts":["battling L2 S2"]}
14:58:25 +41s {"t":1788350305264,"surface":"battle","level":2,"stage":3,"energy":8,"gold":200,"crystals":13,"gems":50,"tier":0,"highest":1,"pulls":3,"party":[100,100,100],"acts":["battling L2 S3"]}
14:58:31 +47s {"t":1788350310965,"surface":"battle","level":2,"stage":3,"energy":8,"gold":200,"crystals":13,"gems":50,"tier":0,"highest":1,"pulls":3,"party":[100,100,100],"acts":["battling L2 S3"]}
14:58:37 +53s {"t":1788350316897,"surface":"battle","level":2,"stage":4,"energy":8,"gold":200,"crystals":13,"gems":50,"tier":0,"highest":1,"pulls":3,"party":[96,100,100],"acts":["battling L2 S4"]}
14:58:43 +59s {"t":1788350323150,"surface":"battle","level":3,"stage":1,"energy":7,"gold":273,"crystals":5,"gems":69,"tier":1,"highest":2,"pulls":5,"party":[100,100,100],"acts":["battling L3 S1"]}
14:58:49 +65s {"t":1788350328999,"surface":"battle","level":3,"stage":2,"energy":8,"gold":273,"crystals":5,"gems":69,"tier":1,"highest":2,"pulls":5,"party":[100,100,100],"acts":["battling L3 S2"]}
14:58:55 +72s {"t":1788350335522,"surface":"battle","level":3,"stage":3,"energy":8,"gold":273,"crystals":5,"gems":69,"tier":1,"highest":2,"pulls":5,"party":[100,100,100],"acts":["battling L3 S3"]}
14:59:01 +77s {"t":1788350341259,"surface":"battle","level":3,"stage":3,"energy":8,"gold":273,"crystals":5,"gems":69,"tier":1,"highest":2,"pulls":5,"party":[100,100,100],"acts":["battling L3 S3"]}
14:59:07 +83s {"t":1788350346995,"surface":"battle","level":3,"stage":4,"energy":8,"gold":273,"crystals":5,"gems":69,"tier":1,"highest":2,"pulls":5,"party":[98,100,100],"acts":["battling L3 S4"]}
14:59:12 +89s {"t":1788350352732,"surface":"battle","level":3,"stage":4,"energy":8,"gold":273,"crystals":5,"gems":69,"tier":1,"highest":2,"pulls":5,"party":[86,100,100],"acts":["battling L3 S4"]}
14:59:18 +94s {"t":1788350358559,"surface":"battle","level":4,"stage":1,"energy":7,"gold":182,"crystals":1,"gems":87,"tier":2,"highest":3,"pulls":7,"party":[93,100,100],"acts":["battling L4 S1"]}
14:59:24 +100s {"t":1788350364278,"surface":"battle","level":4,"stage":2,"energy":7,"gold":182,"crystals":1,"gems":87,"tier":2,"highest":3,"pulls":7,"party":[86,90,100],"acts":["battling L4 S2"]}
14:59:30 +106s {"t":1788350370738,"surface":"battle","level":4,"stage":3,"energy":7,"gold":182,"crystals":1,"gems":87,"tier":2,"highest":3,"pulls":7,"party":[64,80,100],"acts":["battling L4 S3"]}
14:59:36 +112s {"t":1788350376469,"surface":"battle","level":4,"stage":4,"energy":7,"gold":182,"crystals":1,"gems":87,"tier":2,"highest":3,"pulls":7,"party":[56,84,100],"acts":["battling L4 S4"]}
14:59:42 +118s {"t":1788350382308,"surface":"battle","level":4,"stage":4,"energy":7,"gold":182,"crystals":1,"gems":87,"tier":2,"highest":3,"pulls":7,"party":[40,67,100],"acts":["battling L4 S4"]}
14:59:48 +124s {"t":1788350388259,"surface":"battle","level":4,"stage":4,"energy":8,"gold":182,"crystals":1,"gems":87,"tier":2,"highest":3,"pulls":7,"party":[16,68,100],"acts":["battling L4 S4"]}
14:59:53 +130s {"t":1788350393868,"surface":"battle","level":5,"stage":1,"energy":7,"gold":525,"crystals":9,"gems":107,"tier":2,"highest":4,"pulls":8,"party":[93,100,100],"acts":["battling L5 S1"]}
14:59:59 +135s {"t":1788350399114,"surface":"battle","level":5,"stage":2,"energy":7,"gold":525,"crystals":9,"gems":107,"tier":2,"highest":4,"pulls":8,"party":[85,87,100],"acts":["battling L5 S2"]}
15:00:06 +142s {"t":1788350405673,"surface":"battle","level":5,"stage":3,"energy":7,"gold":525,"crystals":9,"gems":107,"tier":2,"highest":4,"pulls":8,"party":[74,87,100],"acts":["battling L5 S3"]}
15:00:11 +148s {"t":1788350411488,"surface":"battle","level":5,"stage":4,"energy":7,"gold":525,"crystals":9,"gems":107,"tier":2,"highest":4,"pulls":8,"party":[51,99,100],"acts":["battling L5 S4"]}
15:00:17 +153s {"t":1788350417341,"surface":"battle","level":5,"stage":4,"energy":7,"gold":525,"crystals":9,"gems":107,"tier":2,"highest":4,"pulls":8,"party":[14,100,100],"acts":["battling L5 S4"]}
15:00:24 +160s {"t":1788350423752,"surface":"battle","level":5,"stage":4,"energy":7,"gold":525,"crystals":9,"gems":107,"tier":2,"highest":4,"pulls":8,"party":[0,100,100],"acts":["battling L5 S4"]}
15:00:29 +166s {"t":1788350429460,"surface":"battle","level":5,"stage":4,"energy":7,"gold":525,"crystals":9,"gems":107,"tier":2,"highest":4,"pulls":8,"party":[0,35,100],"acts":["battling L5 S4"]}
15:00:35 +171s {"t":1788350435370,"surface":"battle","level":6,"stage":1,"energy":6,"gold":946,"crystals":29,"gems":127,"tier":2,"highest":5,"pulls":8,"party":[100,100,100],"acts":["win->next"]}
15:00:41 +177s {"t":1788350441291,"surface":"battle","level":6,"stage":1,"energy":6,"gold":946,"crystals":29,"gems":127,"tier":2,"highest":5,"pulls":8,"party":[80,100,100],"acts":["battling L6 S1"]}
15:00:46 +183s {"t":1788350447037,"surface":"battle","level":6,"stage":2,"energy":7,"gold":946,"crystals":29,"gems":127,"tier":2,"highest":5,"pulls":8,"party":[67,77,100],"acts":["battling L6 S2"]}
15:00:52 +188s {"t":1788350452245,"surface":"battle","level":6,"stage":3,"energy":7,"gold":946,"crystals":29,"gems":127,"tier":2,"highest":5,"pulls":8,"party":[58,87,100],"acts":["battling L6 S3"]}
15:00:58 +194s {"t":1788350457956,"surface":"battle","level":6,"stage":4,"energy":7,"gold":946,"crystals":29,"gems":127,"tier":2,"highest":5,"pulls":8,"party":[49,72,100],"acts":["battling L6 S4"]}
15:01:03 +200s {"t":1788350463674,"surface":"battle","level":6,"stage":4,"energy":7,"gold":946,"crystals":29,"gems":127,"tier":2,"highest":5,"pulls":8,"party":[0,0,100],"acts":["battling L6 S4"]}
15:01:09 +205s {"t":1788350469390,"surface":"battle","level":6,"stage":4,"energy":7,"gold":946,"crystals":29,"gems":127,"tier":2,"highest":5,"pulls":8,"party":[0,0,21],"acts":["battling L6 S4"]}
15:01:16 +212s {"t":1788350475856,"surface":"battle","level":6,"stage":1,"energy":6,"gold":1188,"crystals":33,"gems":127,"tier":2,"highest":5,"pulls":8,"party":[100,100,100],"acts":["fail->retry"]}
15:01:21 +218s {"t":1788350481305,"surface":"battle","level":6,"stage":1,"energy":6,"gold":1188,"crystals":33,"gems":127,"tier":2,"highest":5,"pulls":8,"party":[70,71,100],"acts":["battling L6 S1"]}
15:01:27 +223s {"t":1788350487031,"surface":"battle","level":6,"stage":2,"energy":6,"gold":1188,"crystals":33,"gems":127,"tier":2,"highest":5,"pulls":8,"party":[69,90,100],"acts":["battling L6 S2"]}
15:01:32 +229s {"t":1788350492731,"surface":"battle","level":6,"stage":3,"energy":6,"gold":1188,"crystals":33,"gems":127,"tier":2,"highest":5,"pulls":8,"party":[58,100,100],"acts":["battling L6 S3"]}
15:01:38 +234s {"t":1788350498443,"surface":"battle","level":6,"stage":4,"energy":6,"gold":1188,"crystals":33,"gems":127,"tier":2,"highest":5,"pulls":8,"party":[62,67,100],"acts":["battling L6 S4"]}
15:01:44 +240s {"t":1788350504141,"surface":"battle","level":6,"stage":4,"energy":6,"gold":1188,"crystals":33,"gems":127,"tier":2,"highest":5,"pulls":8,"party":[0,0,100],"acts":["battling L6 S4"]}
15:01:50 +246s {"t":1788350509849,"surface":"battle","level":6,"stage":4,"energy":7,"gold":1188,"crystals":33,"gems":127,"tier":2,"highest":5,"pulls":8,"party":[0,0,43],"acts":["battling L6 S4"]}
15:01:55 +252s {"t":1788350515567,"surface":"battle","level":6,"stage":1,"energy":6,"gold":1430,"crystals":35,"gems":127,"tier":2,"highest":5,"pulls":8,"party":[100,100,100],"acts":["fail->retry"]}
15:02:01 +257s {"t":1788350521390,"surface":"battle","level":6,"stage":1,"energy":6,"gold":1430,"crystals":35,"gems":127,"tier":2,"highest":5,"pulls":8,"party":[80,86,100],"acts":["battling L6 S1"]}
15:02:06 +263s {"t":1788350526513,"surface":"battle","level":6,"stage":2,"energy":6,"gold":1430,"crystals":35,"gems":127,"tier":2,"highest":5,"pulls":8,"party":[66,100,100],"acts":["battling L6 S2"]}
15:02:12 +269s {"t":1788350532342,"surface":"battle","level":6,"stage":3,"energy":6,"gold":1430,"crystals":35,"gems":127,"tier":2,"highest":5,"pulls":8,"party":[68,100,100],"acts":["battling L6 S3"]}
15:02:18 +274s {"t":1788350538056,"surface":"battle","level":6,"stage":4,"energy":6,"gold":1430,"crystals":35,"gems":127,"tier":2,"highest":5,"pulls":8,"party":[26,93,100],"acts":["battling L6 S4"]}
15:02:24 +280s {"t":1788350543877,"surface":"battle","level":6,"stage":4,"energy":6,"gold":1430,"crystals":35,"gems":127,"tier":2,"highest":5,"pulls":8,"party":[0,0,100],"acts":["battling L6 S4"]}
15:02:29 +286s {"t":1788350549649,"surface":"battle","level":6,"stage":4,"energy":6,"gold":1430,"crystals":35,"gems":127,"tier":2,"highest":5,"pulls":8,"party":[0,0,26],"acts":["battling L6 S4"]}
15:02:36 +291s {"t":1788350555688,"surface":"battle","level":6,"stage":1,"energy":5,"gold":1672,"crystals":37,"gems":127,"tier":2,"highest":5,"pulls":8,"party":[100,100,100],"acts":["fail->retry"]}
15:02:42 +298s {"t":1788350561732,"surface":"battle","level":6,"stage":1,"energy":5,"gold":1672,"crystals":37,"gems":127,"tier":2,"highest":5,"pulls":8,"party":[80,91,100],"acts":["battling L6 S1"]}
15:02:47 +304s {"t":1788350567666,"surface":"battle","level":6,"stage":2,"energy":6,"gold":1672,"crystals":37,"gems":127,"tier":2,"highest":5,"pulls":8,"party":[77,77,100],"acts":["battling L6 S2"]}
15:02:54 +310s {"t":1788350574429,"surface":"battle","level":6,"stage":3,"energy":6,"gold":1672,"crystals":37,"gems":127,"tier":2,"highest":5,"pulls":8,"party":[53,79,100],"acts":["battling L6 S3"]}
15:03:00 +316s {"t":1788350580464,"surface":"battle","level":6,"stage":4,"energy":6,"gold":1672,"crystals":37,"gems":127,"tier":2,"highest":5,"pulls":8,"party":[53,64,100],"acts":["battling L6 S4"]}
15:03:06 +322s {"t":1788350586185,"surface":"battle","level":6,"stage":4,"energy":6,"gold":1672,"crystals":37,"gems":127,"tier":2,"highest":5,"pulls":8,"party":[0,64,100],"acts":["battling L6 S4"]}
15:03:12 +328s {"t":1788350591918,"surface":"battle","level":6,"stage":4,"energy":6,"gold":1672,"crystals":37,"gems":127,"tier":2,"highest":5,"pulls":8,"party":[0,0,63],"acts":["battling L6 S4"]}
15:03:17 +334s {"t":1788350597621,"surface":"battle","level":6,"stage":1,"energy":5,"gold":1914,"crystals":42,"gems":127,"tier":2,"highest":5,"pulls":8,"party":[100,100,100],"acts":["fail->retry"]}
15:03:23 +339s {"t":1788350603329,"surface":"battle","level":6,"stage":1,"energy":5,"gold":1914,"crystals":42,"gems":127,"tier":2,"highest":5,"pulls":8,"party":[92,84,100],"acts":["battling L6 S1"]}
15:03:29 +345s {"t":1788350609042,"surface":"battle","level":6,"stage":2,"energy":5,"gold":1914,"crystals":42,"gems":127,"tier":2,"highest":5,"pulls":8,"party":[63,100,100],"acts":["battling L6 S2"]}
15:03:35 +352s {"t":1788350615522,"surface":"battle","level":6,"stage":3,"energy":5,"gold":1914,"crystals":42,"gems":127,"tier":2,"highest":5,"pulls":8,"party":[43,83,100],"acts":["battling L6 S3"]}
15:03:41 +357s {"t":1788350621248,"surface":"battle","level":6,"stage":4,"energy":5,"gold":1914,"crystals":42,"gems":127,"tier":2,"highest":5,"pulls":8,"party":[33,93,100],"acts":["battling L6 S4"]}
15:03:47 +363s {"t":1788350626968,"surface":"battle","level":6,"stage":4,"energy":6,"gold":1914,"crystals":42,"gems":127,"tier":2,"highest":5,"pulls":8,"party":[0,0,100],"acts":["battling L6 S4"]}
15:03:52 +369s {"t":1788350632680,"surface":"battle","level":6,"stage":4,"energy":6,"gold":1914,"crystals":42,"gems":127,"tier":2,"highest":5,"pulls":8,"party":[0,0,12],"acts":["battling L6 S4"]}
15:03:58 +374s {"t":1788350638400,"surface":"battle","level":6,"stage":1,"energy":5,"gold":2156,"crystals":49,"gems":127,"tier":2,"highest":5,"pulls":8,"party":[100,100,100],"acts":["fail->retry"]}
15:04:04 +380s {"t":1788350644133,"surface":"battle","level":6,"stage":1,"energy":5,"gold":2156,"crystals":49,"gems":127,"tier":2,"highest":5,"pulls":8,"party":[82,100,100],"acts":["battling L6 S1"]}
15:04:10 +386s {"t":1788350649850,"surface":"battle","level":6,"stage":2,"energy":5,"gold":2156,"crystals":49,"gems":127,"tier":2,"highest":5,"pulls":8,"party":[65,100,100],"acts":["battling L6 S2"]}
15:04:15 +392s {"t":1788350655700,"surface":"battle","level":6,"stage":3,"energy":5,"gold":2156,"crystals":49,"gems":127,"tier":2,"highest":5,"pulls":8,"party":[56,92,100],"acts":["battling L6 S3"]}
15:04:21 +397s {"t":1788350661678,"surface":"battle","level":6,"stage":4,"energy":5,"gold":2156,"crystals":49,"gems":127,"tier":2,"highest":5,"pulls":8,"party":[52,72,100],"acts":["battling L6 S4"]}
15:04:27 +403s {"t":1788350667489,"surface":"battle","level":6,"stage":4,"energy":5,"gold":2156,"crystals":49,"gems":127,"tier":2,"highest":5,"pulls":8,"party":[0,0,100],"acts":["battling L6 S4"]}
15:04:33 +409s {"t":1788350673333,"surface":"battle","level":6,"stage":4,"energy":5,"gold":2156,"crystals":49,"gems":127,"tier":2,"highest":5,"pulls":8,"party":[0,0,6],"acts":["battling L6 S4"]}
15:04:39 +415s {"t":1788350679277,"surface":"battle","level":6,"stage":1,"energy":4,"gold":2398,"crystals":50,"gems":127,"tier":2,"highest":5,"pulls":8,"party":[100,100,100],"acts":["fail->retry"]}
15:04:45 +422s {"t":1788350685720,"surface":"battle","level":6,"stage":2,"energy":5,"gold":2398,"crystals":50,"gems":127,"tier":2,"highest":5,"pulls":8,"party":[100,100,100],"acts":["battling L6 S2"]}
15:04:51 +427s {"t":1788350691545,"surface":"battle","level":6,"stage":2,"energy":5,"gold":2398,"crystals":50,"gems":127,"tier":2,"highest":5,"pulls":8,"party":[69,82,100],"acts":["battling L6 S2"]}
15:04:57 +434s {"t":1788350697250,"surface":"battle","level":6,"stage":3,"energy":5,"gold":2398,"crystals":50,"gems":127,"tier":2,"highest":5,"pulls":8,"party":[47,79,100],"acts":["battling L6 S3"]}
15:05:03 +439s {"t":1788350703011,"surface":"battle","level":6,"stage":4,"energy":5,"gold":2398,"crystals":50,"gems":127,"tier":2,"highest":5,"pulls":8,"party":[41,59,100],"acts":["battling L6 S4"]}
15:05:09 +445s {"t":1788350708985,"surface":"battle","level":6,"stage":4,"energy":5,"gold":2398,"crystals":50,"gems":127,"tier":2,"highest":5,"pulls":8,"party":[0,0,100],"acts":["battling L6 S4"]}
15:05:14 +451s {"t":1788350714756,"surface":"battle","level":6,"stage":4,"energy":5,"gold":2398,"crystals":50,"gems":127,"tier":2,"highest":5,"pulls":8,"party":[0,0,0],"acts":["battling L6 S4"]}
15:05:21 +456s {"t":1788350720665,"surface":"battle","level":6,"stage":1,"energy":4,"gold":2640,"crystals":54,"gems":127,"tier":2,"highest":5,"pulls":8,"party":[100,100,100],"acts":["fail->retry"]}
15:05:28 +464s {"t":1788350727803,"surface":"battle","level":6,"stage":2,"energy":4,"gold":2640,"crystals":54,"gems":127,"tier":2,"highest":5,"pulls":8,"party":[88,100,100],"acts":["battling L6 S2"]}
15:05:34 +470s {"t":1788350733869,"surface":"battle","level":6,"stage":2,"energy":4,"gold":2640,"crystals":54,"gems":127,"tier":2,"highest":5,"pulls":8,"party":[72,93,100],"acts":["battling L6 S2"]}
15:05:39 +476s {"t":1788350739698,"surface":"battle","level":6,"stage":3,"energy":4,"gold":2640,"crystals":54,"gems":127,"tier":2,"highest":5,"pulls":8,"party":[50,75,100],"acts":["battling L6 S3"]}
15:05:45 +481s {"t":1788350745434,"surface":"battle","level":6,"stage":4,"energy":5,"gold":2640,"crystals":54,"gems":127,"tier":2,"highest":5,"pulls":8,"party":[46,94,100],"acts":["battling L6 S4"]}
15:05:51 +487s {"t":1788350751180,"surface":"battle","level":6,"stage":4,"energy":5,"gold":2640,"crystals":54,"gems":127,"tier":2,"highest":5,"pulls":8,"party":[0,0,100],"acts":["battling L6 S4"]}
15:05:57 +494s {"t":1788350757626,"surface":"battle","level":6,"stage":4,"energy":5,"gold":2640,"crystals":54,"gems":127,"tier":2,"highest":5,"pulls":8,"party":[0,0,4],"acts":["battling L6 S4"]}
15:06:03 +499s {"t":1788350763401,"surface":"battle","level":6,"stage":1,"energy":4,"gold":2882,"crystals":60,"gems":127,"tier":2,"highest":5,"pulls":8,"party":[100,100,100],"acts":["fail->retry"]}
15:06:09 +505s {"t":1788350769199,"surface":"battle","level":6,"stage":1,"energy":4,"gold":2882,"crystals":60,"gems":127,"tier":2,"highest":5,"pulls":8,"party":[84,68,100],"acts":["battling L6 S1"]}
15:06:15 +511s {"t":1788350775061,"surface":"battle","level":6,"stage":2,"energy":4,"gold":2882,"crystals":60,"gems":127,"tier":2,"highest":5,"pulls":8,"party":[82,95,100],"acts":["battling L6 S2"]}
15:06:21 +517s {"t":1788350780801,"surface":"battle","level":6,"stage":3,"energy":4,"gold":2882,"crystals":60,"gems":127,"tier":2,"highest":5,"pulls":8,"party":[74,100,100],"acts":["battling L6 S3"]}
15:06:26 +523s {"t":1788350786495,"surface":"battle","level":6,"stage":4,"energy":4,"gold":2882,"crystals":60,"gems":127,"tier":2,"highest":5,"pulls":8,"party":[46,100,100],"acts":["battling L6 S4"]}
15:06:32 +528s {"t":1788350792190,"surface":"battle","level":6,"stage":4,"energy":4,"gold":2882,"crystals":60,"gems":127,"tier":2,"highest":5,"pulls":8,"party":[0,41,100],"acts":["battling L6 S4"]}
15:06:38 +534s {"t":1788350798057,"surface":"battle","level":6,"stage":4,"energy":4,"gold":2882,"crystals":60,"gems":127,"tier":2,"highest":5,"pulls":8,"party":[0,0,52],"acts":["battling L6 S4"]}
15:06:44 +540s {"t":1788350803812,"surface":"battle","level":6,"stage":1,"energy":3,"gold":3124,"crystals":63,"gems":127,"tier":2,"highest":5,"pulls":8,"party":[100,100,100],"acts":["fail->retry"]}
15:06:49 +546s {"t":1788350809748,"surface":"battle","level":6,"stage":2,"energy":4,"gold":3124,"crystals":63,"gems":127,"tier":2,"highest":5,"pulls":8,"party":[96,100,100],"acts":["battling L6 S2"]}
15:06:55 +551s {"t":1788350815577,"surface":"battle","level":6,"stage":2,"energy":4,"gold":3124,"crystals":63,"gems":127,"tier":2,"highest":5,"pulls":8,"party":[64,100,100],"acts":["battling L6 S2"]}
15:07:01 +558s {"t":1788350821519,"surface":"battle","level":6,"stage":3,"energy":4,"gold":3124,"crystals":63,"gems":127,"tier":2,"highest":5,"pulls":8,"party":[58,41,100],"acts":["battling L6 S3"]}
15:07:27 +584s {"t":1788350847621,"surface":"battle","level":6,"stage":1,"energy":3,"gold":3366,"crystals":67,"gems":127,"tier":2,"highest":5,"pulls":8,"party":[100,100,100],"acts":["fail->retry"]}
15:07:33 +589s {"t":1788350853577,"surface":"battle","level":6,"stage":1,"energy":3,"gold":3366,"crystals":67,"gems":127,"tier":2,"highest":5,"pulls":8,"party":[70,100,100],"acts":["battling L6 S1"]}
15:07:39 +595s {"t":1788350859406,"surface":"battle","level":6,"stage":2,"energy":3,"gold":3366,"crystals":67,"gems":127,"tier":2,"highest":5,"pulls":8,"party":[64,77,100],"acts":["battling L6 S2"]}
15:07:45 +601s {"t":1788350864637,"surface":"battle","level":6,"stage":3,"energy":3,"gold":3366,"crystals":67,"gems":127,"tier":2,"highest":5,"pulls":8,"party":[71,80,100],"acts":["battling L6 S3"]}
15:07:50 +607s {"t":1788350870345,"surface":"battle","level":6,"stage":3,"energy":4,"gold":3366,"crystals":67,"gems":127,"tier":2,"highest":5,"pulls":8,"party":[43,50,100],"acts":["battling L6 S3"]}
15:07:57 +613s {"t":1788350876922,"surface":"battle","level":6,"stage":4,"energy":4,"gold":3366,"crystals":67,"gems":127,"tier":2,"highest":5,"pulls":8,"party":[0,57,100],"acts":["battling L6 S4"]}
15:08:02 +619s {"t":1788350882722,"surface":"battle","level":6,"stage":4,"energy":4,"gold":3366,"crystals":67,"gems":127,"tier":2,"highest":5,"pulls":8,"party":[0,0,100],"acts":["battling L6 S4"]}
15:08:08 +624s {"t":1788350888490,"surface":"battle","level":6,"stage":4,"energy":4,"gold":3366,"crystals":67,"gems":127,"tier":2,"highest":5,"pulls":8,"party":[0,0,14],"acts":["battling L6 S4"]}
15:08:14 +630s {"t":1788350894227,"surface":"battle","level":6,"stage":1,"energy":3,"gold":3608,"crystals":72,"gems":127,"tier":2,"highest":5,"pulls":8,"party":[100,100,100],"acts":["fail->retry"]}
15:08:20 +636s {"t":1788350899941,"surface":"battle","level":6,"stage":1,"energy":3,"gold":3608,"crystals":72,"gems":127,"tier":2,"highest":5,"pulls":8,"party":[95,60,100],"acts":["battling L6 S1"]}
15:08:25 +642s {"t":1788350905723,"surface":"battle","level":6,"stage":2,"energy":3,"gold":3608,"crystals":72,"gems":127,"tier":2,"highest":5,"pulls":8,"party":[63,68,100],"acts":["battling L6 S2"]}
15:08:31 +647s {"t":1788350911517,"surface":"battle","level":6,"stage":3,"energy":3,"gold":3608,"crystals":72,"gems":127,"tier":2,"highest":5,"pulls":8,"party":[54,66,100],"acts":["battling L6 S3"]}
15:08:38 +654s {"t":1788350917986,"surface":"battle","level":6,"stage":4,"energy":3,"gold":3608,"crystals":72,"gems":127,"tier":2,"highest":5,"pulls":8,"party":[59,33,100],"acts":["battling L6 S4"]}
15:08:44 +660s {"t":1788350923820,"surface":"battle","level":6,"stage":4,"energy":3,"gold":3608,"crystals":72,"gems":127,"tier":2,"highest":5,"pulls":8,"party":[0,0,100],"acts":["battling L6 S4"]}
15:08:49 +666s {"t":1788350929549,"surface":"battle","level":6,"stage":4,"energy":4,"gold":3608,"crystals":72,"gems":127,"tier":2,"highest":5,"pulls":8,"party":[0,0,16],"acts":["battling L6 S4"]}
15:08:55 +671s {"t":1788350935283,"surface":"battle","level":6,"stage":1,"energy":3,"gold":3850,"crystals":77,"gems":127,"tier":2,"highest":5,"pulls":8,"party":[100,100,100],"acts":["fail->retry"]}
15:09:01 +677s {"t":1788350941009,"surface":"battle","level":6,"stage":1,"energy":3,"gold":3850,"crystals":77,"gems":127,"tier":2,"highest":5,"pulls":8,"party":[83,100,100],"acts":["battling L6 S1"]}
15:09:07 +683s {"t":1788350946743,"surface":"battle","level":6,"stage":2,"energy":3,"gold":3850,"crystals":77,"gems":127,"tier":2,"highest":5,"pulls":8,"party":[55,100,100],"acts":["battling L6 S2"]}
15:09:12 +689s {"t":1788350952509,"surface":"battle","level":6,"stage":3,"energy":3,"gold":3850,"crystals":77,"gems":127,"tier":2,"highest":5,"pulls":8,"party":[29,100,100],"acts":["battling L6 S3"]}
15:09:18 +694s {"t":1788350958334,"surface":"battle","level":6,"stage":4,"energy":3,"gold":3850,"crystals":77,"gems":127,"tier":2,"highest":5,"pulls":8,"party":[20,100,100],"acts":["battling L6 S4"]}
15:09:24 +700s {"t":1788350964173,"surface":"battle","level":6,"stage":4,"energy":3,"gold":3850,"crystals":77,"gems":127,"tier":2,"highest":5,"pulls":8,"party":[0,0,93],"acts":["battling L6 S4"]}
15:09:30 +706s {"t":1788350970106,"surface":"battle","level":6,"stage":1,"energy":2,"gold":4077,"crystals":82,"gems":127,"tier":2,"highest":5,"pulls":8,"party":[100,100,100],"acts":["fail->retry"]}
15:09:36 +712s {"t":1788350976153,"surface":"battle","level":6,"stage":1,"energy":2,"gold":4077,"crystals":82,"gems":127,"tier":2,"highest":5,"pulls":8,"party":[82,83,100],"acts":["battling L6 S1"]}
15:09:42 +718s {"t":1788350981864,"surface":"battle","level":6,"stage":2,"energy":2,"gold":4077,"crystals":82,"gems":127,"tier":2,"highest":5,"pulls":8,"party":[70,100,100],"acts":["battling L6 S2"]}
15:09:48 +724s {"t":1788350988337,"surface":"battle","level":6,"stage":3,"energy":3,"gold":4077,"crystals":82,"gems":127,"tier":2,"highest":5,"pulls":8,"party":[59,75,100],"acts":["battling L6 S3"]}
15:09:54 +730s {"t":1788350994047,"surface":"battle","level":6,"stage":4,"energy":3,"gold":4077,"crystals":82,"gems":127,"tier":2,"highest":5,"pulls":8,"party":[35,77,100],"acts":["battling L6 S4"]}
15:10:00 +736s {"t":1788350999804,"surface":"battle","level":6,"stage":4,"energy":3,"gold":4077,"crystals":82,"gems":127,"tier":2,"highest":5,"pulls":8,"party":[0,0,100],"acts":["battling L6 S4"]}
15:10:05 +742s {"t":1788351005512,"surface":"battle","level":6,"stage":4,"energy":3,"gold":4077,"crystals":82,"gems":127,"tier":2,"highest":5,"pulls":8,"party":[0,0,13],"acts":["battling L6 S4"]}
15:10:11 +747s {"t":1788351011214,"surface":"battle","level":6,"stage":1,"energy":2,"gold":4319,"crystals":86,"gems":127,"tier":2,"highest":5,"pulls":8,"party":[100,100,100],"acts":["fail->retry"]}
15:10:17 +753s {"t":1788351017112,"surface":"battle","level":6,"stage":1,"energy":2,"gold":4319,"crystals":86,"gems":127,"tier":2,"highest":5,"pulls":8,"party":[83,100,100],"acts":["battling L6 S1"]}
15:10:23 +759s {"t":1788351023144,"surface":"battle","level":6,"stage":2,"energy":2,"gold":4319,"crystals":86,"gems":127,"tier":2,"highest":5,"pulls":8,"party":[54,100,100],"acts":["battling L6 S2"]}
15:10:29 +766s {"t":1788351029706,"surface":"battle","level":6,"stage":3,"energy":2,"gold":4319,"crystals":86,"gems":127,"tier":2,"highest":5,"pulls":8,"party":[38,92,100],"acts":["battling L6 S3"]}
15:10:36 +772s {"t":1788351035696,"surface":"battle","level":6,"stage":4,"energy":2,"gold":4319,"crystals":86,"gems":127,"tier":2,"highest":5,"pulls":8,"party":[36,81,100],"acts":["battling L6 S4"]}
15:10:41 +778s {"t":1788351041686,"surface":"battle","level":6,"stage":4,"energy":2,"gold":4319,"crystals":86,"gems":127,"tier":2,"highest":5,"pulls":8,"party":[0,0,100],"acts":["battling L6 S4"]}
15:10:47 +783s {"t":1788351047423,"surface":"battle","level":6,"stage":4,"energy":3,"gold":4319,"crystals":86,"gems":127,"tier":2,"highest":5,"pulls":8,"party":[0,0,50],"acts":["battling L6 S4"]}
15:10:53 +789s {"t":1788351053249,"surface":"battle","level":6,"stage":1,"energy":2,"gold":4561,"crystals":92,"gems":127,"tier":2,"highest":5,"pulls":8,"party":[100,100,100],"acts":["fail->retry"]}
15:11:00 +796s {"t":1788351059909,"surface":"battle","level":6,"stage":2,"energy":2,"gold":4561,"crystals":92,"gems":127,"tier":2,"highest":5,"pulls":8,"party":[100,100,100],"acts":["battling L6 S2"]}
15:11:05 +802s {"t":1788351065656,"surface":"battle","level":6,"stage":2,"energy":2,"gold":4561,"crystals":92,"gems":127,"tier":2,"highest":5,"pulls":8,"party":[66,74,100],"acts":["battling L6 S2"]}
15:11:11 +807s {"t":1788351070781,"surface":"battle","level":6,"stage":3,"energy":2,"gold":4561,"crystals":92,"gems":127,"tier":2,"highest":5,"pulls":8,"party":[52,88,100],"acts":["battling L6 S3"]}
15:11:16 +813s {"t":1788351076701,"surface":"battle","level":6,"stage":4,"energy":2,"gold":4561,"crystals":92,"gems":127,"tier":2,"highest":5,"pulls":8,"party":[41,98,100],"acts":["battling L6 S4"]}
15:11:22 +818s {"t":1788351082403,"surface":"battle","level":6,"stage":4,"energy":2,"gold":4561,"crystals":92,"gems":127,"tier":2,"highest":5,"pulls":8,"party":[0,14,100],"acts":["battling L6 S4"]}
15:11:28 +824s {"t":1788351088106,"surface":"battle","level":6,"stage":4,"energy":2,"gold":4561,"crystals":92,"gems":127,"tier":2,"highest":5,"pulls":8,"party":[0,0,34],"acts":["battling L6 S4"]}
15:11:34 +830s {"t":1788351093812,"surface":"battle","level":6,"stage":1,"energy":1,"gold":4803,"crystals":100,"gems":127,"tier":2,"highest":5,"pulls":8,"party":[100,100,100],"acts":["fail->retry"]}
15:11:39 +836s {"t":1788351099526,"surface":"battle","level":6,"stage":1,"energy":1,"gold":4803,"crystals":100,"gems":127,"tier":2,"highest":5,"pulls":8,"party":[76,100,100],"acts":["battling L6 S1"]}
15:11:45 +841s {"t":1788351105250,"surface":"battle","level":6,"stage":2,"energy":2,"gold":4803,"crystals":100,"gems":127,"tier":2,"highest":5,"pulls":8,"party":[63,100,100],"acts":["battling L6 S2"]}
15:11:50 +847s {"t":1788351110977,"surface":"battle","level":6,"stage":3,"energy":2,"gold":4803,"crystals":100,"gems":127,"tier":2,"highest":5,"pulls":8,"party":[25,100,100],"acts":["battling L6 S3"]}
15:11:57 +852s {"t":1788351116697,"surface":"battle","level":6,"stage":4,"energy":2,"gold":4803,"crystals":100,"gems":127,"tier":2,"highest":5,"pulls":8,"party":[0,100,100],"acts":["battling L6 S4"]}
15:12:02 +859s {"t":1788351122403,"surface":"battle","level":6,"stage":4,"energy":2,"gold":4803,"crystals":100,"gems":127,"tier":2,"highest":5,"pulls":8,"party":[0,35,46],"acts":["battling L6 S4"]}
15:12:28 +885s {"t":1788351148753,"surface":"battle","level":6,"stage":1,"energy":1,"gold":5045,"crystals":109,"gems":127,"tier":2,"highest":5,"pulls":8,"party":[100,100,100],"acts":["fail->retry"]}
15:12:34 +890s {"t":1788351154467,"surface":"battle","level":6,"stage":1,"energy":1,"gold":5045,"crystals":109,"gems":127,"tier":2,"highest":5,"pulls":8,"party":[79,100,100],"acts":["battling L6 S1"]}
15:12:40 +896s {"t":1788351160193,"surface":"battle","level":6,"stage":2,"energy":1,"gold":5045,"crystals":109,"gems":127,"tier":2,"highest":5,"pulls":8,"party":[56,100,100],"acts":["battling L6 S2"]}
15:12:46 +902s {"t":1788351165900,"surface":"battle","level":6,"stage":3,"energy":2,"gold":5045,"crystals":109,"gems":127,"tier":2,"highest":5,"pulls":8,"party":[53,100,100],"acts":["battling L6 S3"]}
15:12:51 +908s {"t":1788351171621,"surface":"battle","level":6,"stage":4,"energy":2,"gold":5045,"crystals":109,"gems":127,"tier":2,"highest":5,"pulls":8,"party":[59,51,100],"acts":["battling L6 S4"]}
15:12:57 +913s {"t":1788351177356,"surface":"battle","level":6,"stage":4,"energy":2,"gold":5045,"crystals":109,"gems":127,"tier":2,"highest":5,"pulls":8,"party":[0,0,100],"acts":["battling L6 S4"]}
15:13:04 +920s {"t":1788351184528,"surface":"battle","level":6,"stage":4,"energy":2,"gold":5045,"crystals":109,"gems":127,"tier":2,"highest":5,"pulls":8,"party":[0,0,7],"acts":["battling L6 S4"]}
15:13:10 +927s {"t":1788351190276,"surface":"battle","level":6,"stage":1,"energy":1,"gold":5287,"crystals":112,"gems":127,"tier":2,"highest":5,"pulls":8,"party":[100,100,100],"acts":["fail->retry"]}
15:13:16 +932s {"t":1788351196011,"surface":"battle","level":6,"stage":1,"energy":1,"gold":5287,"crystals":112,"gems":127,"tier":2,"highest":5,"pulls":8,"party":[67,100,100],"acts":["battling L6 S1"]}
15:13:21 +938s {"t":1788351201751,"surface":"battle","level":6,"stage":2,"energy":1,"gold":5287,"crystals":112,"gems":127,"tier":2,"highest":5,"pulls":8,"party":[61,84,100],"acts":["battling L6 S2"]}
15:13:27 +943s {"t":1788351207470,"surface":"battle","level":6,"stage":3,"energy":1,"gold":5287,"crystals":112,"gems":127,"tier":2,"highest":5,"pulls":8,"party":[63,87,100],"acts":["battling L6 S3"]}
15:13:33 +949s {"t":1788351213192,"surface":"battle","level":6,"stage":3,"energy":1,"gold":5287,"crystals":112,"gems":127,"tier":2,"highest":5,"pulls":8,"party":[23,13,100],"acts":["battling L6 S3"]}
15:13:39 +956s {"t":1788351219651,"surface":"battle","level":6,"stage":4,"energy":1,"gold":5287,"crystals":112,"gems":127,"tier":2,"highest":5,"pulls":8,"party":[0,29,100],"acts":["battling L6 S4"]}
15:13:45 +961s {"t":1788351225400,"surface":"battle","level":6,"stage":4,"energy":2,"gold":5287,"crystals":112,"gems":127,"tier":2,"highest":5,"pulls":8,"party":[0,0,39],"acts":["battling L6 S4"]}
15:13:51 +967s {"t":1788351231146,"surface":"battle","level":6,"stage":1,"energy":1,"gold":5529,"crystals":116,"gems":127,"tier":2,"highest":5,"pulls":8,"party":[100,100,100],"acts":["fail->retry"]}
15:13:57 +973s {"t":1788351236897,"surface":"battle","level":6,"stage":1,"energy":1,"gold":5529,"crystals":116,"gems":127,"tier":2,"highest":5,"pulls":8,"party":[80,83,100],"acts":["battling L6 S1"]}
15:14:02 +979s {"t":1788351242634,"surface":"battle","level":6,"stage":2,"energy":1,"gold":5529,"crystals":116,"gems":127,"tier":2,"highest":5,"pulls":8,"party":[65,74,100],"acts":["battling L6 S2"]}
15:14:08 +984s {"t":1788351248358,"surface":"battle","level":6,"stage":3,"energy":1,"gold":5529,"crystals":116,"gems":127,"tier":2,"highest":5,"pulls":8,"party":[64,76,100],"acts":["battling L6 S3"]}
15:14:14 +990s {"t":1788351254078,"surface":"battle","level":6,"stage":4,"energy":1,"gold":5529,"crystals":116,"gems":127,"tier":2,"highest":5,"pulls":8,"party":[59,69,100],"acts":["battling L6 S4"]}
15:14:19 +996s {"t":1788351259829,"surface":"battle","level":6,"stage":4,"energy":1,"gold":5529,"crystals":116,"gems":127,"tier":2,"highest":5,"pulls":8,"party":[0,69,100],"acts":["battling L6 S4"]}
15:14:26 +1001s {"t":1788351265638,"surface":"battle","level":6,"stage":4,"energy":1,"gold":5529,"crystals":116,"gems":127,"tier":2,"highest":5,"pulls":8,"party":[0,0,89],"acts":["battling L6 S4"]}
15:14:31 +1008s {"t":1788351271480,"surface":"battle","level":6,"stage":4,"energy":1,"gold":5529,"crystals":116,"gems":127,"tier":2,"highest":5,"pulls":8,"party":[0,0,0],"acts":["battling L6 S4"]}
15:14:37 +1013s {"t":1788351277239,"surface":"battle","level":6,"stage":1,"energy":0,"gold":5771,"crystals":121,"gems":127,"tier":2,"highest":5,"pulls":8,"party":[100,100,100],"acts":["fail->retry"]}
15:14:43 +1019s {"t":1788351283070,"surface":"battle","level":6,"stage":2,"energy":0,"gold":5771,"crystals":121,"gems":127,"tier":2,"highest":5,"pulls":8,"party":[91,100,100],"acts":["battling L6 S2"]}
15:14:49 +1025s {"t":1788351289701,"surface":"battle","level":6,"stage":3,"energy":1,"gold":5771,"crystals":121,"gems":127,"tier":2,"highest":5,"pulls":8,"party":[84,100,100],"acts":["battling L6 S3"]}
15:14:55 +1032s {"t":1788351295413,"surface":"battle","level":6,"stage":3,"energy":1,"gold":5771,"crystals":121,"gems":127,"tier":2,"highest":5,"pulls":8,"party":[17,66,100],"acts":["battling L6 S3"]}
15:15:01 +1037s {"t":1788351301135,"surface":"battle","level":6,"stage":4,"energy":1,"gold":5771,"crystals":121,"gems":127,"tier":2,"highest":5,"pulls":8,"party":[15,77,100],"acts":["battling L6 S4"]}
15:15:07 +1043s {"t":1788351306914,"surface":"battle","level":6,"stage":4,"energy":1,"gold":5771,"crystals":121,"gems":127,"tier":2,"highest":5,"pulls":8,"party":[0,0,81],"acts":["battling L6 S4"]}
15:15:12 +1049s {"t":1788351312626,"surface":"battle","level":6,"stage":1,"energy":0,"gold":6013,"crystals":125,"gems":127,"tier":2,"highest":5,"pulls":8,"party":[100,100,100],"acts":["fail->retry"]}
15:15:18 +1054s {"t":1788351318349,"surface":"battle","level":6,"stage":1,"energy":0,"gold":6013,"crystals":125,"gems":127,"tier":2,"highest":5,"pulls":8,"party":[99,100,100],"acts":["battling L6 S1"]}
15:15:24 +1060s {"t":1788351324106,"surface":"battle","level":6,"stage":2,"energy":0,"gold":6013,"crystals":125,"gems":127,"tier":2,"highest":5,"pulls":8,"party":[61,85,100],"acts":["battling L6 S2"]}
15:15:30 +1066s {"t":1788351329817,"surface":"battle","level":6,"stage":3,"energy":0,"gold":6013,"crystals":125,"gems":127,"tier":2,"highest":5,"pulls":8,"party":[58,92,100],"acts":["battling L6 S3"]}
15:15:36 +1073s {"t":1788351336246,"surface":"battle","level":6,"stage":4,"energy":0,"gold":6013,"crystals":125,"gems":127,"tier":2,"highest":5,"pulls":8,"party":[65,68,100],"acts":["battling L6 S4"]}
15:15:42 +1078s {"t":1788351341991,"surface":"battle","level":6,"stage":4,"energy":0,"gold":6013,"crystals":125,"gems":127,"tier":2,"highest":5,"pulls":8,"party":[0,69,100],"acts":["battling L6 S4"]}
15:15:47 +1084s {"t":1788351347705,"surface":"battle","level":6,"stage":4,"energy":1,"gold":6013,"crystals":125,"gems":127,"tier":2,"highest":5,"pulls":8,"party":[0,0,100],"acts":["battling L6 S4"]}
15:15:53 +1089s {"t":1788351353490,"surface":"battle","level":6,"stage":4,"energy":1,"gold":6013,"crystals":125,"gems":127,"tier":2,"highest":5,"pulls":8,"party":[0,0,14],"acts":["battling L6 S4"]}
15:16:00 +1096s {"t":1788351359934,"surface":"battle","level":6,"stage":1,"energy":0,"gold":6255,"crystals":131,"gems":127,"tier":2,"highest":5,"pulls":8,"party":[100,100,100],"acts":["fail->retry"]}
15:16:06 +1102s {"t":1788351365679,"surface":"battle","level":6,"stage":1,"energy":0,"gold":6255,"crystals":131,"gems":127,"tier":2,"highest":5,"pulls":8,"party":[84,100,100],"acts":["battling L6 S1"]}
15:16:11 +1108s {"t":1788351371642,"surface":"battle","level":6,"stage":2,"energy":0,"gold":6255,"crystals":131,"gems":127,"tier":2,"highest":5,"pulls":8,"party":[74,100,100],"acts":["battling L6 S2"]}
15:16:17 +1113s {"t":1788351377369,"surface":"battle","level":6,"stage":3,"energy":0,"gold":6255,"crystals":131,"gems":127,"tier":2,"highest":5,"pulls":8,"party":[70,92,100],"acts":["battling L6 S3"]}
15:16:23 +1119s {"t":1788351383073,"surface":"battle","level":6,"stage":4,"energy":0,"gold":6255,"crystals":131,"gems":127,"tier":2,"highest":5,"pulls":8,"party":[66,59,100],"acts":["battling L6 S4"]}
15:16:29 +1125s {"t":1788351388829,"surface":"battle","level":6,"stage":4,"energy":0,"gold":6255,"crystals":131,"gems":127,"tier":2,"highest":5,"pulls":8,"party":[15,68,100],"acts":["battling L6 S4"]}
15:16:35 +1131s {"t":1788351394775,"surface":"battle","level":6,"stage":4,"energy":0,"gold":6255,"crystals":131,"gems":127,"tier":2,"highest":5,"pulls":8,"party":[0,61,100],"acts":["battling L6 S4"]}
15:16:40 +1137s {"t":1788351400507,"surface":"battle","level":6,"stage":4,"energy":0,"gold":6255,"crystals":131,"gems":127,"tier":2,"highest":5,"pulls":8,"party":[0,0,71],"acts":["battling L6 S4"]}
15:16:46 +1142s {"t":1788351406345,"surface":"battle","level":6,"stage":1,"energy":0,"gold":6497,"crystals":137,"gems":127,"tier":2,"highest":5,"pulls":8,"party":[100,100,100],"acts":["fail->retry"]}
15:16:51 +1148s {"t":1788351411596,"surface":"battle","level":6,"stage":1,"energy":0,"gold":6497,"crystals":137,"gems":127,"tier":2,"highest":5,"pulls":8,"party":[68,100,100],"acts":["battling L6 S1"]}
15:16:57 +1153s {"t":1788351417384,"surface":"battle","level":6,"stage":2,"energy":0,"gold":6497,"crystals":137,"gems":127,"tier":2,"highest":5,"pulls":8,"party":[66,88,100],"acts":["battling L6 S2"]}
15:17:03 +1159s {"t":1788351423120,"surface":"battle","level":6,"stage":3,"energy":0,"gold":6497,"crystals":137,"gems":127,"tier":2,"highest":5,"pulls":8,"party":[58,99,100],"acts":["battling L6 S3"]}
15:17:09 +1166s {"t":1788351429582,"surface":"battle","level":6,"stage":3,"energy":0,"gold":6497,"crystals":137,"gems":127,"tier":2,"highest":5,"pulls":8,"party":[0,52,100],"acts":["battling L6 S3"]}
15:17:15 +1171s {"t":1788351435431,"surface":"battle","level":6,"stage":4,"energy":0,"gold":6497,"crystals":137,"gems":127,"tier":2,"highest":5,"pulls":8,"party":[0,0,100],"acts":["battling L6 S4"]}
15:17:22 +1177s {"t":1788351441645,"surface":"menu","level":6,"stage":1,"energy":0,"gold":6189,"crystals":22,"gems":123,"tier":3,"highest":5,"pulls":20,"party":[100,100,100],"acts":["fail->retry","use:rare:weapon","use:rare:weapon","use:epic:armor","use:epic:weapon","discard:common","discard:common","discard:common","use:uncommon:armor","discard:uncommon","use:epic:weapon","discard:uncommon","discard:rare","upgrade","skip","ENERGY-WAIT"]}
15:17:27 +1184s {"t":1788351447582,"surface":"menu","level":6,"stage":1,"energy":0,"gold":4349,"crystals":2,"gems":117,"tier":4,"highest":5,"pulls":22,"party":[100,100,100],"acts":["use:legendary:weapon","discard:epic","upgrade","skip","ENERGY-WAIT"]}
15:17:33 +1189s {"t":1788351452939,"surface":"menu","level":6,"stage":1,"energy":0,"gold":4349,"crystals":2,"gems":117,"tier":4,"highest":5,"pulls":22,"party":[100,100,100],"acts":["ENERGY-WAIT"]}
15:17:38 +1195s {"t":1788351458794,"surface":"menu","level":6,"stage":1,"energy":0,"gold":4349,"crystals":2,"gems":117,"tier":4,"highest":5,"pulls":22,"party":[100,100,100],"acts":["ENERGY-WAIT"]}
15:17:44 +1200s {"t":1788351464023,"surface":"menu","level":6,"stage":1,"energy":0,"gold":4349,"crystals":2,"gems":117,"tier":4,"highest":5,"pulls":22,"party":[100,100,100],"acts":["ENERGY-WAIT"]}
15:17:50 +1206s {"t":1788351470061,"surface":"battle","level":6,"stage":1,"energy":0,"gold":4349,"crystals":2,"gems":117,"tier":4,"highest":5,"pulls":22,"party":[100,100,100],"acts":["enter L6"]}
15:17:56 +1212s {"t":1788351476209,"surface":"battle","level":6,"stage":2,"energy":0,"gold":4349,"crystals":2,"gems":117,"tier":4,"highest":5,"pulls":22,"party":[100,100,100],"acts":["battling L6 S2"]}
15:18:02 +1218s {"t":1788351481839,"surface":"battle","level":6,"stage":2,"energy":0,"gold":4349,"crystals":2,"gems":117,"tier":4,"highest":5,"pulls":22,"party":[100,70,100],"acts":["battling L6 S2"]}
15:18:08 +1225s {"t":1788351488629,"surface":"battle","level":6,"stage":3,"energy":0,"gold":4349,"crystals":2,"gems":117,"tier":4,"highest":5,"pulls":22,"party":[99,0,89],"acts":["battling L6 S3"]}
15:18:14 +1230s {"t":1788351494604,"surface":"battle","level":6,"stage":4,"energy":0,"gold":4349,"crystals":2,"gems":117,"tier":4,"highest":5,"pulls":22,"party":[100,0,97],"acts":["battling L6 S4"]}
15:18:21 +1237s {"t":1788351501044,"surface":"battle","level":6,"stage":4,"energy":0,"gold":4349,"crystals":2,"gems":117,"tier":4,"highest":5,"pulls":22,"party":[63,0,100],"acts":["battling L6 S4"]}
15:18:27 +1243s {"t":1788351506794,"surface":"battle","level":6,"stage":4,"energy":0,"gold":4349,"crystals":2,"gems":117,"tier":4,"highest":5,"pulls":22,"party":[37,0,100],"acts":["battling L6 S4"]}
15:18:32 +1249s {"t":1788351512528,"surface":"battle","level":6,"stage":4,"energy":0,"gold":4349,"crystals":2,"gems":117,"tier":4,"highest":5,"pulls":22,"party":[7,0,100],"acts":["battling L6 S4"]}
15:18:38 +1254s {"t":1788351518366,"surface":"battle","level":6,"stage":4,"energy":0,"gold":4349,"crystals":2,"gems":117,"tier":4,"highest":5,"pulls":22,"party":[0,0,64],"acts":["battling L6 S4"]}
15:18:44 +1260s {"t":1788351524168,"surface":"battle","level":6,"stage":4,"energy":0,"gold":4349,"crystals":2,"gems":117,"tier":4,"highest":5,"pulls":22,"party":[0,0,0],"acts":["battling L6 S4"]}
15:18:50 +1266s {"t":1788351529938,"surface":"battle","level":6,"stage":1,"energy":0,"gold":4591,"crystals":8,"gems":117,"tier":4,"highest":5,"pulls":22,"party":[100,100,100],"acts":["fail->retry"]}
15:18:55 +1272s {"t":1788351535696,"surface":"battle","level":6,"stage":1,"energy":0,"gold":4591,"crystals":8,"gems":117,"tier":4,"highest":5,"pulls":22,"party":[100,86,89],"acts":["battling L6 S1"]}
15:19:01 +1277s {"t":1788351541401,"surface":"battle","level":6,"stage":2,"energy":0,"gold":4591,"crystals":8,"gems":117,"tier":4,"highest":5,"pulls":22,"party":[100,100,85],"acts":["battling L6 S2"]}
15:19:07 +1283s {"t":1788351547346,"surface":"battle","level":6,"stage":3,"energy":0,"gold":4591,"crystals":8,"gems":117,"tier":4,"highest":5,"pulls":22,"party":[91,33,100],"acts":["battling L6 S3"]}
15:19:13 +1289s {"t":1788351553154,"surface":"battle","level":6,"stage":4,"energy":0,"gold":4591,"crystals":8,"gems":117,"tier":4,"highest":5,"pulls":22,"party":[100,62,93],"acts":["battling L6 S4"]}
15:19:19 +1295s {"t":1788351558867,"surface":"battle","level":6,"stage":4,"energy":0,"gold":4591,"crystals":8,"gems":117,"tier":4,"highest":5,"pulls":22,"party":[66,77,77],"acts":["battling L6 S4"]}
15:19:25 +1301s {"t":1788351564962,"surface":"battle","level":6,"stage":4,"energy":0,"gold":4591,"crystals":8,"gems":117,"tier":4,"highest":5,"pulls":22,"party":[40,78,82],"acts":["battling L6 S4"]}
15:19:31 +1307s {"t":1788351571497,"surface":"battle","level":6,"stage":4,"energy":0,"gold":4591,"crystals":8,"gems":117,"tier":4,"highest":5,"pulls":22,"party":[6,79,87],"acts":["battling L6 S4"]}
15:19:37 +1313s {"t":1788351577252,"surface":"menu","level":6,"stage":1,"energy":0,"gold":195,"crystals":5,"gems":129,"tier":5,"highest":6,"pulls":24,"party":[100,100,100],"acts":["win->next","discard:rare","use:legendary:weapon","upgrade","skip","ENERGY-WAIT"]}
15:19:43 +1319s {"t":1788351583106,"surface":"menu","level":6,"stage":1,"energy":0,"gold":195,"crystals":5,"gems":129,"tier":5,"highest":6,"pulls":24,"party":[100,100,100],"acts":["ENERGY-WAIT"]}
15:19:49 +1325s {"t":1788351589027,"surface":"battle","level":7,"stage":1,"energy":0,"gold":195,"crystals":5,"gems":129,"tier":5,"highest":6,"pulls":24,"party":[100,100,100],"acts":["enter L7"]}
15:19:54 +1331s {"t":1788351594339,"surface":"battle","level":7,"stage":1,"energy":0,"gold":195,"crystals":5,"gems":129,"tier":5,"highest":6,"pulls":24,"party":[100,95,100],"acts":["battling L7 S1"]}
15:20:00 +1336s {"t":1788351600084,"surface":"battle","level":7,"stage":1,"energy":0,"gold":195,"crystals":5,"gems":129,"tier":5,"highest":6,"pulls":24,"party":[100,95,95],"acts":["battling L7 S1"]}
15:20:05 +1342s {"t":1788351605788,"surface":"battle","level":7,"stage":2,"energy":0,"gold":195,"crystals":5,"gems":129,"tier":5,"highest":6,"pulls":24,"party":[100,83,96],"acts":["battling L7 S2"]}
15:20:11 +1347s {"t":1788351611501,"surface":"battle","level":7,"stage":2,"energy":0,"gold":195,"crystals":5,"gems":129,"tier":5,"highest":6,"pulls":24,"party":[100,80,92],"acts":["battling L7 S2"]}
15:20:17 +1353s {"t":1788351617226,"surface":"battle","level":7,"stage":3,"energy":0,"gold":195,"crystals":5,"gems":129,"tier":5,"highest":6,"pulls":24,"party":[100,94,91],"acts":["battling L7 S3"]}
15:20:23 +1359s {"t":1788351623005,"surface":"battle","level":7,"stage":3,"energy":0,"gold":195,"crystals":5,"gems":129,"tier":5,"highest":6,"pulls":24,"party":[100,78,84],"acts":["battling L7 S3"]}
15:20:28 +1365s {"t":1788351628760,"surface":"battle","level":7,"stage":4,"energy":0,"gold":195,"crystals":5,"gems":129,"tier":5,"highest":6,"pulls":24,"party":[100,100,100],"acts":["battling L7 S4"]}
15:20:34 +1370s {"t":1788351634579,"surface":"battle","level":7,"stage":4,"energy":0,"gold":195,"crystals":5,"gems":129,"tier":5,"highest":6,"pulls":24,"party":[100,100,95],"acts":["battling L7 S4"]}
15:20:41 +1378s {"t":1788351641762,"surface":"battle","level":7,"stage":4,"energy":0,"gold":195,"crystals":5,"gems":129,"tier":5,"highest":6,"pulls":24,"party":[97,100,96],"acts":["battling L7 S4"]}
15:20:47 +1384s {"t":1788351647491,"surface":"battle","level":7,"stage":4,"energy":1,"gold":195,"crystals":5,"gems":129,"tier":5,"highest":6,"pulls":24,"party":[90,100,100],"acts":["battling L7 S4"]}
15:20:53 +1389s {"t":1788351653230,"surface":"battle","level":7,"stage":4,"energy":1,"gold":195,"crystals":5,"gems":129,"tier":5,"highest":6,"pulls":24,"party":[88,100,100],"acts":["battling L7 S4"]}
15:20:59 +1395s {"t":1788351658936,"surface":"battle","level":7,"stage":4,"energy":1,"gold":195,"crystals":5,"gems":129,"tier":5,"highest":6,"pulls":24,"party":[87,100,100],"acts":["battling L7 S4"]}
15:21:04 +1401s {"t":1788351664783,"surface":"battle","level":7,"stage":4,"energy":1,"gold":195,"crystals":5,"gems":129,"tier":5,"highest":6,"pulls":24,"party":[95,100,100],"acts":["battling L7 S4"]}
15:21:10 +1406s {"t":1788351670524,"surface":"battle","level":8,"stage":1,"energy":0,"gold":1070,"crystals":26,"gems":149,"tier":5,"highest":7,"pulls":24,"party":[100,100,100],"acts":["win->next"]}
15:21:17 +1413s {"t":1788351676678,"surface":"battle","level":8,"stage":1,"energy":0,"gold":1070,"crystals":26,"gems":149,"tier":5,"highest":7,"pulls":24,"party":[100,74,100],"acts":["battling L8 S1"]}
15:21:22 +1419s {"t":1788351682388,"surface":"battle","level":8,"stage":2,"energy":0,"gold":1070,"crystals":26,"gems":149,"tier":5,"highest":7,"pulls":24,"party":[100,95,100],"acts":["battling L8 S2"]}
15:21:28 +1424s {"t":1788351688134,"surface":"battle","level":8,"stage":2,"energy":0,"gold":1070,"crystals":26,"gems":149,"tier":5,"highest":7,"pulls":24,"party":[100,90,92],"acts":["battling L8 S2"]}
15:21:33 +1430s {"t":1788351693849,"surface":"battle","level":8,"stage":2,"energy":0,"gold":1070,"crystals":26,"gems":149,"tier":5,"highest":7,"pulls":24,"party":[100,84,91],"acts":["battling L8 S2"]}
15:21:40 +1435s {"t":1788351699605,"surface":"battle","level":8,"stage":3,"energy":0,"gold":1070,"crystals":26,"gems":149,"tier":5,"highest":7,"pulls":24,"party":[100,89,95],"acts":["battling L8 S3"]}
15:21:45 +1442s {"t":1788351705459,"surface":"battle","level":8,"stage":3,"energy":1,"gold":1070,"crystals":26,"gems":149,"tier":5,"highest":7,"pulls":24,"party":[98,54,85],"acts":["battling L8 S3"]}
15:22:11 +1468s {"t":1788351731533,"surface":"battle","level":8,"stage":4,"energy":1,"gold":1070,"crystals":26,"gems":149,"tier":5,"highest":7,"pulls":24,"party":[78,64,100],"acts":["battling L8 S4"]}
15:22:17 +1473s {"t":1788351737306,"surface":"battle","level":8,"stage":4,"energy":1,"gold":1070,"crystals":26,"gems":149,"tier":5,"highest":7,"pulls":24,"party":[62,71,100],"acts":["battling L8 S4"]}
15:22:23 +1479s {"t":1788351743138,"surface":"battle","level":8,"stage":4,"energy":1,"gold":1070,"crystals":26,"gems":149,"tier":5,"highest":7,"pulls":24,"party":[57,72,100],"acts":["battling L8 S4"]}
15:22:29 +1485s {"t":1788351748937,"surface":"battle","level":8,"stage":4,"energy":1,"gold":1070,"crystals":26,"gems":149,"tier":5,"highest":7,"pulls":24,"party":[52,73,100],"acts":["battling L8 S4"]}
15:22:35 +1491s {"t":1788351754690,"surface":"battle","level":8,"stage":4,"energy":1,"gold":1070,"crystals":26,"gems":149,"tier":5,"highest":7,"pulls":24,"party":[47,73,100],"acts":["battling L8 S4"]}
15:22:40 +1497s {"t":1788351760443,"surface":"battle","level":8,"stage":4,"energy":1,"gold":1070,"crystals":26,"gems":149,"tier":5,"highest":7,"pulls":24,"party":[42,74,100],"acts":["battling L8 S4"]}
15:22:46 +1502s {"t":1788351766150,"surface":"battle","level":8,"stage":4,"energy":2,"gold":1070,"crystals":26,"gems":149,"tier":5,"highest":7,"pulls":24,"party":[38,75,100],"acts":["battling L8 S4"]}
15:22:51 +1508s {"t":1788351771910,"surface":"battle","level":8,"stage":4,"energy":2,"gold":1070,"crystals":26,"gems":149,"tier":5,"highest":7,"pulls":24,"party":[43,76,100],"acts":["battling L8 S4"]}
15:22:58 +1514s {"t":1788351777614,"surface":"battle","level":9,"stage":1,"energy":1,"gold":2201,"crystals":47,"gems":169,"tier":5,"highest":8,"pulls":24,"party":[100,100,100],"acts":["win->next"]}
15:23:03 +1520s {"t":1788351783378,"surface":"battle","level":9,"stage":1,"energy":1,"gold":2201,"crystals":47,"gems":169,"tier":5,"highest":8,"pulls":24,"party":[100,92,95],"acts":["battling L9 S1"]}
15:23:10 +1526s {"t":1788351789797,"surface":"battle","level":9,"stage":1,"energy":1,"gold":2201,"crystals":47,"gems":169,"tier":5,"highest":8,"pulls":24,"party":[100,91,91],"acts":["battling L9 S1"]}
15:23:15 +1532s {"t":1788351795509,"surface":"battle","level":9,"stage":2,"energy":1,"gold":2201,"crystals":47,"gems":169,"tier":5,"highest":8,"pulls":24,"party":[100,91,100],"acts":["battling L9 S2"]}
15:23:42 +1558s {"t":1788351821953,"surface":"battle","level":9,"stage":3,"energy":1,"gold":2201,"crystals":47,"gems":169,"tier":5,"highest":8,"pulls":24,"party":[95,12,64],"acts":["battling L9 S3"]}
15:23:48 +1564s {"t":1788351827824,"surface":"battle","level":9,"stage":3,"energy":2,"gold":2201,"crystals":47,"gems":169,"tier":5,"highest":8,"pulls":24,"party":[89,23,41],"acts":["battling L9 S3"]}
15:23:53 +1570s {"t":1788351833650,"surface":"battle","level":9,"stage":4,"energy":2,"gold":2201,"crystals":47,"gems":169,"tier":5,"highest":8,"pulls":24,"party":[100,56,60],"acts":["battling L9 S4"]}
15:23:59 +1575s {"t":1788351839367,"surface":"battle","level":9,"stage":4,"energy":2,"gold":2201,"crystals":47,"gems":169,"tier":5,"highest":8,"pulls":24,"party":[100,57,40],"acts":["battling L9 S4"]}
15:24:05 +1581s {"t":1788351845151,"surface":"battle","level":9,"stage":4,"energy":2,"gold":2201,"crystals":47,"gems":169,"tier":5,"highest":8,"pulls":24,"party":[94,57,49],"acts":["battling L9 S4"]}
15:24:11 +1587s {"t":1788351850947,"surface":"battle","level":9,"stage":4,"energy":2,"gold":2201,"crystals":47,"gems":169,"tier":5,"highest":8,"pulls":24,"party":[72,72,65],"acts":["battling L9 S4"]}
15:24:17 +1593s {"t":1788351856802,"surface":"battle","level":9,"stage":4,"energy":2,"gold":2201,"crystals":47,"gems":169,"tier":5,"highest":8,"pulls":24,"party":[62,73,81],"acts":["battling L9 S4"]}
15:24:22 +1599s {"t":1788351862546,"surface":"battle","level":9,"stage":4,"energy":2,"gold":2201,"crystals":47,"gems":169,"tier":5,"highest":8,"pulls":24,"party":[53,74,85],"acts":["battling L9 S4"]}
15:24:28 +1604s {"t":1788351868396,"surface":"battle","level":9,"stage":4,"energy":2,"gold":2201,"crystals":47,"gems":169,"tier":5,"highest":8,"pulls":24,"party":[43,75,90],"acts":["battling L9 S4"]}
15:24:34 +1610s {"t":1788351874100,"surface":"battle","level":9,"stage":4,"energy":2,"gold":2201,"crystals":47,"gems":169,"tier":5,"highest":8,"pulls":24,"party":[40,76,94],"acts":["battling L9 S4"]}
15:24:40 +1616s {"t":1788351879857,"surface":"battle","level":9,"stage":4,"energy":2,"gold":2201,"crystals":47,"gems":169,"tier":5,"highest":8,"pulls":24,"party":[40,77,99],"acts":["battling L9 S4"]}
15:24:45 +1622s {"t":1788351885597,"surface":"battle","level":9,"stage":4,"energy":3,"gold":2201,"crystals":47,"gems":169,"tier":5,"highest":8,"pulls":24,"party":[37,78,100],"acts":["battling L9 S4"]}
15:25:12 +1648s {"t":1788351912147,"surface":"battle","level":10,"stage":1,"energy":2,"gold":3946,"crystals":7,"gems":189,"tier":5,"highest":9,"pulls":30,"party":[100,100,100],"acts":["use:astral:armor","use:mythic:armor","discard:rare","discard:uncommon","discard:legendary","use:immortal:armor","enter L10"]}
15:25:18 +1654s {"t":1788351917980,"surface":"battle","level":10,"stage":1,"energy":2,"gold":3946,"crystals":7,"gems":189,"tier":5,"highest":9,"pulls":30,"party":[98,82,87],"acts":["battling L10 S1"]}
15:25:23 +1660s {"t":1788351923875,"surface":"battle","level":10,"stage":1,"energy":2,"gold":3946,"crystals":7,"gems":189,"tier":5,"highest":9,"pulls":30,"party":[100,73,75],"acts":["battling L10 S1"]}
15:25:29 +1666s {"t":1788351929097,"surface":"battle","level":10,"stage":2,"energy":2,"gold":3946,"crystals":7,"gems":189,"tier":5,"highest":9,"pulls":30,"party":[100,100,100],"acts":["battling L10 S2"]}
15:25:35 +1671s {"t":1788351934905,"surface":"battle","level":10,"stage":2,"energy":2,"gold":3946,"crystals":7,"gems":189,"tier":5,"highest":9,"pulls":30,"party":[92,0,100],"acts":["battling L10 S2"]}
15:25:41 +1678s {"t":1788351941346,"surface":"battle","level":10,"stage":3,"energy":2,"gold":3946,"crystals":7,"gems":189,"tier":5,"highest":9,"pulls":30,"party":[100,0,98],"acts":["battling L10 S3"]}
15:25:47 +1683s {"t":1788351947039,"surface":"battle","level":10,"stage":3,"energy":3,"gold":3946,"crystals":7,"gems":189,"tier":5,"highest":9,"pulls":30,"party":[100,0,97],"acts":["battling L10 S3"]}
15:25:52 +1689s {"t":1788351952747,"surface":"battle","level":10,"stage":3,"energy":3,"gold":3946,"crystals":7,"gems":189,"tier":5,"highest":9,"pulls":30,"party":[99,0,93],"acts":["battling L10 S3"]}
15:25:58 +1694s {"t":1788351958454,"surface":"battle","level":10,"stage":3,"energy":3,"gold":3946,"crystals":7,"gems":189,"tier":5,"highest":9,"pulls":30,"party":[100,0,96],"acts":["battling L10 S3"]}
15:26:04 +1700s {"t":1788351964163,"surface":"battle","level":10,"stage":4,"energy":3,"gold":3946,"crystals":7,"gems":189,"tier":5,"highest":9,"pulls":30,"party":[100,0,100],"acts":["battling L10 S4"]}
15:26:10 +1706s {"t":1788351969872,"surface":"battle","level":10,"stage":4,"energy":3,"gold":3946,"crystals":7,"gems":189,"tier":5,"highest":9,"pulls":30,"party":[97,0,95],"acts":["battling L10 S4"]}
15:26:15 +1712s {"t":1788351975578,"surface":"battle","level":10,"stage":4,"energy":3,"gold":3946,"crystals":7,"gems":189,"tier":5,"highest":9,"pulls":30,"party":[92,0,75],"acts":["battling L10 S4"]}
15:26:42 +1738s {"t":1788352002007,"surface":"battle","level":10,"stage":4,"energy":3,"gold":3946,"crystals":7,"gems":189,"tier":5,"highest":9,"pulls":30,"party":[73,0,60],"acts":["battling L10 S4"]}
15:26:48 +1744s {"t":1788352007733,"surface":"battle","level":10,"stage":4,"energy":4,"gold":3946,"crystals":7,"gems":189,"tier":5,"highest":9,"pulls":30,"party":[69,0,71],"acts":["battling L10 S4"]}
15:26:53 +1750s {"t":1788352013440,"surface":"battle","level":10,"stage":4,"energy":4,"gold":3946,"crystals":7,"gems":189,"tier":5,"highest":9,"pulls":30,"party":[67,0,70],"acts":["battling L10 S4"]}
15:26:59 +1755s {"t":1788352019172,"surface":"battle","level":10,"stage":4,"energy":4,"gold":3946,"crystals":7,"gems":189,"tier":5,"highest":9,"pulls":30,"party":[65,0,62],"acts":["battling L10 S4"]}
15:27:05 +1761s {"t":1788352024953,"surface":"battle","level":10,"stage":4,"energy":4,"gold":3946,"crystals":7,"gems":189,"tier":5,"highest":9,"pulls":30,"party":[57,0,73],"acts":["battling L10 S4"]}
15:27:11 +1767s {"t":1788352030673,"surface":"battle","level":10,"stage":4,"energy":4,"gold":3946,"crystals":7,"gems":189,"tier":5,"highest":9,"pulls":30,"party":[61,0,58],"acts":["battling L10 S4"]}
15:27:16 +1773s {"t":1788352036409,"surface":"battle","level":10,"stage":4,"energy":4,"gold":3946,"crystals":7,"gems":189,"tier":5,"highest":9,"pulls":30,"party":[55,0,51],"acts":["battling L10 S4"]}
15:27:22 +1778s {"t":1788352042357,"surface":"battle","level":10,"stage":4,"energy":4,"gold":3946,"crystals":7,"gems":189,"tier":5,"highest":9,"pulls":30,"party":[50,0,51],"acts":["battling L10 S4"]}
15:27:28 +1784s {"t":1788352048061,"surface":"battle","level":10,"stage":4,"energy":4,"gold":3946,"crystals":7,"gems":189,"tier":5,"highest":9,"pulls":30,"party":[49,0,48],"acts":["battling L10 S4"]}
15:27:33 +1790s {"t":1788352053768,"surface":"battle","level":10,"stage":4,"energy":4,"gold":3946,"crystals":7,"gems":189,"tier":5,"highest":9,"pulls":30,"party":[44,0,47],"acts":["battling L10 S4"]}
15:27:40 +1795s {"t":1788352059560,"surface":"battle","level":10,"stage":4,"energy":4,"gold":3946,"crystals":7,"gems":189,"tier":5,"highest":9,"pulls":30,"party":[40,0,40],"acts":["battling L10 S4"]}
SOAK_DONE 15:27:45 steps=287
