Sep  8 15:57:56.884497 VerifyDeviceRunner-Runner(Foundation)[3870] <Notice>: [ad-closer] 2026-09-08T12:57:56Z launched com.baseardahan.hiddenobj; babysitting for 330s
Sep  8 16:02:20.130245 VerifyDeviceRunner-Runner(Foundation)[3883] <Notice>: [ad-closer] 2026-09-08T13:02:20Z launched com.baseardahan.hiddenobj; babysitting for 360s
Sep  8 16:08:29.949526 VerifyDeviceRunner-Runner(Foundation)[3883] <Notice>: [ad-closer] 2026-09-08T13:08:29Z done: closes=0 ticks=17 lastDriveSeq=0
Sep  8 16:10:30.853536 VerifyDeviceRunner-Runner(Foundation)[3942] <Notice>: [ad-closer] 2026-09-08T13:10:30Z launched com.baseardahan.hiddenobj; babysitting for 380s
Sep  8 16:17:00.319016 VerifyDeviceRunner-Runner(Foundation)[3942] <Notice>: [ad-closer] 2026-09-08T13:17:00Z done: closes=0 ticks=18 lastDriveSeq=0
Sep  8 16:18:03.214183 VerifyDeviceRunner-Runner(Foundation)[4065] <Notice>: [ad-closer] 2026-09-08T13:18:03Z launched com.baseardahan.hiddenobj; babysitting for 380s
Sep  8 16:18:11.742524 VerifyDeviceRunner-Runner(Foundation)[4065] <Notice>: [ad-closer] 2026-09-08T13:18:11Z drive#1 2026-09-08T13:18:06.778Z start {"build":"0.0.0+485450fe52-dirty","adsEnabled":false,"noAds":true,"levelIndex":1,"wallet":{"coins":45,"hints":3,"hasNoAdsEntitlement":true,"hasPremiumEntitlement":false,"rewardProgressCount":1,"processedPurchaseIds":[],"activeCompletionTransaction":null,"counters":{"coinsGranted":45,"coinsSpent":0,"hintsGranted":0,"hintsSpent":0,"levelCompleteCoinGrants":1,"rewardedHintGrants":0}},"remoteConfig":{"state":"ready","lastFetchStatus":"success","fetchTimeMillis":1788872255205,"interstitialEveryNLevels":[3,"remote"],"interstitialMinIntervalS":[120,"remote"],"interstitialMinLevel":[0,"remote"],"levelEndClaimX2Enabled":[true,"remote"],"hintRwEnabled":[true,"remote"]}}
Sep  8 16:18:14.997364 VerifyDeviceRunner-Runner(Foundation)[4065] <Notice>: [ad-closer] 2026-09-08T13:18:14Z drive#2 2026-09-08T13:18:12.779Z goto GameScene (completion 1)
Sep  8 16:18:26.522117 VerifyDeviceRunner-Runner(Foundation)[4065] <Notice>: [ad-closer] 2026-09-08T13:18:26Z drive#3 2026-09-08T13:18:25.544Z winLevel -> true
Sep  8 16:18:29.265054 VerifyDeviceRunner-Runner(Foundation)[4065] <Notice>: [ad-closer] 2026-09-08T13:18:29Z drive#4 2026-09-08T13:18:28.035Z tap claim
Sep  8 16:18:58.483225 VerifyDeviceRunner-Runner(Foundation)[4065] <Notice>: [ad-closer] 2026-09-08T13:18:58Z drive#5 2026-09-08T13:18:58.095Z wait timeout: next enabled
Sep  8 16:19:01.072093 VerifyDeviceRunner-Runner(Foundation)[4065] <Notice>: [ad-closer] 2026-09-08T13:19:01Z drive#6 2026-09-08T13:18:59.115Z tap Next (completion 1; interstitial gate eligible on every 3rd)
Sep  8 16:21:01.575966 VerifyDeviceRunner-Runner(Foundation)[4065] <Notice>: [ad-closer] 2026-09-08T13:21:01Z drive#8 2026-09-08T13:21:01.337Z goto GameScene (completion 2)
Sep  8 16:21:22.858762 VerifyDeviceRunner-Runner(Foundation)[4065] <Notice>: [ad-closer] 2026-09-08T13:21:22Z drive#10 2026-09-08T13:21:19.247Z tap claim
Sep  8 16:23:53.206074 VerifyDeviceRunner-Runner(Foundation)[4065] <Notice>: [ad-closer] 2026-09-08T13:23:53Z drive#14 2026-09-08T13:23:52.701Z goto GameScene (completion 3)
Sep  8 16:24:05.343090 VerifyDeviceRunner-Runner(Foundation)[4065] <Notice>: [ad-closer] 2026-09-08T13:24:05Z drive#15 2026-09-08T13:24:05.090Z winLevel -> true
Sep  8 16:24:08.795205 VerifyDeviceRunner-Runner(Foundation)[4065] <Notice>: [ad-closer] 2026-09-08T13:24:08Z drive#16 2026-09-08T13:24:07.906Z tap claim
Sep  8 16:24:32.392820 VerifyDeviceRunner-Runner(Foundation)[4065] <Notice>: [ad-closer] 2026-09-08T13:24:32Z done: closes=0 ticks=18 lastDriveSeq=16
Sep  8 16:26:55.870455 VerifyDeviceRunner-Runner(Foundation)[4164] <Notice>: [ad-closer] 2026-09-08T13:26:55Z launched com.baseardahan.hiddenobj; babysitting for 400s
Sep  8 16:27:04.275293 VerifyDeviceRunner-Runner(Foundation)[4164] <Notice>: [ad-closer] 2026-09-08T13:27:04Z drive#6 2026-09-08T13:27:03.382Z event:tick {"name":"ad_lifecycle","params":{"game":"find_the_dog","environment":"production","platform":"ios","build":"0.0.0+7214730547-dirty","app_version":"0.0.0","ad_type":"rewarded","placement":"rewarded","stage":"loaded","load_id":"rewarded-0-2"}}
Sep  8 16:27:07.308676 VerifyDeviceRunner-Runner(Foundation)[4164] <Notice>: [ad-closer] 2026-09-08T13:27:07Z drive#7 2026-09-08T13:27:04.570Z goto GameScene (completion 1)
Sep  8 16:27:17.546054 VerifyDeviceRunner-Runner(Foundation)[4164] <Notice>: [ad-closer] 2026-09-08T13:27:17Z drive#8 2026-09-08T13:27:17.379Z winLevel -> true
Sep  8 16:27:20.169396 VerifyDeviceRunner-Runner(Foundation)[4164] <Notice>: [ad-closer] 2026-09-08T13:27:20Z drive#9 2026-09-08T13:27:19.660Z tap claim attempt 1 {"claim":{"disabled":false,"hidden":false,"rects":1},"claimX2":null,"next":{"disabled":true,"rects":1},"rewardClasses":"fab-complete-reward-zone","overlays":1}
Sep  8 16:27:41.275659 VerifyDeviceRunner-Runner(Foundation)[4164] <Notice>: [ad-closer] 2026-09-08T13:27:41Z drive#12 2026-09-08T13:27:39.705Z tap claim attempt 2 {"claim":{"disabled":false,"hidden":false,"rects":1},"claimX2":null,"next":{"disabled":true,"rects":1},"rewardClasses":"fab-complete-reward-zone","overlays":1}
Sep  8 16:27:44.309877 VerifyDeviceRunner-Runner(Foundation)[4164] <Notice>: [ad-closer] 2026-09-08T13:27:44Z drive#13 2026-09-08T13:27:42.072Z tap Next (completion 1; interstitial gate eligible on every 3rd)
Sep  8 16:27:51.535338 VerifyDeviceRunner-Runner(Foundation)[4164] <Notice>: [ad-closer] 2026-09-08T13:27:50Z drive#14 2026-09-08T13:27:44.952Z goto GameScene (completion 2)
Sep  8 16:28:05.957794 VerifyDeviceRunner-Runner(Foundation)[4164] <Notice>: [ad-closer] 2026-09-08T13:28:05Z drive#15 2026-09-08T13:28:04.464Z winLevel -> true
Sep  8 16:28:24.093073 VerifyDeviceRunner-Runner(Foundation)[4164] <Notice>: [ad-closer] 2026-09-08T13:28:23Z drive#18 2026-09-08T13:28:19.906Z goto GameScene (completion 3)
Sep  8 16:28:48.432140 VerifyDeviceRunner-Runner(Foundation)[4164] <Notice>: [ad-closer] 2026-09-08T13:28:47Z drive#4 2026-09-08T13:28:46.714Z event:tick {"name":"ad_lifecycle","params":{"game":"find_the_dog","environment":"production","platform":"ios","build":"0.0.0+7214730547-dirty","app_version":"0.0.0","ad_type":"rewarded","placement":"rewarded","stage":"load_requested","load_id":"rewarded-0-2"}}
Sep  8 16:29:03.602411 VerifyDeviceRunner-Runner(Foundation)[4164] <Notice>: [ad-closer] 2026-09-08T13:29:03Z drive#6 2026-09-08T13:28:56.830Z event:tick {"name":"ad_lifecycle","params":{"game":"find_the_dog","environment":"production","platform":"ios","build":"0.0.0+7214730547-dirty","app_version":"0.0.0","ad_type":"interstitial","placement":"between_levels","stage":"loaded","load_id":"interstitial-0-1"}}
Sep  8 16:29:17.577395 VerifyDeviceRunner-Runner(Foundation)[4164] <Notice>: [ad-closer] 2026-09-08T13:29:17Z drive#7 2026-09-08T13:29:15.080Z winLevel -> true
Sep  8 16:29:21.434136 VerifyDeviceRunner-Runner(Foundation)[4164] <Notice>: [ad-closer] 2026-09-08T13:29:21Z drive#8 2026-09-08T13:29:18.115Z tap claim attempt 1 {"claim":{"disabled":false,"hidden":false,"rects":1},"claimX2":null,"next":{"disabled":true,"rects":1},"rewardClasses":"fab-complete-reward-zone","overlays":1}
Sep  8 16:29:39.170758 VerifyDeviceRunner-Runner(Foundation)[4164] <Notice>: [ad-closer] 2026-09-08T13:29:39Z drive#11 2026-09-08T13:29:38.257Z tap claim attempt 2 {"claim":{"disabled":false,"hidden":false,"rects":1},"claimX2":null,"next":{"disabled":true,"rects":1},"rewardClasses":"fab-complete-reward-zone","overlays":1}
Sep  8 16:29:42.552315 VerifyDeviceRunner-Runner(Foundation)[4164] <Notice>: [ad-closer] 2026-09-08T13:29:42Z drive#12 2026-09-08T13:29:40.800Z tap Next (completion 1; interstitial gate eligible on every 3rd)
Sep  8 16:29:52.626209 VerifyDeviceRunner-Runner(Foundation)[4164] <Notice>: [ad-closer] 2026-09-08T13:29:52Z drive#2 2026-09-08T13:29:49.024Z temporarily lifted No-Ads entitlement for the drive {"adsEnabled":true,"noAds":true}
Sep  8 16:29:58.053282 VerifyDeviceRunner-Runner(Foundation)[4164] <Notice>: [ad-closer] 2026-09-08T13:29:58Z drive#7 2026-09-08T13:29:55.148Z goto GameScene (completion 1)
Sep  8 16:30:00.911039 VerifyDeviceRunner-Runner(Foundation)[4164] <Notice>: [ad-closer] 2026-09-08T13:30:00Z drive#11 2026-09-08T13:29:59.027Z event:tick {"name":"ad_shown","params":{"game":"find_the_dog","environment":"production","platform":"ios","build":"0.0.0+7214730547-dirty","app_version":"0.0.0","ad_type":"banner","placement":"gameplay"}}
Sep  8 16:30:11.096906 VerifyDeviceRunner-Runner(Foundation)[4164] <Notice>: [ad-closer] 2026-09-08T13:30:11Z drive#12 2026-09-08T13:30:09.369Z winLevel -> true
Sep  8 16:30:14.185904 VerifyDeviceRunner-Runner(Foundation)[4164] <Notice>: [ad-closer] 2026-09-08T13:30:14Z drive#14 2026-09-08T13:30:11.968Z tap claim attempt 1 {"claim":{"disabled":false,"hidden":false,"rects":1},"claimX2":null,"next":{"disabled":true,"rects":1},"rewardClasses":"fab-complete-reward-zone","overlays":1}
Sep  8 16:30:33.295490 VerifyDeviceRunner-Runner(Foundation)[4164] <Notice>: [ad-closer] 2026-09-08T13:30:33Z drive#17 2026-09-08T13:30:32.204Z tap claim attempt 2 {"claim":{"disabled":false,"hidden":false,"rects":1},"claimX2":null,"next":{"disabled":true,"rects":1},"rewardClasses":"fab-complete-reward-zone","overlays":1}
Sep  8 16:30:35.988104 VerifyDeviceRunner-Runner(Foundation)[4164] <Notice>: [ad-closer] 2026-09-08T13:30:35Z drive#18 2026-09-08T13:30:34.477Z tap Next (completion 1; interstitial gate eligible on every 3rd)
Sep  8 16:32:36.261600 VerifyDeviceRunner-Runner(Foundation)[4164] <Notice>: [ad-closer] 2026-09-08T13:32:36Z drive#19 2026-09-08T13:32:34.629Z wait timeout: next level started
Sep  8 16:32:40.500598 VerifyDeviceRunner-Runner(Foundation)[4164] <Notice>: [ad-closer] 2026-09-08T13:32:40Z drive#21 2026-09-08T13:32:39.649Z event:tick {"name":"ad_lifecycle","params":{"game":"find_the_dog","environment":"production","platform":"ios","build":"0.0.0+7214730547-dirty","app_version":"0.0.0","ad_type":"banner","placement":"gameplay","stage":"load_requested","load_id":"banner-0-4"}}
Sep  8 16:32:44.879823 VerifyDeviceRunner-Runner(Foundation)[4164] <Notice>: [ad-closer] 2026-09-08T13:32:44Z drive#24 2026-09-08T13:32:44.653Z event:tick {"name":"ad_shown","params":{"game":"find_the_dog","environment":"production","platform":"ios","build":"0.0.0+7214730547-dirty","app_version":"0.0.0","ad_type":"banner","placement":"gameplay"}}
Sep  8 16:32:52.906741 VerifyDeviceRunner-Runner(Foundation)[4164] <Notice>: [ad-closer] 2026-09-08T13:32:52Z drive#25 2026-09-08T13:32:51.174Z winLevel -> true
Sep  8 16:32:55.590123 VerifyDeviceRunner-Runner(Foundation)[4164] <Notice>: [ad-closer] 2026-09-08T13:32:55Z drive#27 2026-09-08T13:32:54.040Z tap claim attempt 1 {"claim":{"disabled":false,"hidden":false,"rects":1},"claimX2":null,"next":{"disabled":true,"rects":1},"rewardClasses":"fab-complete-reward-zone","overlays":1}
Sep  8 16:33:14.599374 VerifyDeviceRunner-Runner(Foundation)[4164] <Notice>: [ad-closer] 2026-09-08T13:33:14Z drive#30 2026-09-08T13:33:14.295Z tap claim attempt 2 {"claim":{"disabled":false,"hidden":false,"rects":1},"claimX2":null,"next":{"disabled":true,"rects":1},"rewardClasses":"fab-complete-reward-zone","overlays":1}
Sep  8 16:33:17.304704 VerifyDeviceRunner-Runner(Foundation)[4164] <Notice>: [ad-closer] 2026-09-08T13:33:17Z drive#31 2026-09-08T13:33:16.582Z tap Next (completion 2; interstitial gate eligible on every 3rd)
Sep  8 16:33:44.177681 VerifyDeviceRunner-Runner(Foundation)[4164] <Notice>: [ad-closer] 2026-09-08T13:33:44Z done: closes=0 ticks=19 lastDriveSeq=31
Sep  8 16:34:23.903133 VerifyDeviceRunner-Runner(Foundation)[4273] <Notice>: [ad-closer] 2026-09-08T13:34:23Z launched com.baseardahan.hiddenobj; babysitting for 330s
Sep  8 16:34:38.330331 VerifyDeviceRunner-Runner(Foundation)[4273] <Notice>: [ad-closer] 2026-09-08T13:34:38Z drive#8 2026-09-08T13:34:37.885Z event:tick {"name":"ad_lifecycle","params":{"game":"find_the_dog","environment":"production","platform":"ios","build":"0.0.0+7214730547-dirty","app_version":"0.0.0","ad_type":"rewarded","placement":"rewarded","stage":"loaded","load_id":"rewarded-0-2"}}
Sep  8 16:34:55.677872 VerifyDeviceRunner-Runner(Foundation)[4273] <Notice>: [ad-closer] 2026-09-08T13:34:55Z drive#9 2026-09-08T13:34:54.927Z winLevel -> true
Sep  8 16:34:59.020463 VerifyDeviceRunner-Runner(Foundation)[4273] <Notice>: [ad-closer] 2026-09-08T13:34:59Z drive#10 2026-09-08T13:34:58.126Z tap claim attempt 1 {"claim":{"disabled":false,"hidden":false,"rects":1},"claimX2":null,"next":{"disabled":true,"rects":1},"rewardClasses":"fab-complete-reward-zone","overlays":1}
Sep  8 16:35:20.027210 VerifyDeviceRunner-Runner(Foundation)[4273] <Notice>: [ad-closer] 2026-09-08T13:35:20Z drive#13 2026-09-08T13:35:18.349Z tap claim attempt 2 {"claim":{"disabled":false,"hidden":false,"rects":1},"claimX2":null,"next":{"disabled":true,"rects":1},"rewardClasses":"fab-complete-reward-zone","overlays":1}
Sep  8 16:35:23.939238 VerifyDeviceRunner-Runner(Foundation)[4273] <Notice>: [ad-closer] 2026-09-08T13:35:23Z drive#14 2026-09-08T13:35:20.773Z tap Next (completion 1; interstitial gate per drive-only cadence override)
Sep  8 16:37:22.948432 VerifyDeviceRunner-Runner(Foundation)[4273] <Notice>: [ad-closer] 2026-09-08T13:37:22Z drive#15 2026-09-08T13:37:20.983Z wait timeout: next level started
Sep  8 16:37:27.656075 VerifyDeviceRunner-Runner(Foundation)[4273] <Notice>: [ad-closer] 2026-09-08T13:37:27Z drive#16 2026-09-08T13:37:22.993Z goto GameScene (completion 2)
Sep  8 16:42:27.100217 VerifyDeviceRunner-Runner(Foundation)[4370] <Notice>: [ad-closer] 2026-09-08T13:42:27Z launched com.baseardahan.hiddenobj; babysitting for 330s
Sep  8 16:42:35.623142 VerifyDeviceRunner-Runner(Foundation)[4370] <Notice>: [ad-closer] 2026-09-08T13:42:35Z drive#7 2026-09-08T13:42:34.720Z event:tick {"name":"ad_lifecycle","params":{"game":"find_the_dog","environment":"production","platform":"ios","build":"0.0.0+7214730547-dirty","app_version":"0.0.0","ad_type":"interstitial","placement":"between_levels","stage":"loaded","load_id":"interstitial-0-1"}}
Sep  8 16:42:38.296995 VerifyDeviceRunner-Runner(Foundation)[4370] <Notice>: [ad-closer] 2026-09-08T13:42:38Z drive#9 2026-09-08T13:42:35.718Z goto GameScene (completion 1)
Sep  8 16:42:52.686989 VerifyDeviceRunner-Runner(Foundation)[4370] <Notice>: [ad-closer] 2026-09-08T13:42:52Z drive#10 2026-09-08T13:42:50.343Z winLevel -> true
Sep  8 16:42:55.532717 VerifyDeviceRunner-Runner(Foundation)[4370] <Notice>: [ad-closer] 2026-09-08T13:42:55Z drive#11 2026-09-08T13:42:53.569Z tap claim attempt 1 {"claim":{"disabled":false,"hidden":false,"rects":1},"claimX2":null,"next":{"disabled":true,"rects":1},"rewardClasses":"fab-complete-reward-zone","overlays":1,"claimX2Gate":{"levelEndClaimX2Enabled":true,"adsEnabled":false,"noAds":true,"activeCompletionTransaction":{"id":"completion:9:1:circus_fairground_carnival_booth_loop_dog_6492","levelId":"circus_fairground_carnival_booth_loop_dog_6492","levelIndex":1,"timeSeconds":14,"previousBestSeconds":12,"newBest":false,"baseCoinReward":90,"intendedLevelId":"circus_fairground_carnival_booth_loop_dog_6492","servedLevelId":"circus_fairground_carnival_booth_loop_dog_6492","sequenceVersion":null,"catalogRevision":"manifest-11","fallbackReason":null,"baseCoinsGranted":true,"completionStatsRegistered":true,"bonusCoinsGranted":false,"rewardProgressApplied":true,"advanced":false,"createdAtMs":1788874970309,"
Sep  8 16:43:16.189784 VerifyDeviceRunner-Runner(Foundation)[4370] <Notice>: [ad-closer] 2026-09-08T13:43:16Z drive#14 2026-09-08T13:43:13.679Z tap claim attempt 2 {"claim":{"disabled":false,"hidden":false,"rects":1},"claimX2":null,"next":{"disabled":true,"rects":1},"rewardClasses":"fab-complete-reward-zone","overlays":1,"claimX2Gate":{"levelEndClaimX2Enabled":true,"adsEnabled":false,"noAds":true,"activeCompletionTransaction":{"id":"completion:9:1:circus_fairground_carnival_booth_loop_dog_6492","levelId":"circus_fairground_carnival_booth_loop_dog_6492","levelIndex":1,"timeSeconds":14,"previousBestSeconds":12,"newBest":false,"baseCoinReward":90,"intendedLevelId":"circus_fairground_carnival_booth_loop_dog_6492","servedLevelId":"circus_fairground_carnival_booth_loop_dog_6492","sequenceVersion":null,"catalogRevision":"manifest-11","fallbackReason":null,"baseCoinsGranted":true,"completionStatsRegistered":true,"bonusCoinsGranted":false,"rewardProgressApplied":true,"advanced":false,"createdAtMs":1788874970309,"
Sep  8 16:43:23.131650 VerifyDeviceRunner-Runner(Foundation)[4370] <Notice>: [ad-closer] 2026-09-08T13:43:23Z drive#16 2026-09-08T13:43:19.533Z goto GameScene (completion 2)
Sep  8 16:43:34.491509 VerifyDeviceRunner-Runner(Foundation)[4370] <Notice>: [ad-closer] 2026-09-08T13:43:34Z drive#17 2026-09-08T13:43:34.039Z winLevel -> true
Sep  8 16:43:37.745153 VerifyDeviceRunner-Runner(Foundation)[4370] <Notice>: [ad-closer] 2026-09-08T13:43:37Z drive#18 2026-09-08T13:43:36.857Z tap claim attempt 1 {"claim":{"disabled":false,"hidden":false,"rects":1},"claimX2":null,"next":{"disabled":true,"rects":1},"rewardClasses":"fab-complete-reward-zone","overlays":1,"claimX2Gate":{"levelEndClaimX2Enabled":true,"adsEnabled":false,"noAds":true,"activeCompletionTransaction":{"id":"completion:10:2:school_world_science_lab_garden_dog_9990","levelId":"school_world_science_lab_garden_dog_9990","levelIndex":2,"timeSeconds":12,"previousBestSeconds":19,"newBest":true,"baseCoinReward":90,"intendedLevelId":"school_world_science_lab_garden_dog_9990","servedLevelId":"school_world_science_lab_garden_dog_9990","sequenceVersion":null,"catalogRevision":"manifest-11","fallbackReason":null,"baseCoinsGranted":true,"completionStatsRegistered":true,"bonusCoinsGranted":false,"rewardProgressApplied":true,"advanced":false,"createdAtMs":1788875013969,"completionProgressAfter"
Sep  8 16:44:03.986277 VerifyDeviceRunner-Runner(Foundation)[4370] <Notice>: [ad-closer] 2026-09-08T13:44:03Z drive#5 2026-09-08T13:44:03.461Z event:tick {"name":"ad_lifecycle","params":{"game":"find_the_dog","environment":"production","platform":"ios","build":"0.0.0+7214730547-dirty","app_version":"0.0.0","ad_type":"rewarded","placement":"rewarded","stage":"load_requested","load_id":"rewarded-0-2"}}
Sep  8 16:44:07.640455 VerifyDeviceRunner-Runner(Foundation)[4370] <Notice>: [ad-closer] 2026-09-08T13:44:07Z drive#9 2026-09-08T13:44:05.064Z goto GameScene (completion 1)
Sep  8 16:44:28.357687 VerifyDeviceRunner-Runner(Foundation)[4370] <Notice>: [ad-closer] 2026-09-08T13:44:28Z drive#3 2026-09-08T13:44:25.363Z temporarily lifted No-Ads entitlement for the drive {"adsEnabled":true,"noAds":false}
Sep  8 16:44:31.836350 VerifyDeviceRunner-Runner(Foundation)[4370] <Notice>: [ad-closer] 2026-09-08T13:44:31Z drive#7 2026-09-08T13:44:30.370Z event:tick {"name":"ad_lifecycle","params":{"game":"find_the_dog","environment":"production","platform":"ios","build":"0.0.0+7214730547-dirty","app_version":"0.0.0","ad_type":"rewarded","placement":"rewarded","stage":"loaded","load_id":"rewarded-0-2"}}
Sep  8 16:44:37.188518 VerifyDeviceRunner-Runner(Foundation)[4370] <Notice>: [ad-closer] 2026-09-08T13:44:36Z drive#13 2026-09-08T13:44:35.284Z event:tick {"name":"ad_shown","params":{"game":"find_the_dog","environment":"production","platform":"ios","build":"0.0.0+7214730547-dirty","app_version":"0.0.0","ad_type":"banner","placement":"gameplay"}}
Sep  8 16:44:53.031500 VerifyDeviceRunner-Runner(Foundation)[4370] <Notice>: [ad-closer] 2026-09-08T13:44:53Z drive#3 2026-09-08T13:44:51.145Z temporarily lifted No-Ads entitlement for the drive {"adsEnabled":true,"noAds":false}
Sep  8 16:44:58.743331 VerifyDeviceRunner-Runner(Foundation)[4370] <Notice>: [ad-closer] 2026-09-08T13:44:58Z drive#9 2026-09-08T13:44:57.148Z goto GameScene (completion 1)
Sep  8 16:45:12.070505 VerifyDeviceRunner-Runner(Foundation)[4370] <Notice>: [ad-closer] 2026-09-08T13:45:12Z drive#10 2026-09-08T13:45:10.814Z winLevel -> true
Sep  8 16:45:14.926266 VerifyDeviceRunner-Runner(Foundation)[4370] <Notice>: [ad-closer] 2026-09-08T13:45:14Z drive#11 2026-09-08T13:45:13.231Z tap claim attempt 1 {"claim":{"disabled":false,"hidden":false,"rects":1},"claimX2":null,"next":{"disabled":true,"rects":1},"rewardClasses":"fab-complete-reward-zone","overlays":1,"claimX2Gate":{"levelEndClaimX2Enabled":true,"adsEnabled":false,"noAds":true,"activeCompletionTransaction":{"id":"completion:11:1:circus_fairground_carnival_booth_loop_dog_6492","levelId":"circus_fairground_carnival_booth_loop_dog_6492","levelIndex":1,"timeSeconds":14,"intendedLevelId":"circus_fairground_carnival_booth_loop_dog_6492","servedLevelId":"circus_fairground_carnival_booth_loop_dog_6492","sequenceVersion":null,"catalogRevision":"manifest-11","fallbackReason":null,"previousBestSeconds":12,"newBest":false,"baseCoinReward":90,"baseCoinsGranted":true,"completionStatsRegistered":true,"bonusCoinsGranted":false,"rewardProgressApplied":true,"advanced":false,"createdAtMs":1788875060899,
Sep  8 16:45:26.253324 VerifyDeviceRunner-Runner(Foundation)[4370] <Notice>: [ad-closer] 2026-09-08T13:45:26Z drive#3 2026-09-08T13:45:23.063Z temporarily lifted No-Ads entitlement for the drive {"adsEnabled":true,"noAds":false}
Sep  8 16:45:29.095967 VerifyDeviceRunner-Runner(Foundation)[4370] <Notice>: [ad-closer] 2026-09-08T13:45:29Z drive#7 2026-09-08T13:45:28.116Z event:tick {"name":"ad_lifecycle","params":{"game":"find_the_dog","environment":"production","platform":"ios","build":"0.0.0+7214730547-dirty","app_version":"0.0.0","ad_type":"rewarded","placement":"rewarded","stage":"loaded","load_id":"rewarded-0-2"}}
Sep  8 16:45:35.915901 VerifyDeviceRunner-Runner(Foundation)[4370] <Notice>: [ad-closer] 2026-09-08T13:45:35Z drive#3 2026-09-08T13:45:34.661Z temporarily lifted No-Ads entitlement for the drive {"adsEnabled":true,"noAds":false}
Sep  8 16:45:43.019488 VerifyDeviceRunner-Runner(Foundation)[4370] <Notice>: [ad-closer] 2026-09-08T13:45:43Z drive#9 2026-09-08T13:45:40.760Z goto GameScene (completion 1)
Sep  8 16:45:45.773356 VerifyDeviceRunner-Runner(Foundation)[4370] <Notice>: [ad-closer] 2026-09-08T13:45:45Z drive#13 2026-09-08T13:45:44.664Z event:tick {"name":"ad_shown","params":{"game":"find_the_dog","environment":"production","platform":"ios","build":"0.0.0+7214730547-dirty","app_version":"0.0.0","ad_type":"banner","placement":"gameplay"}}
Sep  8 16:45:56.463555 VerifyDeviceRunner-Runner(Foundation)[4370] <Notice>: [ad-closer] 2026-09-08T13:45:56Z drive#14 2026-09-08T13:45:54.488Z winLevel -> true
Sep  8 16:45:59.238696 VerifyDeviceRunner-Runner(Foundation)[4370] <Notice>: [ad-closer] 2026-09-08T13:45:59Z drive#16 2026-09-08T13:45:56.851Z tap claim x2 (rewarded) attempt 1 {"claim":{"disabled":false,"hidden":false,"rects":1},"claimX2":{"disabled":false,"hidden":false,"rects":1},"next":{"disabled":true,"rects":1},"rewardClasses":"fab-complete-reward-zone","overlays":1,"claimX2Gate":{"levelEndClaimX2Enabled":true,"adsEnabled":true,"noAds":false,"activeCompletionTransaction":{"id":"completion:11:1:circus_fairground_carnival_booth_loop_dog_6492","levelId":"circus_fairground_carnival_booth_loop_dog_6492","levelIndex":1,"timeSeconds":14,"intendedLevelId":"circus_fairground_carnival_booth_loop_dog_6492","servedLevelId":"circus_fairground_carnival_booth_loop_dog_6492","sequenceVersion":null,"catalogRevision":"manifest-11","fallbackReason":null,"previousBestSeconds":12,"newBest":false,"baseCoinReward":90,"baseCoinsGranted":true,"completionStatsRegistered":true,"bonusCoinsGranted":false,"rewardProgressApplie
Sep  8 16:46:06.058085 VerifyDeviceRunner-Runner(Foundation)[4370] <Notice>: [ad-closer] 2026-09-08T13:46:06Z drive#3 2026-09-08T13:46:03.972Z temporarily lifted No-Ads entitlement for the drive {"adsEnabled":true,"noAds":false}
Sep  8 16:46:32.602074 VerifyDeviceRunner-Runner(Foundation)[4370] <Notice>: [ad-closer] 2026-09-08T13:46:32Z drive#7 2026-09-08T13:46:31.977Z event:tick {"name":"ad_lifecycle","params":{"game":"find_the_dog","environment":"production","platform":"ios","build":"0.0.0+7214730547-dirty","app_version":"0.0.0","ad_type":"rewarded","placement":"rewarded","stage":"loaded","load_id":"rewarded-0-2"}}
Sep  8 16:46:39.966138 VerifyDeviceRunner-Runner(Foundation)[4370] <Notice>: [ad-closer] 2026-09-08T13:46:39Z drive#3 2026-09-08T13:46:38.753Z temporarily lifted No-Ads entitlement for the drive {"adsEnabled":true,"noAds":false}
