10:16:12  Acquired tunnel connection to device.
10:16:12  Enabling developer disk image services.
10:16:12  Acquired usage assertion.
Launched application with com.basegamelab.marblerun bundle identifier.
Waiting for the application to terminate…
2026-08-10 00:16:12.417 App[26176:6474105] DiskCookieStorage changing policy from 2 to 0, cookie file: file:///private/var/mobile/Containers/Data/Application/A8C45E16-047A-40B1-9868-4C7F12586628/Library/Cookies/Cookies.binarycookies
2026-08-10 00:16:12.486 App[26176:6474105] [Firebase/Crashlytics] Version 12.17.0
⚡️  Loading app at capacitor://localhost...
⚡️  WebView loaded
⚡️  [info] - [startup] js-entry 33.0ms
⚡️  [info] - [startup] viewport-stable 110.0ms
⚡️  [info] - [startup] bootstrap-evaluating 189.0ms
⚡️  [info] - [meta] initializing Facebook SDK {"appId":"4138472436283342","clientToken":"<redacted:a518>","autoLogAppEvents":false,"advertiserIdCollection":false}
⚡️  [log] - %c %c %c %c %c Phaser v3.90.0 (Canvas | Web Audio) %c https://phaser.io/v390 background: #ff0000 background: #ffff00 background: #00ff00 background: #00ffff color: #ffffff; background: #000000 background: transparent
⚡️  [info] - [startup] phaser-created 211.0ms
⚡️  [info] - [ads:applovin] initializing AppLovin MAX {"sdkKey":"<redacted:wBUP>","verboseLogging":false}
⚡️  To Native ->  MetaEvents initialize 48786132
⚡️  To Native ->  AppLovinMax initialize 48786133
2026-08-10 00:16:12.894 App[26176:6474105] [meta] Facebook SDK initialized appId=4138472436283342 clientToken=<redacted:a518>
⚡️  TO JS {"initialized":true}
⚡️  To Native ->  FirebaseAnalytics logEvent 48786134
⚡️  To Native ->  FirebaseAnalytics logEvent 48786135
⚡️  TO JS undefined
⚡️  TO JS undefined
2026-08-10 00:16:12.924 App[26176:6474105] [ads:applovin] initializing MAX SDK units=2 verbose=false consentFlow=false hasUserConsent=false doNotSell=true
⚡️  [info] - [startup] boot-scene-create 252.0ms
⚡️  [info] - [meta] Facebook SDK initialized 
⚡️  [info] - [startup] home-scene-create 515.0ms
⚡️  [warn] - [levels] catalog manifest unavailable; preserving cached sequence/fallback state {}
⚡️  [info] - [startup] home-first-paint 568.0ms
2026-08-10 00:16:13.315 App[26176:6474105] [ads:applovin] MAX SDK initialized
⚡️  TO JS {"initialized":true}
⚡️  To Native ->  AppLovinMax addListener 48786136
⚡️  [info] - [ads:applovin] AppLovin MAX initialized 
⚡️  To Native ->  AppLovinMax preloadRewarded 48786137
⚡️  To Native ->  AppLovinMax hideBanner 48786138
⚡️  [info] - [ads:applovin] preloading rewarded ad 
⚡️  To Native ->  AppLovinMax preloadInterstitial 48786139
⚡️  [info] - [ads:applovin] preloading interstitial 
2026-08-10 00:16:13.317 App[26176:6474105] [ads:applovin] rewarded load requested unit=<redacted:0899>
2026-08-10 00:16:13.318 App[26176:6474105] [ads:applovin] banner hidden
⚡️  TO JS undefined
2026-08-10 00:16:13.318 App[26176:6474105] [ads:applovin] interstitial load requested unit=<redacted:97bd>
2026-08-10 00:16:13.514 App[26176:6474105] FBSDKLog: starting with Graph API v2.4, GET requests for /4138472436283342/model_asset should contain an explicit "fields" parameter
2026-08-10 00:16:13.514 App[26176:6474153] FBSDKLog: starting with Graph API v2.4, GET requests for /4138472436283342/ios_skadnetwork_conversion_config should contain an explicit "fields" parameter
2026-08-10 00:16:13.566 App[26176:6474153] ProtocolBuffer message hasn't been initialized. GetArray can't be performed
2026-08-10 00:16:13.567 App[26176:6474153] ProtocolBuffer message hasn't been initialized. GetArray can't be performed
2026-08-10 00:16:13.573 App[26176:6474153] ProtocolBuffer message hasn't been initialized. GetArray can't be performed
2026-08-10 00:16:13.573 App[26176:6474153] ProtocolBuffer message hasn't been initialized. GetArray can't be performed
2026-08-10 00:16:14.695 App[26176:6474105] [ads:applovin] interstitial loaded unit=<redacted:97bd>
⚡️  TO JS {"loaded":true}
⚡️  To Native ->  AppsFlyerAttribution initialize 48786140
⚡️  [info] - [attribution:appsflyer] initializing AppsFlyer {"devKey":"<redacted:uXxA>","appleAppId":"6793860059","debugLogging":false,"attWaitSeconds":60}
2026-08-10 00:16:14.707 App[26176:6474105] [attribution:appsflyer] AppsFlyer SDK started appleAppId=6793860059 devKey=<redacted:uXxA>
⚡️  TO JS {"initialized":true}
⚡️  To Native ->  AppsFlyerAttribution trackEvent 48786141
⚡️  [info] - [attribution:appsflyer] AppsFlyer initialized 
2026-08-10 00:16:14.714 App[26176:6474105] [attribution:appsflyer] event logged name=appOpen
⚡️  TO JS {"tracked":true}
⚡️  TO JS {"loaded":true}
2026-08-10 00:16:14.777 App[26176:6474105] [ads:applovin] rewarded loaded unit=<redacted:0899>
⚡️  [log] - [sdk-verifier] autocrash: firing
⚡️  To Native ->  FirebaseCrashlytics log 48786142
⚡️  TO JS undefined
⚡️  To Native ->  FirebaseCrashlytics crash 48786143
⚡️  TO JS undefined
FirebaseCrashlyticsPlugin/FirebaseCrashlytics.swift:14: Fatal error: sdk_verifier_forced_crash 2026-08-10T07:16:20.886Z
App terminated due to signal 5.
