10:14:00  Acquired tunnel connection to device.
10:14:00  Enabling developer disk image services.
10:14:00  Acquired usage assertion.
Launched application with com.basegamelab.marblerun bundle identifier.
Waiting for the application to terminate…
2026-08-10 00:14:00.315 App[26162:6472284] DiskCookieStorage changing policy from 2 to 0, cookie file: file:///private/var/mobile/Containers/Data/Application/82084508-8A06-4A7E-A80C-FB1FA158FB5B/Library/Cookies/Cookies.binarycookies
2026-08-10 00:14:00.359 App[26162:6472284] [Firebase/Crashlytics] Version 12.17.0
⚡️  Loading app at capacitor://localhost...
⚡️  WebView loaded
⚡️  [info] - [startup] js-entry 37.0ms
⚡️  [info] - [startup] viewport-stable 80.0ms
⚡️  [info] - [startup] bootstrap-evaluating 165.0ms
⚡️  [info] - [meta] initializing Facebook SDK {"appId":"4138472436283342","clientToken":"<redacted:a518>","autoLogAppEvents":false,"advertiserIdCollection":false}
⚡️  [log] - %c %c %c %c %c Phaser v3.90.0 (Canvas | Web Audio) %c https://phaser.io/v390 background: #ff0000 background: #ffff00 background: #00ff00 background: #00ffff color: #ffffff; background: #000000 background: transparent
⚡️  [info] - [startup] phaser-created 206.0ms
⚡️  [info] - [ads:applovin] initializing AppLovin MAX {"sdkKey":"<redacted:wBUP>","verboseLogging":false}
⚡️  To Native ->  MetaEvents initialize 18037983
⚡️  To Native ->  AppLovinMax initialize 18037984
2026-08-10 00:14:00.709 App[26162:6472284] [meta] Facebook SDK initialized appId=4138472436283342 clientToken=<redacted:a518>
⚡️  TO JS {"initialized":true}
2026-08-10 00:14:00.722 App[26162:6472284] [ads:applovin] initializing MAX SDK units=2 verbose=false consentFlow=false hasUserConsent=false doNotSell=true
⚡️  To Native ->  FirebaseAnalytics logEvent 18037985
⚡️  To Native ->  FirebaseAnalytics logEvent 18037986
⚡️  TO JS undefined
⚡️  TO JS undefined
⚡️  [info] - [startup] boot-scene-create 234.0ms
⚡️  [info] - [meta] Facebook SDK initialized 
⚡️  [info] - [startup] home-scene-create 482.0ms
⚡️  [warn] - [levels] catalog manifest unavailable; preserving cached sequence/fallback state {}
⚡️  [info] - [startup] home-first-paint 513.0ms
2026-08-10 00:14:01.236 App[26162:6472284] [ads:applovin] MAX SDK initialized
⚡️  TO JS {"initialized":true}
⚡️  To Native ->  AppLovinMax addListener 18037987
⚡️  [info] - [ads:applovin] AppLovin MAX initialized 
⚡️  To Native ->  AppLovinMax preloadRewarded 18037988
⚡️  To Native ->  AppLovinMax hideBanner 18037989
2026-08-10 00:14:01.238 App[26162:6472284] [ads:applovin] rewarded load requested unit=<redacted:0899>
⚡️  To Native ->  AppLovinMax preloadInterstitial 18037990
⚡️  [info] - [ads:applovin] preloading rewarded ad 
⚡️  [info] - [ads:applovin] preloading interstitial 
2026-08-10 00:14:01.239 App[26162:6472284] [ads:applovin] banner hidden
2026-08-10 00:14:01.239 App[26162:6472284] [ads:applovin] interstitial load requested unit=<redacted:97bd>
⚡️  TO JS undefined
⚡️  TO JS {"loaded":true}
2026-08-10 00:14:02.698 App[26162:6472284] [ads:applovin] rewarded loaded unit=<redacted:0899>
⚡️  TO JS {"loaded":true}
2026-08-10 00:14:03.740 App[26162:6472284] [ads:applovin] interstitial loaded unit=<redacted:97bd>
⚡️  To Native ->  AppsFlyerAttribution initialize 18037991
⚡️  [info] - [attribution:appsflyer] initializing AppsFlyer {"devKey":"<redacted:uXxA>","appleAppId":"6793860059","debugLogging":false,"attWaitSeconds":60}
⚡️  TO JS {"initialized":true}
2026-08-10 00:14:03.753 App[26162:6472284] [attribution:appsflyer] ATT authorization resolved status=0
2026-08-10 00:14:03.753 App[26162:6472284] [attribution:appsflyer] AppsFlyer SDK started appleAppId=6793860059 devKey=<redacted:uXxA>
⚡️  [info] - [attribution:appsflyer] AppsFlyer initialized 
2026-08-10 00:14:03.756 App[26162:6472284] [attribution:appsflyer] event logged name=appOpen
⚡️  To Native ->  AppsFlyerAttribution trackEvent 18037992
⚡️  TO JS {"tracked":true}
⚡️  [log] - [sdk-verifier] autocrash: firing
⚡️  To Native ->  FirebaseCrashlytics log 18037993
⚡️  TO JS undefined
⚡️  To Native ->  FirebaseCrashlytics crash 18037994
FirebaseCrashlyticsPlugin/FirebaseCrashlytics.swift:14: Fatal error: sdk_verifier_forced_crash 2026-08-10T07:14:08.705Z
⚡️  TO JS undefined
App terminated due to signal 5.
