✔ paid totals require own identity and exclude test, contamination, pre-cutoff, foreign campaign and QA rows (2.427583ms)
✔ paid installs cannot occur after the snapshot observation instant (1.462417ms)
✔ install timestamps require full calendar-valid time without invented precision (4.208542ms)
✔ a cohort cannot be approved without a valid UTC cutoff and complete QA exclusion policy (2.468583ms)
✔ empty or malformed successful responses cannot masquerade as a healthy zero (1.245084ms)
✔ canonical policy has no public paid T0 and never promotes FTB 1.2.1 (0.3515ms)
✔ paid header-only exports missing identity or cohort columns are incomplete (0.292042ms)
✔ healthy organic counts retain existing version quarantine and successful empty means zero (0.639709ms)
✔ unknown paid row dimensions never become a partial clean total (5.062333ms)
✔ paid report failures remain incomplete even with an approved cohort (0.567459ms)
✔ blank organic version provenance makes all aggregates incomplete even with known rows (1.465458ms)
✔ unavailable organic report leaves every organic aggregate unknown, not zero (0.469125ms)
ℹ tests 12
ℹ suites 0
ℹ pass 12
ℹ fail 0
ℹ cancelled 0
ℹ skipped 0
ℹ todo 0
ℹ duration_ms 56.519375
