✔ paid totals require own identity and exclude test, contamination, pre-cutoff, foreign campaign and QA rows (2.668ms)
✔ paid installs cannot occur after the snapshot observation instant (1.52225ms)
✔ install timestamps require full calendar-valid time without invented precision (4.337334ms)
✔ a cohort cannot be approved without a valid UTC cutoff and complete QA exclusion policy (2.64175ms)
✔ empty or malformed successful responses cannot masquerade as a healthy zero (1.344375ms)
✔ canonical policy has no public paid T0 and never promotes FTB 1.2.1 (0.371584ms)
✔ paid header-only exports missing identity or cohort columns are incomplete (0.516791ms)
✔ healthy organic counts retain existing version quarantine and successful empty means zero (0.330375ms)
✔ unknown paid row dimensions never become a partial clean total (4.940417ms)
✔ paid report failures remain incomplete even with an approved cohort (0.564042ms)
✔ blank organic version provenance makes all aggregates incomplete even with known rows (1.489625ms)
✔ unavailable organic report leaves every organic aggregate unknown, not zero (0.52ms)
ℹ tests 12
ℹ suites 0
ℹ pass 12
ℹ fail 0
ℹ cancelled 0
ℹ skipped 0
ℹ todo 0
ℹ duration_ms 57.210042
