✖ blank organic version provenance makes all aggregates incomplete even with known rows (3.721833ms)
ℹ tests 1
ℹ suites 0
ℹ pass 0
ℹ fail 1
ℹ cancelled 0
ℹ skipped 0
ℹ todo 0
ℹ duration_ms 47.467208

✖ failing tests:

test at .hermes/scripts/find-games-daily-scorecard.test.mjs:129:1
✖ blank organic version provenance makes all aggregates incomplete even with known rows (3.721833ms)
  AssertionError [ERR_ASSERTION]: Expected values to be strictly equal:
  + actual - expected
  
  + 'complete'
  - 'incomplete'
  
      at TestContext.<anonymous> (file:///Users/base/.hermes/scripts/find-games-daily-scorecard.test.mjs:136:14)
      at async Test.run (node:internal/test_runner/test:1404:7)
      at async startSubtestAfterBootstrap (node:internal/test_runner/harness:387:3) {
    generatedMessage: true,
    code: 'ERR_ASSERTION',
    actual: 'complete',
    expected: 'incomplete',
    operator: 'strictEqual',
    diff: 'simple'
  }
