✔ paid totals require own identity and exclude test, contamination, pre-cutoff, foreign campaign and QA rows (3.488667ms)
✖ a cohort cannot be approved without a valid UTC cutoff and complete QA exclusion policy (0.843708ms)
✔ unavailable organic report leaves every organic aggregate unknown, not zero (0.706209ms)
ℹ tests 3
ℹ suites 0
ℹ pass 2
ℹ fail 1
ℹ cancelled 0
ℹ skipped 0
ℹ todo 0
ℹ duration_ms 39.899125

✖ failing tests:

test at .hermes/scripts/find-games-daily-scorecard.test.mjs:46:1
✖ a cohort cannot be approved without a valid UTC cutoff and complete QA exclusion policy (0.843708ms)
  AssertionError [ERR_ASSERTION]: {"from_utc":"invalid"}
  
  1 !== null
  
      at TestContext.<anonymous> (file:///Users/base/.hermes/scripts/find-games-daily-scorecard.test.mjs:57:12)
      at async Test.run (node:internal/test_runner/test:1404:7)
      at async Test.processPendingSubtests (node:internal/test_runner/test:969:7) {
    generatedMessage: false,
    code: 'ERR_ASSERTION',
    actual: 1,
    expected: null,
    operator: 'strictEqual',
    diff: 'simple'
  }
