✖ unavailable organic report leaves every organic aggregate unknown, not zero (3.145584ms)
ℹ tests 1
ℹ suites 0
ℹ pass 0
ℹ fail 1
ℹ cancelled 0
ℹ skipped 0
ℹ todo 0
ℹ duration_ms 45.27275

✖ failing tests:

test at .hermes/scripts/find-games-daily-scorecard.test.mjs:21:1
✖ unavailable organic report leaves every organic aggregate unknown, not zero (3.145584ms)
  AssertionError [ERR_ASSERTION]: Expected values to be strictly equal:
  
  0 !== null
  
      at TestContext.<anonymous> (file:///Users/base/.hermes/scripts/find-games-daily-scorecard.test.mjs:25:12)
      at async Test.run (node:internal/test_runner/test:1404:7)
      at async startSubtestAfterBootstrap (node:internal/test_runner/harness:387:3) {
    generatedMessage: true,
    code: 'ERR_ASSERTION',
    actual: 0,
    expected: null,
    operator: 'strictEqual',
    diff: 'simple'
  }
