✖ install timestamps require full calendar-valid time without invented precision (2.625875ms)
ℹ tests 1
ℹ suites 0
ℹ pass 0
ℹ fail 1
ℹ cancelled 0
ℹ skipped 0
ℹ todo 0
ℹ duration_ms 38.073292

✖ failing tests:

test at .hermes/scripts/find-games-daily-scorecard.test.mjs:61:1
✖ install timestamps require full calendar-valid time without invented precision (2.625875ms)
  AssertionError [ERR_ASSERTION]: 2026-09-04
  + actual - expected
  
  + 'complete'
  - 'incomplete'
  
      at TestContext.<anonymous> (file:///Users/base/.hermes/scripts/find-games-daily-scorecard.test.mjs:70:12)
      at async Test.run (node:internal/test_runner/test:1404:7)
      at async startSubtestAfterBootstrap (node:internal/test_runner/harness:387:3) {
    generatedMessage: false,
    code: 'ERR_ASSERTION',
    actual: 'complete',
    expected: 'incomplete',
    operator: 'strictEqual',
    diff: 'simple'
  }
