✖ unknown paid row dimensions never become a partial clean total (4.664375ms)
ℹ tests 1
ℹ suites 0
ℹ pass 0
ℹ fail 1
ℹ cancelled 0
ℹ skipped 0
ℹ todo 0
ℹ duration_ms 42.757

✖ failing tests:

test at .hermes/scripts/find-games-daily-scorecard.test.mjs:144:1
✖ unknown paid row dimensions never become a partial clean total (4.664375ms)
  AssertionError [ERR_ASSERTION]: dimension 0: "   "
  
  1 !== null
  
      at TestContext.<anonymous> (file:///Users/base/.hermes/scripts/find-games-daily-scorecard.test.mjs:150:14)
      at async Test.run (node:internal/test_runner/test:1404:7)
      at async startSubtestAfterBootstrap (node:internal/test_runner/harness:387:3) {
    generatedMessage: false,
    code: 'ERR_ASSERTION',
    actual: 1,
    expected: null,
    operator: 'strictEqual',
    diff: 'simple'
  }
