# audience=general regression 2026-09-08T19:16:04Z
## games/find_the_dog
   1       Tests  52 failed | 373 passed | 2 skipped (427)
  15  FAIL  tests/unit/reveal-pickup-bootstrap.test.ts
  27  FAIL  tests/unit/reveal-pickup-experiment.test.ts
   1  FAIL  tests/unit/reveal-pickup-telemetry.test.ts
   9  FAIL  tests/unit/reveal-pickup-wallet.test.ts
   1  Test Files  4 failed | 48 passed (52)
   1 [insituTour] state=pause-FAILED scene=HomeScene
   1 [insituTour] state=settings-FAILED scene=GameScene
   1 [insituTour] state=settings-FAILED scene=HomeScene
  12 stdout | tests/unit/insitu-tour.test.ts
   3 stdout | tests/unit/test-harness-real-flow.test.ts
   1 ·····································stdout | tests/unit/test-harness-real-flow.test.ts
   1 ⎯⎯⎯⎯⎯⎯ Failed Tests 52 ⎯⎯⎯⎯⎯⎯⎯
typecheck exit=0
lint exit=0
## games/find_the_bird
   1       Tests  429 passed | 3 skipped (432)
   1  Test Files  69 passed (69)
   1 [insituTour] state=pause-FAILED scene=HomeScene
   1 [insituTour] state=settings-FAILED scene=GameScene
   1 [insituTour] state=settings-FAILED scene=HomeScene
  12 stdout | tests/unit/insitu-tour.test.ts
   3 stdout | tests/unit/test-harness-real-flow.test.ts
   1 ······stdout | tests/unit/test-harness-real-flow.test.ts
typecheck exit=0
lint exit=0
## sdk
 Test Files  40 passed (40)
      Tests  396 passed (396)
## marble_run + shell_template typecheck
exit=0
exit=0
