# device build attempt 4 (marker+journal drive) 2026-09-08T13:01:09Z HEAD=485450fe52
tsc-exit=0
- Adjust chunk size limit for this warning via build.chunkSizeWarningLimit.
✓ built in 2.73s
{
  "sha": "485450fe52",
  "dirty": true,
  "version": "0.0.0",
  "builtAt": "2026-09-08T13:01:11.867Z"
}

[info] Sync finished in 0.096s
Applied native shell for find_the_dog: CapApp-SPM/Package.swift (1 SKAdNetwork IDs; Firebase plist wired)
Validated native shell for find_the_dog: generated project validated; 1 SKAdNetwork IDs; Firebase plist may be absent
** BUILD SUCCEEDED **
{
  "sha": "485450fe52",
  "dirty": true,
  "version": "0.0.0",
  "builtAt": "2026-09-08T13:01:11.867Z"
}

• databaseSequenceNumber: 2704
• options: 
install exit=0
