⚡️  Loading app at capacitor://localhost...
⚡️  WebView loaded
⚡️  [info] - [meta] initializing Facebook SDK {"appId":"4138472436283342","clientToken":"<redacted:a518>","autoLogAppEvents":false,"advertiserIdCollection":false}
⚡️  [info] - [ads:applovin] initializing AppLovin MAX {"sdkKey":"<redacted:wBUP>","verboseLogging":false}
⚡️  [log] - %c %c %c %c %c Phaser v3.90.0 (WebGL | Web Audio) %c https://phaser.io/v390 background: #ff0000 background: #ffff00 background: #00ff00 background: #00ffff color: #ffffff; background: #000000 background: transparent
⚡️  To Native ->  MetaEvents initialize 100228650
⚡️  To Native ->  AppLovinMax initialize 100228651
2026-08-03 10:17:55.544 App[11462:49214078] [meta] Facebook SDK initialized appId=4138472436283342 clientToken=<redacted:a518>
⚡️  TO JS {"initialized":true}
2026-08-03 10:17:55.556 App[11462:49214078] [ads:applovin] initializing MAX SDK units=2 verbose=false consentFlow=false hasUserConsent=false doNotSell=true
⚡️  [info] - [meta] Facebook SDK initialized 
2026-08-03 10:17:55.819 App[11462:49214078] [ads:applovin] MAX SDK initialized
⚡️  TO JS {"initialized":true}
⚡️  [info] - [ads:applovin] AppLovin MAX initialized 
⚡️  To Native ->  AppLovinMax addListener 100228652
⚡️  [info] - [ads:applovin] preloading rewarded ad 
⚡️  [info] - [ads:applovin] preloading interstitial 
⚡️  To Native ->  AppLovinMax preloadRewarded 100228653
⚡️  To Native ->  AppLovinMax preloadInterstitial 100228654
⚡️  [info] - [attribution:appsflyer] initializing AppsFlyer {"devKey":"<redacted:uXxA>","appleAppId":"6793860059","debugLogging":false,"attWaitSeconds":60}
2026-08-03 10:17:55.826 App[11462:49214078] [ads:applovin] rewarded load requested unit=<redacted:0899>
⚡️  To Native ->  AppsFlyerAttribution initialize 100228655
2026-08-03 10:17:55.833 App[11462:49214078] [ads:applovin] interstitial load requested unit=<redacted:97bd>
2026-08-03 10:17:55.877 App[11462:49214078] [attribution:appsflyer] AppsFlyer SDK started appleAppId=6793860059 devKey=<redacted:uXxA>
⚡️  TO JS {"initialized":true}
⚡️  To Native ->  AppsFlyerAttribution trackEvent 100228656
⚡️  [info] - [attribution:appsflyer] AppsFlyer initialized 
2026-08-03 10:17:55.891 App[11462:49214078] [attribution:appsflyer] event logged name=appOpen
⚡️  TO JS {"tracked":true}
⚡️  To Native ->  AppLovinMax hideBanner 100228657
2026-08-03 10:17:56.020 App[11462:49214078] [ads:applovin] banner hidden
⚡️  TO JS undefined
⚡️  [warn] - [levels] catalog manifest unavailable; preserving cached sequence/fallback state {}
2026-08-03 10:17:56.271 App[11462:49214078] FBSDKLog: starting with Graph API v2.4, GET requests for /4138472436283342/model_asset should contain an explicit "fields" parameter
2026-08-03 10:17:56.271 App[11462:49214218] FBSDKLog: starting with Graph API v2.4, GET requests for /4138472436283342/ios_skadnetwork_conversion_config should contain an explicit "fields" parameter
2026-08-03 10:17:57.727 App[11462:49214078] [ads:applovin] interstitial loaded unit=<redacted:97bd>
⚡️  TO JS {"loaded":true}
2026-08-03 10:17:57.727 App[11462:49214078] [ads:applovin] rewarded loaded unit=<redacted:0899>
⚡️  TO JS {"loaded":true}
⚡️  [log] - [sdk-verifier] autopreload interstitial: resolved
⚡️  [log] - [sdk-verifier] autopreload rewarded: resolved
