
> @fabrikav2/find_the_dog@1.0.5 test:unit
> vitest run


[1m[30m[46m RUN [49m[39m[22m [36mv4.1.9 [39m[90m/Users/base/dev/appletolye/fabrikav2/.worktrees/ua-code-audit/games/find_the_dog[39m

(node:43385) ExperimentalWarning: localStorage is not available because --localstorage-file was not provided.
(Use `node --trace-warnings ...` to show where the warning was created)
[90mstderr[2m | tests/unit/bootstrap-insitu-tour.test.ts[2m > [22m[2mfind_the_dog bootstrap insitu tour wiring[2m > [22m[2mstarts maybeRunInsituTour with the mounted harness when the test harness is enabled
[22m[39m[bootstrap] runtime initialization failed TypeError: __vite_ssr_import_5__.analytics.init is not a function
    at startAnalyticsBootstrap [90m(/Users/base/dev/appletolye/fabrikav2/.worktrees/ua-code-audit/games/find_the_dog/[39msrc/runtime.ts:108:19[90m)[39m
    at [90m/Users/base/dev/appletolye/fabrikav2/.worktrees/ua-code-audit/games/find_the_dog/[39msrc/bootstrap.ts:9:3
[90m    at processTicksAndRejections (node:internal/process/task_queues:104:5)[39m

 [32m✓[39m tests/unit/bootstrap-insitu-tour.test.ts [2m([22m[2m1 test[22m[2m)[22m[32m 120[2mms[22m[39m
(node:43386) ExperimentalWarning: localStorage is not available because --localstorage-file was not provided.
(Use `node --trace-warnings ...` to show where the warning was created)
 [32m✓[39m tests/unit/analytics-storage-denial.test.ts [2m([22m[2m1 test[22m[2m)[22m[32m 209[2mms[22m[39m
 [32m✓[39m tests/unit/game-lifecycle-signals.test.ts [2m([22m[2m3 tests[22m[2m)[22m[32m 160[2mms[22m[39m
 [32m✓[39m tests/unit/bootstrap-analytics-chain.test.ts [2m([22m[2m3 tests[22m[2m)[22m[32m 197[2mms[22m[39m
 [32m✓[39m tests/unit/level-complete-confetti.test.ts [2m([22m[2m6 tests[22m[2m)[22m[32m 125[2mms[22m[39m
 [32m✓[39m tests/unit/gameanalytics-sink.test.ts [2m([22m[2m26 tests[22m[2m)[22m[32m 194[2mms[22m[39m
(node:43384) ExperimentalWarning: localStorage is not available because --localstorage-file was not provided.
(Use `node --trace-warnings ...` to show where the warning was created)
 [32m✓[39m tests/unit/achievement-home-routing.test.ts [2m([22m[2m7 tests[22m[2m)[22m[33m 377[2mms[22m[39m
     [33m[2m✓[22m[39m opens the achievements page when the home rail button is actually clicked [33m 370[2mms[22m[39m
[90mstdout[2m | tests/unit/insitu-tour.test.ts[2m > [22m[2mfind_the_dog maybeRunInsituTour — allstates[2m > [22m[2mdrives every canonical state via driveTo and marks each confirmed state
[22m[39m[insituTour] state=menu scene=HomeScene

[90mstdout[2m | tests/unit/insitu-tour.test.ts[2m > [22m[2mfind_the_dog maybeRunInsituTour — allstates[2m > [22m[2mdrives every canonical state via driveTo and marks each confirmed state
[22m[39m[insituTour] state=menu-DONE scene=HomeScene

[90mstdout[2m | tests/unit/insitu-tour.test.ts[2m > [22m[2mfind_the_dog maybeRunInsituTour — allstates[2m > [22m[2mdrives every canonical state via driveTo and marks each confirmed state
[22m[39m[insituTour] state=level scene=GameScene

[90mstdout[2m | tests/unit/insitu-tour.test.ts[2m > [22m[2mfind_the_dog maybeRunInsituTour — allstates[2m > [22m[2mdrives every canonical state via driveTo and marks each confirmed state
[22m[39m[insituTour] state=level-DONE scene=GameScene

[90mstdout[2m | tests/unit/sdk-storage-denial-bootstrap.test.ts[2m > [22m[2mSDK storage denial composition[2m > [22m[2mboots getSdkContext with an unreplaceable throwing localStorage getter and fails analytics closed
[22m[39m[analytics] session_start {
  game: [32m'find_the_dog'[39m,
  environment: [32m'development'[39m,
  platform: [32m'web'[39m,
  first_open: [33mfalse[39m,
  env: [32m'development'[39m,
  session_id: [32m'5f54658a-319c-47c6-b74f-3434e5ac0371'[39m,
  event_ts: [33m1788609569652[39m
}

[90mstdout[2m | tests/unit/sdk-storage-denial-bootstrap.test.ts[2m > [22m[2mSDK storage denial composition[2m > [22m[2mboots getSdkContext with an unreplaceable throwing localStorage getter and fails analytics closed
[22m[39m[analytics] app_open {
  game: [32m'find_the_dog'[39m,
  environment: [32m'development'[39m,
  platform: [32m'web'[39m,
  env: [32m'development'[39m,
  session_id: [32m'5f54658a-319c-47c6-b74f-3434e5ac0371'[39m,
  event_ts: [33m1788609569653[39m
}

[90mstdout[2m | tests/unit/sdk-storage-denial-bootstrap.test.ts[2m > [22m[2mSDK storage denial composition[2m > [22m[2mboots getSdkContext with an unreplaceable throwing localStorage getter and fails analytics closed
[22m[39m[attribution:disabled] no attribution provider configured (AppsFlyer: VITE_APPSFLYER_ENABLED is not true; Adjust: VITE_ADJUST_IOS_ENABLED is not true)

[90mstdout[2m | tests/unit/insitu-tour.test.ts[2m > [22m[2mfind_the_dog maybeRunInsituTour — allstates[2m > [22m[2mdrives every canonical state via driveTo and marks each confirmed state
[22m[39m[insituTour] state=settings scene=HomeScene

[90mstdout[2m | tests/unit/insitu-tour.test.ts[2m > [22m[2mfind_the_dog maybeRunInsituTour — allstates[2m > [22m[2mdrives every canonical state via driveTo and marks each confirmed state
[22m[39m[insituTour] state=settings-DONE scene=HomeScene

[90mstdout[2m | tests/unit/insitu-tour.test.ts[2m > [22m[2mfind_the_dog maybeRunInsituTour — allstates[2m > [22m[2mdrives every canonical state via driveTo and marks each confirmed state
[22m[39m[insituTour] state=pause scene=GameScene

[90mstdout[2m | tests/unit/insitu-tour.test.ts[2m > [22m[2mfind_the_dog maybeRunInsituTour — allstates[2m > [22m[2mdrives every canonical state via driveTo and marks each confirmed state
[22m[39m[insituTour] state=pause-DONE scene=GameScene

 [32m✓[39m tests/unit/sdk-storage-denial-bootstrap.test.ts [2m([22m[2m1 test[22m[2m)[22m[33m 462[2mms[22m[39m
     [33m[2m✓[22m[39m boots getSdkContext with an unreplaceable throwing localStorage getter and fails analytics closed [33m 461[2mms[22m[39m
[90mstdout[2m | tests/unit/insitu-tour.test.ts[2m > [22m[2mfind_the_dog maybeRunInsituTour — allstates[2m > [22m[2mdrives every canonical state via driveTo and marks each confirmed state
[22m[39m[insituTour] state=win scene=GameScene

[90mstdout[2m | tests/unit/insitu-tour.test.ts[2m > [22m[2mfind_the_dog maybeRunInsituTour — allstates[2m > [22m[2mdrives every canonical state via driveTo and marks each confirmed state
[22m[39m[insituTour] state=win-DONE scene=GameScene

[90mstdout[2m | tests/unit/insitu-tour.test.ts[2m > [22m[2mfind_the_dog maybeRunInsituTour — allstates[2m > [22m[2mdrives every canonical state via driveTo and marks each confirmed state
[22m[39m[insituTour] state=fail scene=GameScene

[90mstdout[2m | tests/unit/insitu-tour.test.ts[2m > [22m[2mfind_the_dog maybeRunInsituTour — allstates[2m > [22m[2mdrives every canonical state via driveTo and marks each confirmed state
[22m[39m[insituTour] state=fail-DONE scene=GameScene
[insituTour] state=done scene=GameScene

[90mstdout[2m | tests/unit/insitu-tour.test.ts[2m > [22m[2mfind_the_dog maybeRunInsituTour — allstates[2m > [22m[2mresets and seeds save state before the first canonical drive
[22m[39m[insituTour] state=menu scene=HomeScene

[90mstdout[2m | tests/unit/insitu-tour.test.ts[2m > [22m[2mfind_the_dog maybeRunInsituTour — allstates[2m > [22m[2mresets and seeds save state before the first canonical drive
[22m[39m[insituTour] state=menu-DONE scene=HomeScene

[90mstdout[2m | tests/unit/insitu-tour.test.ts[2m > [22m[2mfind_the_dog maybeRunInsituTour — allstates[2m > [22m[2mresets and seeds save state before the first canonical drive
[22m[39m[insituTour] state=level scene=GameScene

[90mstdout[2m | tests/unit/insitu-tour.test.ts[2m > [22m[2mfind_the_dog maybeRunInsituTour — allstates[2m > [22m[2mresets and seeds save state before the first canonical drive
[22m[39m[insituTour] state=level-DONE scene=GameScene

[90mstdout[2m | tests/unit/insitu-tour.test.ts[2m > [22m[2mfind_the_dog maybeRunInsituTour — allstates[2m > [22m[2mresets and seeds save state before the first canonical drive
[22m[39m[insituTour] state=settings scene=HomeScene

[90mstdout[2m | tests/unit/insitu-tour.test.ts[2m > [22m[2mfind_the_dog maybeRunInsituTour — allstates[2m > [22m[2mresets and seeds save state before the first canonical drive
[22m[39m[insituTour] state=settings-DONE scene=HomeScene

[90mstdout[2m | tests/unit/insitu-tour.test.ts[2m > [22m[2mfind_the_dog maybeRunInsituTour — allstates[2m > [22m[2mresets and seeds save state before the first canonical drive
[22m[39m[insituTour] state=pause scene=GameScene

[90mstdout[2m | tests/unit/insitu-tour.test.ts[2m > [22m[2mfind_the_dog maybeRunInsituTour — allstates[2m > [22m[2mresets and seeds save state before the first canonical drive
[22m[39m[insituTour] state=pause-DONE scene=GameScene

[90mstdout[2m | tests/unit/insitu-tour.test.ts[2m > [22m[2mfind_the_dog maybeRunInsituTour — allstates[2m > [22m[2mresets and seeds save state before the first canonical drive
[22m[39m[insituTour] state=win scene=GameScene

[90mstdout[2m | tests/unit/insitu-tour.test.ts[2m > [22m[2mfind_the_dog maybeRunInsituTour — allstates[2m > [22m[2mresets and seeds save state before the first canonical drive
[22m[39m[insituTour] state=win-DONE scene=GameScene

[90mstdout[2m | tests/unit/insitu-tour.test.ts[2m > [22m[2mfind_the_dog maybeRunInsituTour — allstates[2m > [22m[2mresets and seeds save state before the first canonical drive
[22m[39m[insituTour] state=fail scene=GameScene

[90mstdout[2m | tests/unit/insitu-tour.test.ts[2m > [22m[2mfind_the_dog maybeRunInsituTour — allstates[2m > [22m[2mresets and seeds save state before the first canonical drive
[22m[39m[insituTour] state=fail-DONE scene=GameScene
[insituTour] state=done scene=GameScene

[90mstdout[2m | tests/unit/insitu-tour.test.ts[2m > [22m[2mfind_the_dog maybeRunInsituTour — allstates[2m > [22m[2mmarks a failed state honestly when driveTo returns false
[22m[39m[insituTour] state=menu scene=HomeScene

[90mstdout[2m | tests/unit/insitu-tour.test.ts[2m > [22m[2mfind_the_dog maybeRunInsituTour — allstates[2m > [22m[2mmarks a failed state honestly when driveTo returns false
[22m[39m[insituTour] state=menu-DONE scene=HomeScene

[90mstdout[2m | tests/unit/insitu-tour.test.ts[2m > [22m[2mfind_the_dog maybeRunInsituTour — allstates[2m > [22m[2mmarks a failed state honestly when driveTo returns false
[22m[39m[insituTour] state=level scene=GameScene

[90mstdout[2m | tests/unit/insitu-tour.test.ts[2m > [22m[2mfind_the_dog maybeRunInsituTour — allstates[2m > [22m[2mmarks a failed state honestly when driveTo returns false
[22m[39m[insituTour] state=level-DONE scene=GameScene

[90mstdout[2m | tests/unit/insitu-tour.test.ts[2m > [22m[2mfind_the_dog maybeRunInsituTour — allstates[2m > [22m[2mmarks a failed state honestly when driveTo returns false
[22m[39m[insituTour] state=settings scene=HomeScene

[90mstdout[2m | tests/unit/insitu-tour.test.ts[2m > [22m[2mfind_the_dog maybeRunInsituTour — allstates[2m > [22m[2mmarks a failed state honestly when driveTo returns false
[22m[39m[insituTour] state=settings-DONE scene=HomeScene

[90mstdout[2m | tests/unit/insitu-tour.test.ts[2m > [22m[2mfind_the_dog maybeRunInsituTour — allstates[2m > [22m[2mmarks a failed state honestly when driveTo returns false
[22m[39m[insituTour] state=pause-FAILED scene=HomeScene

[90mstdout[2m | tests/unit/insitu-tour.test.ts[2m > [22m[2mfind_the_dog maybeRunInsituTour — allstates[2m > [22m[2mmarks a failed state honestly when driveTo returns false
[22m[39m[insituTour] state=win scene=GameScene

[90mstdout[2m | tests/unit/insitu-tour.test.ts[2m > [22m[2mfind_the_dog maybeRunInsituTour — allstates[2m > [22m[2mmarks a failed state honestly when driveTo returns false
[22m[39m[insituTour] state=win-DONE scene=GameScene

[90mstdout[2m | tests/unit/insitu-tour.test.ts[2m > [22m[2mfind_the_dog maybeRunInsituTour — allstates[2m > [22m[2mmarks a failed state honestly when driveTo returns false
[22m[39m[insituTour] state=fail scene=GameScene

[90mstdout[2m | tests/unit/insitu-tour.test.ts[2m > [22m[2mfind_the_dog maybeRunInsituTour — allstates[2m > [22m[2mmarks a failed state honestly when driveTo returns false
[22m[39m[insituTour] state=fail-DONE scene=GameScene
[insituTour] state=done scene=GameScene

[90mstdout[2m | tests/unit/insitu-tour.test.ts[2m > [22m[2mfind_the_dog maybeRunInsituTour — allstates[2m > [22m[2mtimes out a never-settling driveTo, marks FAILED, and continues the tour
[22m[39m[insituTour] state=menu scene=HomeScene

[90mstdout[2m | tests/unit/insitu-tour.test.ts[2m > [22m[2mfind_the_dog maybeRunInsituTour — allstates[2m > [22m[2mtimes out a never-settling driveTo, marks FAILED, and continues the tour
[22m[39m[insituTour] state=menu-DONE scene=HomeScene

[90mstdout[2m | tests/unit/insitu-tour.test.ts[2m > [22m[2mfind_the_dog maybeRunInsituTour — allstates[2m > [22m[2mtimes out a never-settling driveTo, marks FAILED, and continues the tour
[22m[39m[insituTour] state=level scene=GameScene

[90mstdout[2m | tests/unit/insitu-tour.test.ts[2m > [22m[2mfind_the_dog maybeRunInsituTour — allstates[2m > [22m[2mtimes out a never-settling driveTo, marks FAILED, and continues the tour
[22m[39m[insituTour] state=level-DONE scene=GameScene

[90mstdout[2m | tests/unit/insitu-tour.test.ts[2m > [22m[2mfind_the_dog maybeRunInsituTour — allstates[2m > [22m[2mtimes out a never-settling driveTo, marks FAILED, and continues the tour
[22m[39m[insituTour] driveTo(settings) timed out after 20000ms

[90mstdout[2m | tests/unit/insitu-tour.test.ts[2m > [22m[2mfind_the_dog maybeRunInsituTour — allstates[2m > [22m[2mtimes out a never-settling driveTo, marks FAILED, and continues the tour
[22m[39m[insituTour] state=settings-FAILED scene=GameScene

[90mstdout[2m | tests/unit/insitu-tour.test.ts[2m > [22m[2mfind_the_dog maybeRunInsituTour — allstates[2m > [22m[2mtimes out a never-settling driveTo, marks FAILED, and continues the tour
[22m[39m[insituTour] state=pause scene=GameScene

[90mstdout[2m | tests/unit/insitu-tour.test.ts[2m > [22m[2mfind_the_dog maybeRunInsituTour — allstates[2m > [22m[2mtimes out a never-settling driveTo, marks FAILED, and continues the tour
[22m[39m[insituTour] state=pause-DONE scene=GameScene

[90mstdout[2m | tests/unit/insitu-tour.test.ts[2m > [22m[2mfind_the_dog maybeRunInsituTour — allstates[2m > [22m[2mtimes out a never-settling driveTo, marks FAILED, and continues the tour
[22m[39m[insituTour] state=win scene=GameScene

[90mstdout[2m | tests/unit/insitu-tour.test.ts[2m > [22m[2mfind_the_dog maybeRunInsituTour — allstates[2m > [22m[2mtimes out a never-settling driveTo, marks FAILED, and continues the tour
[22m[39m[insituTour] state=win-DONE scene=GameScene

[90mstdout[2m | tests/unit/insitu-tour.test.ts[2m > [22m[2mfind_the_dog maybeRunInsituTour — allstates[2m > [22m[2mtimes out a never-settling driveTo, marks FAILED, and continues the tour
[22m[39m[insituTour] state=fail scene=GameScene

[90mstdout[2m | tests/unit/insitu-tour.test.ts[2m > [22m[2mfind_the_dog maybeRunInsituTour — allstates[2m > [22m[2mtimes out a never-settling driveTo, marks FAILED, and continues the tour
[22m[39m[insituTour] state=fail-DONE scene=GameScene
[insituTour] state=done scene=GameScene

[90mstdout[2m | tests/unit/insitu-tour.test.ts[2m > [22m[2mfind_the_dog maybeRunInsituTour — allstates[2m > [22m[2mretires each exact marker before driving the next state
[22m[39m[insituTour] state=menu scene=HomeScene

[90mstdout[2m | tests/unit/insitu-tour.test.ts[2m > [22m[2mfind_the_dog maybeRunInsituTour — allstates[2m > [22m[2mretires each exact marker before driving the next state
[22m[39m[insituTour] state=menu-DONE scene=HomeScene

[90mstdout[2m | tests/unit/insitu-tour.test.ts[2m > [22m[2mfind_the_dog maybeRunInsituTour — allstates[2m > [22m[2mretires each exact marker before driving the next state
[22m[39m[insituTour] state=level scene=GameScene

[90mstdout[2m | tests/unit/insitu-tour.test.ts[2m > [22m[2mfind_the_dog maybeRunInsituTour — allstates[2m > [22m[2mretires each exact marker before driving the next state
[22m[39m[insituTour] state=level-DONE scene=GameScene

[90mstdout[2m | tests/unit/insitu-tour.test.ts[2m > [22m[2mfind_the_dog maybeRunInsituTour — allstates[2m > [22m[2mretires each exact marker before driving the next state
[22m[39m[insituTour] state=settings scene=HomeScene

[90mstdout[2m | tests/unit/insitu-tour.test.ts[2m > [22m[2mfind_the_dog maybeRunInsituTour — allstates[2m > [22m[2mretires each exact marker before driving the next state
[22m[39m[insituTour] state=settings-DONE scene=HomeScene

[90mstdout[2m | tests/unit/insitu-tour.test.ts[2m > [22m[2mfind_the_dog maybeRunInsituTour — allstates[2m > [22m[2mretires each exact marker before driving the next state
[22m[39m[insituTour] state=pause scene=GameScene

[90mstdout[2m | tests/unit/insitu-tour.test.ts[2m > [22m[2mfind_the_dog maybeRunInsituTour — allstates[2m > [22m[2mretires each exact marker before driving the next state
[22m[39m[insituTour] state=pause-DONE scene=GameScene

[90mstdout[2m | tests/unit/insitu-tour.test.ts[2m > [22m[2mfind_the_dog maybeRunInsituTour — allstates[2m > [22m[2mretires each exact marker before driving the next state
[22m[39m[insituTour] state=win scene=GameScene

[90mstdout[2m | tests/unit/insitu-tour.test.ts[2m > [22m[2mfind_the_dog maybeRunInsituTour — allstates[2m > [22m[2mretires each exact marker before driving the next state
[22m[39m[insituTour] state=win-DONE scene=GameScene

[90mstdout[2m | tests/unit/insitu-tour.test.ts[2m > [22m[2mfind_the_dog maybeRunInsituTour — allstates[2m > [22m[2mretires each exact marker before driving the next state
[22m[39m[insituTour] state=fail scene=GameScene

[90mstdout[2m | tests/unit/insitu-tour.test.ts[2m > [22m[2mfind_the_dog maybeRunInsituTour — allstates[2m > [22m[2mretires each exact marker before driving the next state
[22m[39m[insituTour] state=fail-DONE scene=GameScene
[insituTour] state=done scene=GameScene

[90mstdout[2m | tests/unit/insitu-tour.test.ts[2m > [22m[2mfind_the_dog maybeRunInsituTour — allstates[2m > [22m[2mwrites one off-screen #__tourstate__ marker with exact final label and text
[22m[39m[insituTour] state=menu scene=HomeScene

[90mstdout[2m | tests/unit/insitu-tour.test.ts[2m > [22m[2mfind_the_dog maybeRunInsituTour — allstates[2m > [22m[2mwrites one off-screen #__tourstate__ marker with exact final label and text
[22m[39m[insituTour] state=menu-DONE scene=HomeScene

[90mstdout[2m | tests/unit/insitu-tour.test.ts[2m > [22m[2mfind_the_dog maybeRunInsituTour — allstates[2m > [22m[2mwrites one off-screen #__tourstate__ marker with exact final label and text
[22m[39m[insituTour] state=level scene=GameScene

[90mstdout[2m | tests/unit/insitu-tour.test.ts[2m > [22m[2mfind_the_dog maybeRunInsituTour — allstates[2m > [22m[2mwrites one off-screen #__tourstate__ marker with exact final label and text
[22m[39m[insituTour] state=level-DONE scene=GameScene

[90mstdout[2m | tests/unit/insitu-tour.test.ts[2m > [22m[2mfind_the_dog maybeRunInsituTour — allstates[2m > [22m[2mwrites one off-screen #__tourstate__ marker with exact final label and text
[22m[39m[insituTour] state=settings scene=HomeScene

[90mstdout[2m | tests/unit/insitu-tour.test.ts[2m > [22m[2mfind_the_dog maybeRunInsituTour — allstates[2m > [22m[2mwrites one off-screen #__tourstate__ marker with exact final label and text
[22m[39m[insituTour] state=settings-DONE scene=HomeScene

[90mstdout[2m | tests/unit/insitu-tour.test.ts[2m > [22m[2mfind_the_dog maybeRunInsituTour — allstates[2m > [22m[2mwrites one off-screen #__tourstate__ marker with exact final label and text
[22m[39m[insituTour] state=pause scene=GameScene

[90mstdout[2m | tests/unit/insitu-tour.test.ts[2m > [22m[2mfind_the_dog maybeRunInsituTour — allstates[2m > [22m[2mwrites one off-screen #__tourstate__ marker with exact final label and text
[22m[39m[insituTour] state=pause-DONE scene=GameScene

[90mstdout[2m | tests/unit/insitu-tour.test.ts[2m > [22m[2mfind_the_dog maybeRunInsituTour — allstates[2m > [22m[2mwrites one off-screen #__tourstate__ marker with exact final label and text
[22m[39m[insituTour] state=win scene=GameScene

[90mstdout[2m | tests/unit/insitu-tour.test.ts[2m > [22m[2mfind_the_dog maybeRunInsituTour — allstates[2m > [22m[2mwrites one off-screen #__tourstate__ marker with exact final label and text
[22m[39m[insituTour] state=win-DONE scene=GameScene

[90mstdout[2m | tests/unit/insitu-tour.test.ts[2m > [22m[2mfind_the_dog maybeRunInsituTour — allstates[2m > [22m[2mwrites one off-screen #__tourstate__ marker with exact final label and text
[22m[39m[insituTour] state=fail scene=GameScene

[90mstdout[2m | tests/unit/insitu-tour.test.ts[2m > [22m[2mfind_the_dog maybeRunInsituTour — allstates[2m > [22m[2mwrites one off-screen #__tourstate__ marker with exact final label and text
[22m[39m[insituTour] state=fail-DONE scene=GameScene
[insituTour] state=done scene=GameScene

[90mstdout[2m | tests/unit/insitu-tour.test.ts[2m > [22m[2mfind_the_dog maybeRunInsituTour — allstates[2m > [22m[2mpublishes viewport geometry on a separate off-screen accessibility marker for exact states
[22m[39m[insituTour] state=menu scene=HomeScene

[90mstdout[2m | tests/unit/insitu-tour.test.ts[2m > [22m[2mfind_the_dog maybeRunInsituTour — allstates[2m > [22m[2mpublishes viewport geometry on a separate off-screen accessibility marker for exact states
[22m[39m[insituTour] state=menu-DONE scene=HomeScene

[90mstdout[2m | tests/unit/insitu-tour.test.ts[2m > [22m[2mfind_the_dog maybeRunInsituTour — allstates[2m > [22m[2mpublishes viewport geometry on a separate off-screen accessibility marker for exact states
[22m[39m[insituTour] state=level scene=GameScene

[90mstdout[2m | tests/unit/insitu-tour.test.ts[2m > [22m[2mfind_the_dog maybeRunInsituTour — allstates[2m > [22m[2mpublishes viewport geometry on a separate off-screen accessibility marker for exact states
[22m[39m[insituTour] state=level-DONE scene=GameScene

[90mstdout[2m | tests/unit/insitu-tour.test.ts[2m > [22m[2mfind_the_dog maybeRunInsituTour — allstates[2m > [22m[2mpublishes viewport geometry on a separate off-screen accessibility marker for exact states
[22m[39m[insituTour] state=settings scene=HomeScene

[90mstdout[2m | tests/unit/insitu-tour.test.ts[2m > [22m[2mfind_the_dog maybeRunInsituTour — allstates[2m > [22m[2mpublishes viewport geometry on a separate off-screen accessibility marker for exact states
[22m[39m[insituTour] state=settings-DONE scene=HomeScene

[90mstdout[2m | tests/unit/insitu-tour.test.ts[2m > [22m[2mfind_the_dog maybeRunInsituTour — allstates[2m > [22m[2mpublishes viewport geometry on a separate off-screen accessibility marker for exact states
[22m[39m[insituTour] state=pause scene=GameScene

[90mstdout[2m | tests/unit/insitu-tour.test.ts[2m > [22m[2mfind_the_dog maybeRunInsituTour — allstates[2m > [22m[2mpublishes viewport geometry on a separate off-screen accessibility marker for exact states
[22m[39m[insituTour] state=pause-DONE scene=GameScene

[90mstdout[2m | tests/unit/insitu-tour.test.ts[2m > [22m[2mfind_the_dog maybeRunInsituTour — allstates[2m > [22m[2mpublishes viewport geometry on a separate off-screen accessibility marker for exact states
[22m[39m[insituTour] state=win scene=GameScene

[90mstdout[2m | tests/unit/insitu-tour.test.ts[2m > [22m[2mfind_the_dog maybeRunInsituTour — allstates[2m > [22m[2mpublishes viewport geometry on a separate off-screen accessibility marker for exact states
[22m[39m[insituTour] state=win-DONE scene=GameScene

[90mstdout[2m | tests/unit/insitu-tour.test.ts[2m > [22m[2mfind_the_dog maybeRunInsituTour — allstates[2m > [22m[2mpublishes viewport geometry on a separate off-screen accessibility marker for exact states
[22m[39m[insituTour] state=fail scene=GameScene

[90mstdout[2m | tests/unit/insitu-tour.test.ts[2m > [22m[2mfind_the_dog maybeRunInsituTour — allstates[2m > [22m[2mpublishes viewport geometry on a separate off-screen accessibility marker for exact states
[22m[39m[insituTour] state=fail-DONE scene=GameScene
[insituTour] state=done scene=GameScene

 [32m✓[39m tests/unit/insitu-tour.test.ts [2m([22m[2m8 tests[22m[2m)[22m[32m 97[2mms[22m[39m
 [32m✓[39m tests/unit/home-menu-polish.test.ts [2m([22m[2m2 tests[22m[2m)[22m[32m 60[2mms[22m[39m
(node:43453) ExperimentalWarning: localStorage is not available because --localstorage-file was not provided.
(Use `node --trace-warnings ...` to show where the warning was created)
 [32m✓[39m tests/unit/achievement-migration.test.ts [2m([22m[2m8 tests[22m[2m)[22m[32m 5[2mms[22m[39m
(node:43455) ExperimentalWarning: localStorage is not available because --localstorage-file was not provided.
(Use `node --trace-warnings ...` to show where the warning was created)
(node:43459) ExperimentalWarning: localStorage is not available because --localstorage-file was not provided.
(Use `node --trace-warnings ...` to show where the warning was created)
[90mstdout[2m | tests/unit/test-harness-real-flow.test.ts[2m > [22m[2mfind_the_dog TestHarness real-flow wiring[2m > [22m[2mpublishes every canonical tour marker in order through the real harness
[22m[39m[insituTour] state=menu scene=HomeScene

[90mstdout[2m | tests/unit/test-harness-real-flow.test.ts[2m > [22m[2mfind_the_dog TestHarness real-flow wiring[2m > [22m[2mpublishes every canonical tour marker in order through the real harness
[22m[39m[insituTour] state=menu-DONE scene=HomeScene

(node:43456) ExperimentalWarning: localStorage is not available because --localstorage-file was not provided.
(Use `node --trace-warnings ...` to show where the warning was created)
[90mstdout[2m | tests/unit/shop-home-parity.test.ts[2m > [22m[2mshop and Settings parity
[22m[39m[analytics] iap_state_changed {
  game: [32m'find_the_dog'[39m,
  state: [32m'initializing'[39m,
  env: [32m'development'[39m,
  session_id: [32m'e8dd9f99-eb27-463a-b2b1-db458457f44d'[39m,
  event_ts: [33m1788609569851[39m
}

[90mstdout[2m | tests/unit/shop-home-parity.test.ts[2m > [22m[2mshop and Settings parity
[22m[39m[analytics] iap_state_changed {
  game: [32m'find_the_dog'[39m,
  state: [32m'ready'[39m,
  env: [32m'development'[39m,
  session_id: [32m'e8dd9f99-eb27-463a-b2b1-db458457f44d'[39m,
  event_ts: [33m1788609569851[39m
}

 [32m✓[39m tests/unit/achievement-collection-ui.test.ts [2m([22m[2m6 tests[22m[2m)[22m[32m 20[2mms[22m[39m
[90mstdout[2m | tests/unit/test-harness-real-flow.test.ts[2m > [22m[2mfind_the_dog TestHarness real-flow wiring[2m > [22m[2mpublishes every canonical tour marker in order through the real harness
[22m[39m[insituTour] state=level scene=GameScene

[90mstdout[2m | tests/unit/test-harness-real-flow.test.ts[2m > [22m[2mfind_the_dog TestHarness real-flow wiring[2m > [22m[2mpublishes every canonical tour marker in order through the real harness
[22m[39m[insituTour] state=level-DONE scene=GameScene

[90mstdout[2m | tests/unit/shop-home-parity.test.ts[2m > [22m[2mshop and Settings parity[2m > [22m[2mkeeps only the pending product visually busy while preserving every price and blocking re-entry
[22m[39m[analytics] purchase_sheet_shown {
  game: [32m'find_the_dog'[39m,
  product_id: [32m'com.baseardahan.hiddenobj.hints50x'[39m,
  env: [32m'development'[39m,
  session_id: [32m'e8dd9f99-eb27-463a-b2b1-db458457f44d'[39m,
  event_ts: [33m1788609569886[39m
}

[90mstdout[2m | tests/unit/sdk-context.test.ts[2m > [22m[2mFTD SdkContext composition matrix[2m > [22m[2mkeeps Firebase Analytics absent even with complete Firebase config
[22m[39m[analytics] dog_found {
  game: [32m'find_the_dog'[39m,
  environment: [32m'development'[39m,
  platform: [32m'ios'[39m,
  dog_index: [33m0[39m,
  no_ads: [33mfalse[39m,
  env: [32m'development'[39m,
  session_id: [32m'3425d5e1-d1a1-4eeb-bc0c-4b8da2abdeca'[39m,
  event_ts: [33m1788609569896[39m
}

[90mstderr[2m | tests/unit/sdk-context.test.ts[2m > [22m[2mFTD SdkContext composition matrix[2m > [22m[2mkeeps Firebase Analytics absent even with complete Firebase config
[22m[39m[iap] RELEASE BLOCKER: native ios is using FakePurchaseProvider because VITE_REVENUECAT_IOS_API_KEY is absent

[90mstdout[2m | tests/unit/sdk-context.test.ts[2m > [22m[2mFTD SdkContext composition matrix[2m > [22m[2momits the Firebase sink and never touches the plugin when config is absent on native iOS
[22m[39m[analytics] dog_found {
  game: [32m'find_the_dog'[39m,
  environment: [32m'development'[39m,
  platform: [32m'ios'[39m,
  dog_index: [33m0[39m,
  no_ads: [33mfalse[39m,
  env: [32m'development'[39m,
  session_id: [32m'6c0436d6-2669-44fb-8e4e-cae9aab99766'[39m,
  event_ts: [33m1788609569897[39m
}

[90mstderr[2m | tests/unit/sdk-context.test.ts[2m > [22m[2mFTD SdkContext composition matrix[2m > [22m[2momits the Firebase sink and never touches the plugin when config is absent on native iOS
[22m[39m[iap] RELEASE BLOCKER: native ios is using FakePurchaseProvider because VITE_REVENUECAT_IOS_API_KEY is absent

[90mstderr[2m | tests/unit/sdk-context.test.ts[2m > [22m[2mFTD SdkContext composition matrix[2m > [22m[2momits the Firebase sink when config is partial (missing APP_ID)
[22m[39m[iap] RELEASE BLOCKER: native ios is using FakePurchaseProvider because VITE_REVENUECAT_IOS_API_KEY is absent

[90mstdout[2m | tests/unit/sdk-context.test.ts[2m > [22m[2mFTD SdkContext composition matrix[2m > [22m[2mkeeps every game.config analytics id emittable through the root facade
[22m[39m[analytics] session_start {
  game: [32m'find_the_dog'[39m,
  environment: [32m'development'[39m,
  platform: [32m'web'[39m,
  env: [32m'development'[39m,
  session_id: [32m'689ef871-7c0f-4fb4-8412-424cfb0053ac'[39m,
  event_ts: [33m1788609569898[39m
}
[analytics] session_end {
  game: [32m'find_the_dog'[39m,
  environment: [32m'development'[39m,
  platform: [32m'web'[39m,
  env: [32m'development'[39m,
  session_id: [32m'689ef871-7c0f-4fb4-8412-424cfb0053ac'[39m,
  event_ts: [33m1788609569898[39m
}
[analytics] level_start {
  game: [32m'find_the_dog'[39m,
  environment: [32m'development'[39m,
  platform: [32m'web'[39m,
  env: [32m'development'[39m,
  session_id: [32m'689ef871-7c0f-4fb4-8412-424cfb0053ac'[39m,
  event_ts: [33m1788609569898[39m
}
[analytics] level_complete {
  game: [32m'find_the_dog'[39m,
  environment: [32m'development'[39m,
  platform: [32m'web'[39m,
  env: [32m'development'[39m,
  session_id: [32m'689ef871-7c0f-4fb4-8412-424cfb0053ac'[39m,
  event_ts: [33m1788609569898[39m
}
[analytics] level_fail {
  game: [32m'find_the_dog'[39m,
  environment: [32m'development'[39m,
  platform: [32m'web'[39m,
  env: [32m'development'[39m,
  session_id: [32m'689ef871-7c0f-4fb4-8412-424cfb0053ac'[39m,
  event_ts: [33m1788609569898[39m
}
[analytics] resource_change {
  game: [32m'find_the_dog'[39m,
  environment: [32m'development'[39m,
  platform: [32m'web'[39m,
  env: [32m'development'[39m,
  session_id: [32m'689ef871-7c0f-4fb4-8412-424cfb0053ac'[39m,
  event_ts: [33m1788609569898[39m
}
[analytics] ad_request {
  game: [32m'find_the_dog'[39m,
  environment: [32m'development'[39m,
  platform: [32m'web'[39m,
  env: [32m'development'[39m,
  session_id: [32m'689ef871-7c0f-4fb4-8412-424cfb0053ac'[39m,
  event_ts: [33m1788609569898[39m
}
[analytics] ad_impression {
  game: [32m'find_the_dog'[39m,
  environment: [32m'development'[39m,
  platform: [32m'web'[39m,
  env: [32m'development'[39m,
  session_id: [32m'689ef871-7c0f-4fb4-8412-424cfb0053ac'[39m,
  event_ts: [33m1788609569898[39m
}
[analytics] ad_reward {
  game: [32m'find_the_dog'[39m,
  environment: [32m'development'[39m,
  platform: [32m'web'[39m,
  env: [32m'development'[39m,
  session_id: [32m'689ef871-7c0f-4fb4-8412-424cfb0053ac'[39m,
  event_ts: [33m1788609569898[39m
}
[analytics] purchase {
  game: [32m'find_the_dog'[39m,
  environment: [32m'development'[39m,
  platform: [32m'web'[39m,
  env: [32m'development'[39m,
  session_id: [32m'689ef871-7c0f-4fb4-8412-424cfb0053ac'[39m,
  event_ts: [33m1788609569898[39m
}

[90mstdout[2m | tests/unit/sdk-context.test.ts[2m > [22m[2mFTD SdkContext composition matrix[2m > [22m[2mstamps every event with the runtime game identity fields
[22m[39m[analytics] dog_found {
  game: [32m'find_the_dog'[39m,
  environment: [32m'development'[39m,
  platform: [32m'ios'[39m,
  build: [32m'1.0.4+abc123'[39m,
  app_version: [32m'1.0.4'[39m,
  cohort_bucket: [33m3[39m,
  env: [32m'development'[39m,
  session_id: [32m'9b43c9c3-20b9-4466-830d-ce1733931665'[39m,
  event_ts: [33m1788609569898[39m
}

 [32m✓[39m tests/unit/shop-home-parity.test.ts [2m([22m[2m3 tests[22m[2m)[22m[32m 69[2mms[22m[39m
[90mstdout[2m | tests/unit/sdk-context.test.ts[2m > [22m[2mFTD SdkContext composition matrix[2m > [22m[2mreports truthful ring-buffer metrics after emission
[22m[39m[analytics] dog_found {
  game: [32m'find_the_dog'[39m,
  environment: [32m'development'[39m,
  platform: [32m'web'[39m,
  build: [32m'1.0.4+abc123'[39m,
  app_version: [32m'1.0.4'[39m,
  level_id: [32m'level_1'[39m,
  dog_index: [33m0[39m,
  env: [32m'development'[39m,
  session_id: [32m'98e97be2-e14a-41d2-b6ae-02f964d34011'[39m,
  event_ts: [33m1788609569907[39m
}

[90mstdout[2m | tests/unit/sdk-context.test.ts[2m > [22m[2mFTD SdkContext composition matrix[2m > [22m[2mblocks sensitive identifiers from the owned mirror canonical allowlist
[22m[39m[analytics] purchase_fulfilled {
  game: [32m'find_the_dog'[39m,
  environment: [32m'development'[39m,
  platform: [32m'web'[39m,
  build: [32m'1.0.4+abc123'[39m,
  app_version: [32m'1.0.4'[39m,
  product_id: [32m'hints_pack'[39m,
  purchase_id: [32m'purchase-secret-123456'[39m,
  transaction_id: [32m'transaction-secret-123456'[39m,
  receipt: [32m'receipt-secret-123456'[39m,
  env: [32m'development'[39m,
  session_id: [32m'ec70af43-26c3-4e50-86a3-a71d5a569462'[39m,
  event_ts: [33m1788609569908[39m
}
[analytics] app_background {
  game: [32m'find_the_dog'[39m,
  environment: [32m'development'[39m,
  platform: [32m'web'[39m,
  build: [32m'1.0.4+abc123'[39m,
  app_version: [32m'1.0.4'[39m,
  levels_played: [33m3[39m,
  env: [32m'development'[39m,
  session_id: [32m'ec70af43-26c3-4e50-86a3-a71d5a569462'[39m,
  event_ts: [33m1788609569908[39m
}

 [32m✓[39m tests/unit/sdk-context.test.ts [2m([22m[2m21 tests[22m[2m)[22m[32m 52[2mms[22m[39m
[90mstdout[2m | tests/unit/test-harness-real-flow.test.ts[2m > [22m[2mfind_the_dog TestHarness real-flow wiring[2m > [22m[2mpublishes every canonical tour marker in order through the real harness
[22m[39m[insituTour] state=settings scene=HomeScene

[90mstdout[2m | tests/unit/test-harness-real-flow.test.ts[2m > [22m[2mfind_the_dog TestHarness real-flow wiring[2m > [22m[2mpublishes every canonical tour marker in order through the real harness
[22m[39m[insituTour] state=settings-DONE scene=HomeScene

[90mstdout[2m | tests/unit/test-harness-real-flow.test.ts[2m > [22m[2mfind_the_dog TestHarness real-flow wiring[2m > [22m[2mpublishes every canonical tour marker in order through the real harness
[22m[39m[insituTour] state=pause scene=GameScene

[90mstdout[2m | tests/unit/test-harness-real-flow.test.ts[2m > [22m[2mfind_the_dog TestHarness real-flow wiring[2m > [22m[2mpublishes every canonical tour marker in order through the real harness
[22m[39m[insituTour] state=pause-DONE scene=GameScene

(node:43462) ExperimentalWarning: localStorage is not available because --localstorage-file was not provided.
(Use `node --trace-warnings ...` to show where the warning was created)
(node:43461) ExperimentalWarning: localStorage is not available because --localstorage-file was not provided.
(Use `node --trace-warnings ...` to show where the warning was created)
[90mstdout[2m | tests/unit/achievement-persistence.test.ts[2m > [22m[2mwrite-ahead recovery (AC3/KTD2)[2m > [22m[2mcomponent matching neither snapshot journals a system-scoped anomaly and drains it
[22m[39m[analytics] achievement_reconciliation_anomaly {
  game: [32m'find_the_dog'[39m,
  event_id: [32m'ach:5:reconciliation:achievement_system'[39m,
  achievement_id: [32m'achievement_system'[39m,
  occurrence_id: [32m'occ-r'[39m,
  category: [32m'system'[39m,
  wallet_component: [32m'coins'[39m,
  env: [32m'development'[39m,
  session_id: [32m'6edf14f3-cc8e-4dcc-866f-807a21db5af9'[39m,
  event_ts: [33m1788609570050[39m
}

[90mstdout[2m | tests/unit/test-harness-real-flow.test.ts[2m > [22m[2mfind_the_dog TestHarness real-flow wiring[2m > [22m[2mpublishes every canonical tour marker in order through the real harness
[22m[39m[insituTour] state=win scene=GameScene

[90mstdout[2m | tests/unit/test-harness-real-flow.test.ts[2m > [22m[2mfind_the_dog TestHarness real-flow wiring[2m > [22m[2mpublishes every canonical tour marker in order through the real harness
[22m[39m[insituTour] state=win-DONE scene=GameScene

 [32m✓[39m tests/unit/achievement-persistence.test.ts [2m([22m[2m36 tests[22m[2m)[22m[32m 23[2mms[22m[39m
 [32m✓[39m tests/unit/iap-provider-selection.test.ts [2m([22m[2m8 tests[22m[2m)[22m[32m 30[2mms[22m[39m
[90mstdout[2m | tests/unit/test-harness-real-flow.test.ts[2m > [22m[2mfind_the_dog TestHarness real-flow wiring[2m > [22m[2mpublishes every canonical tour marker in order through the real harness
[22m[39m[insituTour] state=fail scene=GameScene

[90mstdout[2m | tests/unit/test-harness-real-flow.test.ts[2m > [22m[2mfind_the_dog TestHarness real-flow wiring[2m > [22m[2mpublishes every canonical tour marker in order through the real harness
[22m[39m[insituTour] state=fail-DONE scene=GameScene
[insituTour] state=done scene=GameScene

(node:43463) ExperimentalWarning: localStorage is not available because --localstorage-file was not provided.
(Use `node --trace-warnings ...` to show where the warning was created)
 [32m✓[39m tests/unit/achievement-unlock-toast.test.ts [2m([22m[2m4 tests[22m[2m)[22m[32m 11[2mms[22m[39m
 [32m✓[39m tests/unit/asset-preload-parity.test.ts [2m([22m[2m2 tests[22m[2m)[22m[32m 17[2mms[22m[39m
[90mstdout[2m | tests/unit/test-harness-real-flow.test.ts[2m > [22m[2mfind_the_dog TestHarness real-flow wiring[2m > [22m[2mmarks a lost real-harness state FAILED and continues to the next state
[22m[39m[insituTour] state=settings scene=HomeScene

[90mstdout[2m | tests/unit/test-harness-real-flow.test.ts[2m > [22m[2mfind_the_dog TestHarness real-flow wiring[2m > [22m[2mmarks a lost real-harness state FAILED and continues to the next state
[22m[39m[insituTour] state=settings-FAILED scene=HomeScene

[90mstdout[2m | tests/unit/purchase-funnel-analytics.test.ts[2m > [22m[2mAnalyticsService purchase funnel emitters[2m > [22m[2mresourceChanged emits one canonical economy envelope instead of a duplicate SDK resource event
[22m[39m[analytics] resource_changed {
  game: [32m'find_the_dog'[39m,
  flow_type: [32m'source'[39m,
  currency: [32m'coins'[39m,
  amount: [33m10[39m,
  item_type: [32m'level'[39m,
  item_id: [32m'level_complete'[39m,
  level_id: [32m'level_1'[39m,
  env: [32m'development'[39m,
  session_id: [32m'1266dd30-8dae-48d6-af24-d2710d84188d'[39m,
  event_ts: [33m1788609570179[39m
}

[90mstdout[2m | tests/unit/purchase-funnel-analytics.test.ts[2m > [22m[2mAnalyticsService purchase funnel emitters[2m > [22m[2mpurchaseFailed carries surface, reason, failure_kind and truncates error_message
[22m[39m[analytics] purchase_failed {
  game: [32m'find_the_dog'[39m,
  product_id: [32m'com.example.hints10x'[39m,
  surface: [32m'fail_continue'[39m,
  reason: [32m'failed'[39m,
  failure_kind: [32m'timeout'[39m,
  error_message: [32m'xxxxxxxxxxxxxxxxxxxxxxxxxxxxxxxxxxxxxxxxxxxxxxxxxxxxxxxxxxxxxxxxxxxxxxxxxxxxxxxxxxxxxxxxxxxxxxxx'[39m,
  env: [32m'development'[39m,
  session_id: [32m'1266dd30-8dae-48d6-af24-d2710d84188d'[39m,
  event_ts: [33m1788609570186[39m
}

[90mstdout[2m | tests/unit/purchase-funnel-analytics.test.ts[2m > [22m[2mAnalyticsService purchase funnel emitters[2m > [22m[2mpurchaseInitiated / purchaseCancelled carry the surface dimension
[22m[39m[analytics] purchase_initiated {
  game: [32m'find_the_dog'[39m,
  product_id: [32m'p'[39m,
  surface: [32m'shop'[39m,
  env: [32m'development'[39m,
  session_id: [32m'1266dd30-8dae-48d6-af24-d2710d84188d'[39m,
  event_ts: [33m1788609570186[39m
}

[90mstdout[2m | tests/unit/purchase-funnel-analytics.test.ts[2m > [22m[2mAnalyticsService purchase funnel emitters[2m > [22m[2mpurchaseInitiated / purchaseCancelled carry the surface dimension
[22m[39m[analytics] purchase_cancelled {
  game: [32m'find_the_dog'[39m,
  product_id: [32m'p'[39m,
  surface: [32m'shop'[39m,
  env: [32m'development'[39m,
  session_id: [32m'1266dd30-8dae-48d6-af24-d2710d84188d'[39m,
  event_ts: [33m1788609570187[39m
}

 [32m✓[39m tests/unit/purchase-funnel-analytics.test.ts [2m([22m[2m6 tests[22m[2m)[22m[32m 46[2mms[22m[39m
 [32m✓[39m tests/unit/native-public-bundle.test.ts [2m([22m[2m1 test[22m[2m)[22m[32m 9[2mms[22m[39m
[90mstdout[2m | tests/unit/test-harness-real-flow.test.ts[2m > [22m[2mfind_the_dog TestHarness real-flow wiring[2m > [22m[2mmarks a lost real-harness state FAILED and continues to the next state
[22m[39m[insituTour] state=pause scene=GameScene

[90mstdout[2m | tests/unit/test-harness-real-flow.test.ts[2m > [22m[2mfind_the_dog TestHarness real-flow wiring[2m > [22m[2mmarks a lost real-harness state FAILED and continues to the next state
[22m[39m[insituTour] state=pause-DONE scene=GameScene
[insituTour] state=done scene=GameScene

[90mstdout[2m | tests/unit/test-harness-real-flow.test.ts[2m > [22m[2mfind_the_dog TestHarness real-flow wiring[2m > [22m[2mpublishes trusted achievement tour markers only after their real predicates pass
[22m[39m[insituTour] state=achievements scene=HomeScene

[90mstdout[2m | tests/unit/test-harness-real-flow.test.ts[2m > [22m[2mfind_the_dog TestHarness real-flow wiring[2m > [22m[2mpublishes trusted achievement tour markers only after their real predicates pass
[22m[39m[insituTour] state=achievements-DONE scene=HomeScene

[90mstdout[2m | tests/unit/test-harness-real-flow.test.ts[2m > [22m[2mfind_the_dog TestHarness real-flow wiring[2m > [22m[2mpublishes trusted achievement tour markers only after their real predicates pass
[22m[39m[insituTour] state=win-achievement scene=GameScene

[90mstdout[2m | tests/unit/test-harness-real-flow.test.ts[2m > [22m[2mfind_the_dog TestHarness real-flow wiring[2m > [22m[2mpublishes trusted achievement tour markers only after their real predicates pass
[22m[39m[insituTour] state=win-achievement-DONE scene=GameScene
[insituTour] state=done scene=GameScene

 [32m✓[39m tests/unit/test-harness-real-flow.test.ts [2m([22m[2m12 tests[22m[2m)[22m[33m 1022[2mms[22m[39m
     [33m[2m✓[22m[39m startLevel drives the mounted home Play button before confirming level [33m 452[2mms[22m[39m
     [33m[2m✓[22m[39m publishes every canonical tour marker in order through the real harness [33m 352[2mms[22m[39m
 [32m✓[39m tests/unit/achievement-unlock-present.test.ts [2m([22m[2m3 tests[22m[2m)[22m[32m 6[2mms[22m[39m
(node:43472) ExperimentalWarning: localStorage is not available because --localstorage-file was not provided.
(Use `node --trace-warnings ...` to show where the warning was created)
[90mstdout[2m | tests/unit/notification-service.test.ts[2m > [22m[2mNotificationService permission prompting[2m > [22m[2mprompts exactly once, on the second app open
[22m[39m[analytics] settings_changed {
  game: [32m'find_the_dog'[39m,
  setting_name: [32m'notificationPermission'[39m,
  new_value: [32m'granted'[39m,
  env: [32m'development'[39m,
  session_id: [32m'f0d6e18b-b946-4128-8b5f-3a15408d6a38'[39m,
  event_ts: [33m1788609570377[39m
}

[90mstdout[2m | tests/unit/notification-service.test.ts[2m > [22m[2mNotificationService permission prompting[2m > [22m[2mhonors a configured permissionPromptLaunch
[22m[39m[analytics] settings_changed {
  game: [32m'find_the_dog'[39m,
  setting_name: [32m'notificationPermission'[39m,
  new_value: [32m'granted'[39m,
  env: [32m'development'[39m,
  session_id: [32m'f0d6e18b-b946-4128-8b5f-3a15408d6a38'[39m,
  event_ts: [33m1788609570377[39m
}

[90mstderr[2m | tests/unit/notification-service.test.ts[2m > [22m[2mNotificationService permission prompting[2m > [22m[2mleaves the one-shot un-consumed when the permission request fails
[22m[39m[notifications] operation failed Error: bridge lost
    at FakeProvider.h.provider.requestPermission [90m(/Users/base/dev/appletolye/fabrikav2/.worktrees/ua-code-audit/games/find_the_dog/[39mtests/unit/notification-service.test.ts:277:57[90m)[39m
    at NotificationService.maybePromptOnLaunch [90m(/Users/base/dev/appletolye/fabrikav2/.worktrees/ua-code-audit/games/find_the_dog/[39msrc/notifications/NotificationService.ts:226:50[90m)[39m
[90m    at processTicksAndRejections (node:internal/process/task_queues:104:5)[39m
    at [90m/Users/base/dev/appletolye/fabrikav2/.worktrees/ua-code-audit/games/find_the_dog/[39mtests/unit/notification-service.test.ts:279:5
    at file:///Users/base/dev/appletolye/fabrikav2/.worktrees/ua-code-audit/node_modules/[4m@vitest/runner[24m/dist/chunk-artifact.js:1903:20

 [32m✓[39m tests/unit/notification-service.test.ts [2m([22m[2m24 tests[22m[2m)[22m[32m 15[2mms[22m[39m
 [32m✓[39m tests/unit/overlay-visibility.test.ts [2m([22m[2m2 tests[22m[2m)[22m[32m 21[2mms[22m[39m
(node:43585) ExperimentalWarning: localStorage is not available because --localstorage-file was not provided.
(Use `node --trace-warnings ...` to show where the warning was created)
 [32m✓[39m tests/unit/remote-config-composition.test.ts [2m([22m[2m11 tests[22m[2m)[22m[32m 13[2mms[22m[39m
 [32m✓[39m tests/unit/canvas-dpr.test.ts [2m([22m[2m2 tests[22m[2m)[22m[32m 6[2mms[22m[39m
(node:43625) ExperimentalWarning: localStorage is not available because --localstorage-file was not provided.
(Use `node --trace-warnings ...` to show where the warning was created)
(node:43631) ExperimentalWarning: localStorage is not available because --localstorage-file was not provided.
(Use `node --trace-warnings ...` to show where the warning was created)
(node:43633) ExperimentalWarning: localStorage is not available because --localstorage-file was not provided.
(Use `node --trace-warnings ...` to show where the warning was created)
 [32m✓[39m tests/unit/achievement-progress.test.ts [2m([22m[2m20 tests[22m[2m)[22m[32m 9[2mms[22m[39m
(node:43632) ExperimentalWarning: localStorage is not available because --localstorage-file was not provided.
(Use `node --trace-warnings ...` to show where the warning was created)
[90mstdout[2m | tests/unit/achievement-analytics.test.ts[2m > [22m[2mdispatchAchievementEvent (correction 1)[2m > [22m[2mroutes each achievement event to its typed sdk.track name
[22m[39m[analytics] achievement_progress {
  game: [32m'find_the_dog'[39m,
  event_id: [32m'ach:0:progress:completions_10'[39m,
  achievement_id: [32m'completions_10'[39m,
  occurrence_id: [32m'occ-d'[39m,
  category: [32m'completion'[39m,
  progress: [33m5[39m,
  threshold: [33m10[39m,
  env: [32m'development'[39m,
  session_id: [32m'7a75231d-4ae0-4a98-9c54-e2fdfc2b1a47'[39m,
  event_ts: [33m1788609570641[39m
}
[analytics] achievement_unlocked {
  game: [32m'find_the_dog'[39m,
  event_id: [32m'ach:1:unlocked:first_completion'[39m,
  achievement_id: [32m'first_completion'[39m,
  occurrence_id: [32m'occ-d'[39m,
  category: [32m'completion'[39m,
  threshold: [33m1[39m,
  env: [32m'development'[39m,
  session_id: [32m'7a75231d-4ae0-4a98-9c54-e2fdfc2b1a47'[39m,
  event_ts: [33m1788609570642[39m
}
[analytics] achievement_unlocked {
  game: [32m'find_the_dog'[39m,
  event_id: [32m'ach:2:unlocked:first_best'[39m,
  achievement_id: [32m'first_best'[39m,
  occurrence_id: [32m'occ-d'[39m,
  category: [32m'progression'[39m,
  threshold: [33m1[39m,
  env: [32m'development'[39m,
  session_id: [32m'7a75231d-4ae0-4a98-9c54-e2fdfc2b1a47'[39m,
  event_ts: [33m1788609570642[39m
}
[analytics] achievement_reward_granted {
  game: [32m'find_the_dog'[39m,
  event_id: [32m'ach:3:reward:first_completion'[39m,
  achievement_id: [32m'first_completion'[39m,
  occurrence_id: [32m'occ-d'[39m,
  category: [32m'completion'[39m,
  reward_coins: [33m25[39m,
  reward_hints: [33m0[39m,
  env: [32m'development'[39m,
  session_id: [32m'7a75231d-4ae0-4a98-9c54-e2fdfc2b1a47'[39m,
  event_ts: [33m1788609570642[39m
}
[analytics] achievement_reward_granted {
  game: [32m'find_the_dog'[39m,
  event_id: [32m'ach:4:reward:first_best'[39m,
  achievement_id: [32m'first_best'[39m,
  occurrence_id: [32m'occ-d'[39m,
  category: [32m'progression'[39m,
  reward_coins: [33m20[39m,
  reward_hints: [33m0[39m,
  env: [32m'development'[39m,
  session_id: [32m'7a75231d-4ae0-4a98-9c54-e2fdfc2b1a47'[39m,
  event_ts: [33m1788609570642[39m
}

[90mstdout[2m | tests/unit/analytics-lifecycle-flush.test.ts[2m > [22m[2manalytics lifecycle flush (session_end loss fix)[2m > [22m[2memits one initial session when init is repeated sequentially or concurrently
[22m[39m[analytics] session_start {
  game: [32m'find_the_dog'[39m,
  first_open: [33mtrue[39m,
  env: [32m'development'[39m,
  session_id: [32m'addaf557-48af-4d18-a0fe-23dd27dcf2be'[39m,
  event_ts: [33m1788609570644[39m
}

[90mstdout[2m | tests/unit/analytics-lifecycle-flush.test.ts[2m > [22m[2manalytics lifecycle flush (session_end loss fix)[2m > [22m[2mmigrates durable Find the Dog game state without classifying an upgrade as first_open
[22m[39m[analytics] session_start {
  game: [32m'find_the_dog'[39m,
  first_open: [33mfalse[39m,
  env: [32m'development'[39m,
  session_id: [32m'addaf557-48af-4d18-a0fe-23dd27dcf2be'[39m,
  event_ts: [33m1788609570647[39m
}

[90mstdout[2m | tests/unit/achievement-analytics.test.ts[2m > [22m[2mdispatchAchievementEvent (correction 1)[2m > [22m[2mroutes the system-scoped reconciliation anomaly
[22m[39m[analytics] achievement_reconciliation_anomaly {
  game: [32m'find_the_dog'[39m,
  event_id: [32m'ach:7:reconciliation:achievement_system'[39m,
  achievement_id: [32m'achievement_system'[39m,
  occurrence_id: [32m'occ-x'[39m,
  category: [32m'system'[39m,
  wallet_component: [32m'coins'[39m,
  env: [32m'development'[39m,
  session_id: [32m'7a75231d-4ae0-4a98-9c54-e2fdfc2b1a47'[39m,
  event_ts: [33m1788609570643[39m
}

[90mstdout[2m | tests/unit/analytics-lifecycle-flush.test.ts[2m > [22m[2manalytics lifecycle flush (session_end loss fix)[2m > [22m[2mbackgrounding tracks app_background, ends the session, and flushes sinks
[22m[39m[analytics] session_start {
  game: [32m'find_the_dog'[39m,
  first_open: [33mtrue[39m,
  env: [32m'development'[39m,
  session_id: [32m'addaf557-48af-4d18-a0fe-23dd27dcf2be'[39m,
  event_ts: [33m1788609570648[39m
}

[90mstdout[2m | tests/unit/analytics-lifecycle-flush.test.ts[2m > [22m[2manalytics lifecycle flush (session_end loss fix)[2m > [22m[2mbackgrounding tracks app_background, ends the session, and flushes sinks
[22m[39m[analytics] app_background {
  game: [32m'find_the_dog'[39m,
  env: [32m'development'[39m,
  session_id: [32m'addaf557-48af-4d18-a0fe-23dd27dcf2be'[39m,
  event_ts: [33m1788609570648[39m
}
[analytics] session_end {
  game: [32m'find_the_dog'[39m,
  env: [32m'development'[39m,
  session_id: [32m'addaf557-48af-4d18-a0fe-23dd27dcf2be'[39m,
  event_ts: [33m1788609570648[39m
}

[90mstdout[2m | tests/unit/achievement-analytics.test.ts[2m > [22m[2mdispatchAchievementEvent (correction 1)[2m > [22m[2mexposes typed discovery and page-view methods for the dependent UI card
[22m[39m[analytics] achievement_viewed {
  game: [32m'find_the_dog'[39m,
  event_id: [32m'ach:20:viewed:first_completion'[39m,
  achievement_id: [32m'first_completion'[39m,
  occurrence_id: [32m'view:first_completion'[39m,
  category: [32m'completion'[39m,
  env: [32m'development'[39m,
  session_id: [32m'7a75231d-4ae0-4a98-9c54-e2fdfc2b1a47'[39m,
  event_ts: [33m1788609570648[39m
}
[analytics] achievement_page_viewed {
  game: [32m'find_the_dog'[39m,
  event_id: [32m'ach:21:page:achievement_system'[39m,
  env: [32m'development'[39m,
  session_id: [32m'7a75231d-4ae0-4a98-9c54-e2fdfc2b1a47'[39m,
  event_ts: [33m1788609570649[39m
}

[90mstdout[2m | tests/unit/achievement-analytics.test.ts[2m > [22m[2mdispatchAchievementEvent (correction 1)[2m > [22m[2mdispatches allocated view events without payload adaptation
[22m[39m[analytics] achievement_viewed {
  game: [32m'find_the_dog'[39m,
  event_id: [32m'ach:30:viewed:first_completion'[39m,
  achievement_id: [32m'first_completion'[39m,
  occurrence_id: [32m'ach:30:viewed:first_completion'[39m,
  category: [32m'completion'[39m,
  env: [32m'development'[39m,
  session_id: [32m'7a75231d-4ae0-4a98-9c54-e2fdfc2b1a47'[39m,
  event_ts: [33m1788609570650[39m
}
[analytics] achievement_page_viewed {
  game: [32m'find_the_dog'[39m,
  event_id: [32m'ach:31:page:achievement_system'[39m,
  env: [32m'development'[39m,
  session_id: [32m'7a75231d-4ae0-4a98-9c54-e2fdfc2b1a47'[39m,
  event_ts: [33m1788609570650[39m
}

[90mstdout[2m | tests/unit/analytics-lifecycle-flush.test.ts[2m > [22m[2manalytics lifecycle flush (session_end loss fix)[2m > [22m[2morders first session, queued suspend flush, and app_open across the bootstrap chain
[22m[39m[attribution:disabled] Adjust disabled on web platform

[90mstdout[2m | tests/unit/analytics-lifecycle-flush.test.ts[2m > [22m[2manalytics lifecycle flush (session_end loss fix)[2m > [22m[2morders session_start(first_open), app_open, then lifecycle flush on a normal boot
[22m[39m[analytics] session_end {
  game: [32m'find_the_dog'[39m,
  env: [32m'development'[39m,
  session_id: [32m'addaf557-48af-4d18-a0fe-23dd27dcf2be'[39m,
  event_ts: [33m1788609570653[39m
}

[90mstdout[2m | tests/unit/analytics-lifecycle-flush.test.ts[2m > [22m[2manalytics lifecycle flush (session_end loss fix)[2m > [22m[2mforegrounding tracks app_foreground and starts a new session segment
[22m[39m[analytics] session_start {
  game: [32m'find_the_dog'[39m,
  first_open: [33mtrue[39m,
  env: [32m'development'[39m,
  session_id: [32m'addaf557-48af-4d18-a0fe-23dd27dcf2be'[39m,
  event_ts: [33m1788609570653[39m
}

[90mstdout[2m | tests/unit/analytics-lifecycle-flush.test.ts[2m > [22m[2manalytics lifecycle flush (session_end loss fix)[2m > [22m[2mforegrounding tracks app_foreground and starts a new session segment
[22m[39m[analytics] app_background {
  game: [32m'find_the_dog'[39m,
  env: [32m'development'[39m,
  session_id: [32m'addaf557-48af-4d18-a0fe-23dd27dcf2be'[39m,
  event_ts: [33m1788609570653[39m
}
[analytics] session_end {
  game: [32m'find_the_dog'[39m,
  env: [32m'development'[39m,
  session_id: [32m'addaf557-48af-4d18-a0fe-23dd27dcf2be'[39m,
  event_ts: [33m1788609570653[39m
}
[analytics] app_foreground {
  game: [32m'find_the_dog'[39m,
  env: [32m'development'[39m,
  session_id: [32m'addaf557-48af-4d18-a0fe-23dd27dcf2be'[39m,
  event_ts: [33m1788609570653[39m
}
[analytics] session_start {
  game: [32m'find_the_dog'[39m,
  first_open: [33mfalse[39m,
  env: [32m'development'[39m,
  session_id: [32m'addaf557-48af-4d18-a0fe-23dd27dcf2be'[39m,
  event_ts: [33m1788609570653[39m
}

 [32m✓[39m tests/unit/analytics-lifecycle-flush.test.ts [2m([22m[2m9 tests[22m[2m)[22m[32m 16[2mms[22m[39m
 [32m✓[39m tests/unit/achievement-analytics.test.ts [2m([22m[2m19 tests[22m[2m)[22m[32m 19[2mms[22m[39m
 [32m✓[39m tests/unit/connectivity-indicator.test.ts [2m([22m[2m2 tests[22m[2m)[22m[32m 14[2mms[22m[39m
[90mstdout[2m | tests/unit/ad-show-failed.test.ts[2m > [22m[2mad_show_failed owned event[2m > [22m[2mAnalyticsService.adShowFailed emits with ad_type/placement/reason
[22m[39m[analytics] ad_show_failed {
  game: [32m'find_the_dog'[39m,
  ad_type: [32m'banner'[39m,
  placement: [32m'gameplay'[39m,
  reason: [32m'not_shown'[39m,
  env: [32m'development'[39m,
  session_id: [32m'0fafc650-c1ab-4599-8388-2ee711c256ec'[39m,
  event_ts: [33m1788609570670[39m
}

[90mstdout[2m | tests/unit/ad-show-failed.test.ts[2m > [22m[2mpersistent banner semantics (AppLovinMaxProvider)[2m > [22m[2ma second showBanner while visible returns true without a native re-show
[22m[39m[ads:applovin] initializing AppLovin MAX { sdkKey: [32m'<redacted>'[39m, verboseLogging: [33mfalse[39m }

[90mstdout[2m | tests/unit/ad-show-failed.test.ts[2m > [22m[2mpersistent banner semantics (AppLovinMaxProvider)[2m > [22m[2ma second showBanner while visible returns true without a native re-show
[22m[39m[ads:applovin] AppLovin MAX initialized 

[90mstdout[2m | tests/unit/ad-show-failed.test.ts[2m > [22m[2mpersistent banner semantics (AppLovinMaxProvider)[2m > [22m[2ma no-fill show returns false and a later retry is allowed
[22m[39m[ads:applovin] initializing AppLovin MAX { sdkKey: [32m'<redacted>'[39m, verboseLogging: [33mfalse[39m }

[90mstdout[2m | tests/unit/ad-show-failed.test.ts[2m > [22m[2mpersistent banner semantics (AppLovinMaxProvider)[2m > [22m[2ma no-fill show returns false and a later retry is allowed
[22m[39m[ads:applovin] AppLovin MAX initialized 

 [32m✓[39m tests/unit/ad-show-failed.test.ts [2m([22m[2m4 tests[22m[2m)[22m[32m 8[2mms[22m[39m
 [32m✓[39m tests/unit/ga-falsy-custom-fields.test.ts [2m([22m[2m3 tests[22m[2m)[22m[32m 4[2mms[22m[39m
 [32m✓[39m tests/unit/drive-to.test.ts [2m([22m[2m21 tests[22m[2m)[22m[32m 15[2mms[22m[39m
 [32m✓[39m tests/unit/firebase-app.test.ts [2m([22m[2m3 tests[22m[2m)[22m[32m 6[2mms[22m[39m
 [32m✓[39m tests/unit/achievement-runtime-wiring.test.ts [2m([22m[2m3 tests[22m[2m)[22m[32m 4[2mms[22m[39m
 [32m✓[39m tests/unit/include-plugins.test.ts [2m([22m[2m8 tests[22m[2m)[22m[32m 8[2mms[22m[39m
 [32m✓[39m tests/unit/gameanalytics-persistence.test.ts [2m([22m[2m1 test[22m[2m)[22m[32m 4[2mms[22m[39m
 [32m✓[39m tests/unit/gameanalytics-config.test.ts [2m([22m[2m7 tests[22m[2m | [22m[33m2 skipped[39m[2m)[22m[32m 4[2mms[22m[39m
 [32m✓[39m tests/unit/admob-config.test.ts [2m([22m[2m8 tests[22m[2m)[22m[32m 3[2mms[22m[39m
 [32m✓[39m tests/unit/level-prewarm.test.ts [2m([22m[2m2 tests[22m[2m)[22m[32m 2[2mms[22m[39m
 [32m✓[39m tests/unit/runtime-texture-policy.test.ts [2m([22m[2m7 tests[22m[2m)[22m[32m 2[2mms[22m[39m
 [32m✓[39m tests/unit/smoke.test.ts [2m([22m[2m1 test[22m[2m)[22m[32m 2[2mms[22m[39m
 [32m✓[39m tests/unit/gameplay-mode-policy.test.ts [2m([22m[2m3 tests[22m[2m)[22m[32m 2[2mms[22m[39m

[2m Test Files [22m [1m[32m43 passed[39m[22m[90m (43)[39m
[2m      Tests [22m [1m[32m326 passed[39m[22m[2m | [22m[33m2 skipped[39m[90m (328)[39m
[2m   Start at [22m 14:59:28
[2m   Duration [22m 2.35s[2m (transform 2.25s, setup 0ms, import 2.60s, tests 3.49s, environment 9.00s)[22m

