
> @fabrikav2/find_the_bird@1.2.0 test:unit
> vitest run tests/unit/gameanalytics-sink.test.ts


 RUN  v4.1.9 /Users/base/dev/appletolye/fabrikav2/.worktrees/ua-code-audit/games/find_the_bird

 ❯ tests/unit/gameanalytics-sink.test.ts (21 tests | 1 failed) 1211ms
     × stamps queued and subsequent GA events from native archive identity without replacing source provenance 1053ms

⎯⎯⎯⎯⎯⎯⎯ Failed Tests 1 ⎯⎯⎯⎯⎯⎯⎯

 FAIL  tests/unit/gameanalytics-sink.test.ts > GameAnalytics AnalyticsSink > stamps queued and subsequent GA events from native archive identity without replacing source provenance
AssertionError: expected "vi.fn()" to be called 1 times, but got 0 times
 ❯ tests/unit/gameanalytics-sink.test.ts:23:48
     21|     const params = { app_version: '1.2.0', build: '1.2.0+abc123-dirty'…
     22|     sink.emit(event('session_start', params));
     23|     await vi.waitFor(() => expect(App.getInfo).toHaveBeenCalledTimes(1…
       |                                                ^
     24|     expect(sdk.GameAnalytics.initialize).not.toHaveBeenCalled();
     25|     resolveInfo({ name: 'Find', id: 'com.example.find', version: '1.2.…

⎯⎯⎯⎯⎯⎯⎯⎯⎯⎯⎯⎯⎯⎯⎯⎯⎯⎯⎯⎯⎯⎯⎯⎯[1/1]⎯


 Test Files  1 failed (1)
      Tests  1 failed | 20 passed (21)
   Start at  14:45:06
   Duration  1.76s (transform 61ms, setup 0ms, import 76ms, tests 1.21s, environment 356ms)

npm error Lifecycle script `test:unit` failed with error:
npm error code 1
npm error path /Users/base/dev/appletolye/fabrikav2/.worktrees/ua-code-audit/games/find_the_bird
npm error workspace @fabrikav2/find_the_bird@1.2.0
npm error location /Users/base/dev/appletolye/fabrikav2/.worktrees/ua-code-audit/games/find_the_bird
npm error command failed
npm error command sh -c vitest run tests/unit/gameanalytics-sink.test.ts
